/usr/local/envs/opera/lib/python3.10/site-packages/mmcv/__init__.py:20: UserWarning: On January 1, 2023, MMCV will release v2.0.0, in which it will remove components related to the training process and add a data transformation module. In addition, it will rename the package names mmcv to mmcv-lite and mmcv-full to mmcv. See https://github.com/open-mmlab/mmcv/blob/master/docs/en/compatibility.md for more details.
  warnings.warn(
/root/Person-in-WiFi-3D/third_party/mmdet/mmdet/utils/setup_env.py:38: UserWarning: Setting OMP_NUM_THREADS environment variable for each process to be 1 in default, to avoid your system being overloaded, please further tune the variable for optimal performance in your application as needed.
  warnings.warn(
/root/Person-in-WiFi-3D/third_party/mmdet/mmdet/utils/setup_env.py:48: UserWarning: Setting MKL_NUM_THREADS environment variable for each process to be 1 in default, to avoid your system being overloaded, please further tune the variable for optimal performance in your application as needed.
  warnings.warn(
2026-06-03 13:52:31,052 - mmdet - INFO - Environment info:
------------------------------------------------------------
sys.platform: linux
Python: 3.10.19 | packaged by conda-forge | (main, Oct 22 2025, 22:29:10) [GCC 14.3.0]
CUDA available: True
GPU 0: NVIDIA RTX 6000 Ada Generation
CUDA_HOME: /usr/local/envs/opera
NVCC: Cuda compilation tools, release 11.7, V11.7.99
GCC: gcc (Ubuntu 9.4.0-1ubuntu1~20.04.2) 9.4.0
PyTorch: 2.1.0+cu121
PyTorch compiling details: PyTorch built with:
  - GCC 9.3
  - C++ Version: 201703
  - Intel(R) oneAPI Math Kernel Library Version 2022.2-Product Build 20220804 for Intel(R) 64 architecture applications
  - Intel(R) MKL-DNN v3.1.1 (Git Hash 64f6bcbcbab628e96f33a62c3e975f8535a7bde4)
  - OpenMP 201511 (a.k.a. OpenMP 4.5)
  - LAPACK is enabled (usually provided by MKL)
  - NNPACK is enabled
  - CPU capability usage: AVX512
  - CUDA Runtime 12.1
  - NVCC architecture flags: -gencode;arch=compute_50,code=sm_50;-gencode;arch=compute_60,code=sm_60;-gencode;arch=compute_70,code=sm_70;-gencode;arch=compute_75,code=sm_75;-gencode;arch=compute_80,code=sm_80;-gencode;arch=compute_86,code=sm_86;-gencode;arch=compute_90,code=sm_90
  - CuDNN 8.9.2
  - Magma 2.6.1
  - Build settings: BLAS_INFO=mkl, BUILD_TYPE=Release, CUDA_VERSION=12.1, CUDNN_VERSION=8.9.2, CXX_COMPILER=/opt/rh/devtoolset-9/root/usr/bin/c++, CXX_FLAGS= -D_GLIBCXX_USE_CXX11_ABI=0 -fabi-version=11 -fvisibility-inlines-hidden -DUSE_PTHREADPOOL -DNDEBUG -DUSE_KINETO -DLIBKINETO_NOROCTRACER -DUSE_FBGEMM -DUSE_QNNPACK -DUSE_PYTORCH_QNNPACK -DUSE_XNNPACK -DSYMBOLICATE_MOBILE_DEBUG_HANDLE -O2 -fPIC -Wall -Wextra -Werror=return-type -Werror=non-virtual-dtor -Werror=bool-operation -Wnarrowing -Wno-missing-field-initializers -Wno-type-limits -Wno-array-bounds -Wno-unknown-pragmas -Wno-unused-parameter -Wno-unused-function -Wno-unused-result -Wno-strict-overflow -Wno-strict-aliasing -Wno-stringop-overflow -Wno-psabi -Wno-error=pedantic -Wno-error=old-style-cast -Wno-invalid-partial-specialization -Wno-unused-private-field -Wno-aligned-allocation-unavailable -Wno-missing-braces -fdiagnostics-color=always -faligned-new -Wno-unused-but-set-variable -Wno-maybe-uninitialized -fno-math-errno -fno-trapping-math -Werror=format -Werror=cast-function-type -Wno-stringop-overflow, LAPACK_INFO=mkl, PERF_WITH_AVX=1, PERF_WITH_AVX2=1, PERF_WITH_AVX512=1, TORCH_DISABLE_GPU_ASSERTS=ON, TORCH_VERSION=2.1.0, USE_CUDA=ON, USE_CUDNN=ON, USE_EXCEPTION_PTR=1, USE_GFLAGS=OFF, USE_GLOG=OFF, USE_MKL=ON, USE_MKLDNN=ON, USE_MPI=OFF, USE_NCCL=1, USE_NNPACK=ON, USE_OPENMP=ON, USE_ROCM=OFF, 

TorchVision: 0.16.0+cu121
OpenCV: 4.9.0
MMCV: 1.7.2
MMCV Compiler: GCC 9.3
MMCV CUDA Compiler: 11.8
MMDetection: 2.25.0+7e2ae22
------------------------------------------------------------

2026-06-03 13:52:31,824 - mmdet - INFO - Distributed training: False
2026-06-03 13:52:32,525 - mmdet - INFO - Config:
dataset_type = 'opera.WifiPoseDataset'
data_root = 'data/wifipose'
meta_keys = []
train_pipeline = [
    dict(
        type='opera.DefaultFormatBundle',
        extra_keys=['gt_keypoints', 'gt_labels']),
    dict(
        type='mmdet.Collect',
        keys=['img', 'gt_bboxes', 'gt_labels', 'gt_keypoints', 'gt_areas'],
        meta_keys=[])
]
test_pipeline = [
    dict(
        type='mmdet.MultiScaleFlipAug',
        scale_factor=1.0,
        flip=False,
        transforms=[
            dict(
                type='opera.DefaultFormatBundle',
                extra_keys=['gt_keypoints', 'gt_labels']),
            dict(type='mmdet.Collect', keys=['img'], meta_keys=[])
        ])
]
data = dict(
    samples_per_gpu=32,
    workers_per_gpu=2,
    train=dict(
        type='opera.WifiPoseDataset',
        dataset_root='data/wifipose/train_data',
        pipeline=[
            dict(
                type='opera.DefaultFormatBundle',
                extra_keys=['gt_keypoints', 'gt_labels']),
            dict(
                type='mmdet.Collect',
                keys=[
                    'img', 'gt_bboxes', 'gt_labels', 'gt_keypoints', 'gt_areas'
                ],
                meta_keys=[])
        ],
        mode='train'),
    val=dict(
        type='opera.WifiPoseDataset',
        dataset_root='data/wifipose/test_data',
        pipeline=[
            dict(
                type='mmdet.MultiScaleFlipAug',
                scale_factor=1.0,
                flip=False,
                transforms=[
                    dict(
                        type='opera.DefaultFormatBundle',
                        extra_keys=['gt_keypoints', 'gt_labels']),
                    dict(type='mmdet.Collect', keys=['img'], meta_keys=[])
                ])
        ],
        mode='test'),
    test=dict(
        type='opera.WifiPoseDataset',
        dataset_root='data/wifipose/test_data',
        pipeline=[
            dict(
                type='mmdet.MultiScaleFlipAug',
                scale_factor=1.0,
                flip=False,
                transforms=[
                    dict(
                        type='opera.DefaultFormatBundle',
                        extra_keys=['gt_keypoints', 'gt_labels']),
                    dict(type='mmdet.Collect', keys=['img'], meta_keys=[])
                ])
        ],
        mode='test'))
evaluation = dict(interval=5, metric='mpjpe')
checkpoint_config = dict(interval=5, max_keep_ckpts=20)
log_config = dict(interval=50, hooks=[dict(type='TextLoggerHook')])
custom_hooks = [
    dict(type='NumClassCheckHook'),
    dict(
        type='BoneLossWarmupHook',
        target_weight=1.0,
        warmup_ratio=0.1,
        ramp_ratio=0.1)
]
dist_params = dict(backend='nccl')
log_level = 'INFO'
load_from = None
resume_from = None
workflow = [('train', 1)]
opencv_num_threads = 0
mp_start_method = 'fork'
auto_scale_lr = dict(enable=False, base_batch_size=16)
model = dict(
    type='opera.PETR',
    backbone=dict(
        type='WifiInputAdapter',
        in_channels=60,
        embed_dims=256,
        mode='spectral'),
    neck=None,
    bbox_head=dict(
        type='opera.WiTiDARHead',
        num_query=100,
        num_classes=1,
        in_channels=256,
        sync_cls_avg_factor=True,
        with_kpt_refine=True,
        as_two_stage=True,
        num_keypoints=14,
        transformer=dict(
            type='opera.PETRTransformer',
            num_keypoints=14,
            encoder=dict(
                type='mmcv.DetrTransformerEncoder',
                num_layers=6,
                transformerlayers=dict(
                    type='mmcv.BaseTransformerLayer',
                    attn_cfgs=dict(
                        type='mmcv.MultiheadAttention',
                        embed_dims=256,
                        num_heads=8,
                        dropout=0.1),
                    feedforward_channels=1024,
                    ffn_dropout=0.1,
                    operation_order=('self_attn', 'norm', 'ffn', 'norm'))),
            decoder=dict(
                type='opera.PetrTransformerDecoder',
                num_layers=3,
                num_keypoints=14,
                return_intermediate=True,
                transformerlayers=dict(
                    type='mmcv.DetrTransformerDecoderLayer',
                    attn_cfgs=[
                        dict(
                            type='mmcv.MultiheadAttention',
                            embed_dims=256,
                            num_heads=8,
                            dropout=0.1),
                        dict(
                            type='mmcv.MultiheadAttention',
                            embed_dims=256,
                            num_heads=8,
                            dropout=0.1)
                    ],
                    feedforward_channels=1024,
                    ffn_dropout=0.1,
                    operation_order=('self_attn', 'norm', 'cross_attn', 'norm',
                                     'ffn', 'norm'))),
            refine_decoder=dict(
                type='opera.PetrRefineTransformerDecoder',
                num_layers=2,
                return_intermediate=True,
                transformerlayers=dict(
                    type='mmcv.DetrTransformerDecoderLayer',
                    attn_cfgs=[
                        dict(
                            type='mmcv.MultiheadAttention',
                            embed_dims=256,
                            num_heads=8,
                            dropout=0.1),
                        dict(
                            type='mmcv.MultiheadAttention',
                            embed_dims=256,
                            num_heads=8,
                            dropout=0.1)
                    ],
                    feedforward_channels=1024,
                    ffn_dropout=0.1,
                    operation_order=('self_attn', 'norm', 'cross_attn', 'norm',
                                     'ffn', 'norm')))),
        positional_encoding=dict(
            type='mmcv.SinePositionalEncoding',
            num_feats=128,
            normalize=True,
            offset=-0.5),
        loss_cls=dict(
            type='mmdet.FocalLoss',
            use_sigmoid=True,
            gamma=2.0,
            alpha=0.25,
            loss_weight=2.0),
        loss_kpt=dict(type='mmdet.L1Loss', loss_weight=5.0),
        loss_bone=dict(type='BoneLengthLoss', loss_weight=2.0),
        loss_kpt_rpn=dict(type='mmdet.MSELoss', loss_weight=35.0),
        loss_oks=dict(type='opera.OKSLoss', loss_weight=2.0),
        loss_hm=dict(type='opera.CenterFocalLoss', loss_weight=4.0),
        loss_kpt_refine=dict(type='mmdet.MSELoss', loss_weight=35.0),
        loss_oks_refine=dict(type='opera.OKSLoss', loss_weight=3.0),
        embed_dims=256,
        mamba_cfg=dict(
            type='WiMamba1FlatEncoder',
            embed_dims=256,
            num_layers=4,
            d_state=16,
            d_conv=4,
            expand=2,
            dropout=0.1),
        loss_flow_weight=10.0,
        train_cfg=dict(
            assigner=dict(
                type='opera.PoseHungarianAssigner',
                cls_cost=dict(type='mmdet.FocalLossCost', weight=2.0),
                kpt_cost=dict(type='opera.KptL1Cost', weight=5.0),
                oks_cost=dict(type='opera.OksCost', weight=0.0))),
        test_cfg=dict(max_per_img=100)),
    train_cfg=dict(
        assigner=dict(
            type='opera.PoseHungarianAssigner',
            cls_cost=dict(type='mmdet.FocalLossCost', weight=4.0),
            kpt_cost=dict(type='opera.KptMSECost', weight=35.0),
            oks_cost=dict(type='opera.OksCost', weight=7.0))),
    test_cfg=dict(max_per_img=100))
optimizer = dict(
    type='AdamW',
    betas=(0.9, 0.999),
    lr=2e-05,
    weight_decay=0.0001,
    paramwise_cfg=dict(
        custom_keys=dict(
            backbone=dict(lr_mult=0.1),
            sampling_offsets=dict(lr_mult=0.1),
            reference_points=dict(lr_mult=0.1))))
optimizer_config = dict(grad_clip=dict(max_norm=0.1, norm_type=2))
lr_config = dict(policy='step', step=[450])
runner = dict(type='EpochBasedRunner', max_epochs=1)
find_unused_parameters = True
work_dir = 'work_dirs/wimamba_backbone_ablation_witidar_v2/M1FLAT'
auto_resume = False
gpu_ids = [0]

2026-06-03 13:52:32,525 - mmdet - INFO - Set random seed to 42, deterministic: True
2026-06-03 13:52:32,602 - mmcv - INFO - 
backbone.head.weight - torch.Size([256, 60]): 
The value is the same before and after calling `init_weights` of PETR  
 
2026-06-03 13:52:32,602 - mmcv - INFO - 
backbone.head.bias - torch.Size([256]): 
The value is the same before and after calling `init_weights` of PETR  
 
2026-06-03 13:52:32,602 - mmcv - INFO - 
backbone.time_conv.weight - torch.Size([256, 1, 5]): 
The value is the same before and after calling `init_weights` of PETR  
 
2026-06-03 13:52:32,602 - mmcv - INFO - 
backbone.time_conv.bias - torch.Size([256]): 
The value is the same before and after calling `init_weights` of PETR  
 
2026-06-03 13:52:32,602 - mmcv - INFO - 
backbone.freq_gate.0.weight - torch.Size([22, 11]): 
The value is the same before and after calling `init_weights` of PETR  
 
2026-06-03 13:52:32,602 - mmcv - INFO - 
backbone.freq_gate.0.bias - torch.Size([22]): 
The value is the same before and after calling `init_weights` of PETR  
 
2026-06-03 13:52:32,602 - mmcv - INFO - 
backbone.freq_gate.2.weight - torch.Size([20, 22]): 
The value is the same before and after calling `init_weights` of PETR  
 
2026-06-03 13:52:32,602 - mmcv - INFO - 
backbone.freq_gate.2.bias - torch.Size([20]): 
The value is the same before and after calling `init_weights` of PETR  
 
2026-06-03 13:52:32,602 - mmcv - INFO - 
backbone.channel_proj.weight - torch.Size([256, 256]): 
The value is the same before and after calling `init_weights` of PETR  
 
2026-06-03 13:52:32,603 - mmcv - INFO - 
backbone.channel_proj.bias - torch.Size([256]): 
The value is the same before and after calling `init_weights` of PETR  
 
2026-06-03 13:52:32,603 - mmcv - INFO - 
backbone.norm.weight - torch.Size([256]): 
The value is the same before and after calling `init_weights` of PETR  
 
2026-06-03 13:52:32,603 - mmcv - INFO - 
backbone.norm.bias - torch.Size([256]): 
The value is the same before and after calling `init_weights` of PETR  
 
2026-06-03 13:52:32,603 - mmcv - INFO - 
bbox_head.encoder.layers.0.norm.weight - torch.Size([256]): 
The value is the same before and after calling `init_weights` of PETR  
 
2026-06-03 13:52:32,603 - mmcv - INFO - 
bbox_head.encoder.layers.0.norm.bias - torch.Size([256]): 
The value is the same before and after calling `init_weights` of PETR  
 
2026-06-03 13:52:32,603 - mmcv - INFO - 
bbox_head.encoder.layers.0.mamba.A_log - torch.Size([512, 16]): 
The value is the same before and after calling `init_weights` of PETR  
 
2026-06-03 13:52:32,603 - mmcv - INFO - 
bbox_head.encoder.layers.0.mamba.D - torch.Size([512]): 
The value is the same before and after calling `init_weights` of PETR  
 
2026-06-03 13:52:32,603 - mmcv - INFO - 
bbox_head.encoder.layers.0.mamba.in_proj.weight - torch.Size([1024, 256]): 
The value is the same before and after calling `init_weights` of PETR  
 
2026-06-03 13:52:32,603 - mmcv - INFO - 
bbox_head.encoder.layers.0.mamba.conv1d.weight - torch.Size([512, 1, 4]): 
The value is the same before and after calling `init_weights` of PETR  
 
2026-06-03 13:52:32,603 - mmcv - INFO - 
bbox_head.encoder.layers.0.mamba.conv1d.bias - torch.Size([512]): 
The value is the same before and after calling `init_weights` of PETR  
 
2026-06-03 13:52:32,603 - mmcv - INFO - 
bbox_head.encoder.layers.0.mamba.x_proj.weight - torch.Size([48, 512]): 
The value is the same before and after calling `init_weights` of PETR  
 
2026-06-03 13:52:32,603 - mmcv - INFO - 
bbox_head.encoder.layers.0.mamba.dt_proj.weight - torch.Size([512, 16]): 
The value is the same before and after calling `init_weights` of PETR  
 
2026-06-03 13:52:32,603 - mmcv - INFO - 
bbox_head.encoder.layers.0.mamba.dt_proj.bias - torch.Size([512]): 
The value is the same before and after calling `init_weights` of PETR  
 
2026-06-03 13:52:32,603 - mmcv - INFO - 
bbox_head.encoder.layers.0.mamba.out_proj.weight - torch.Size([256, 512]): 
The value is the same before and after calling `init_weights` of PETR  
 
2026-06-03 13:52:32,603 - mmcv - INFO - 
bbox_head.encoder.layers.1.norm.weight - torch.Size([256]): 
The value is the same before and after calling `init_weights` of PETR  
 
2026-06-03 13:52:32,603 - mmcv - INFO - 
bbox_head.encoder.layers.1.norm.bias - torch.Size([256]): 
The value is the same before and after calling `init_weights` of PETR  
 
2026-06-03 13:52:32,603 - mmcv - INFO - 
bbox_head.encoder.layers.1.mamba.A_log - torch.Size([512, 16]): 
The value is the same before and after calling `init_weights` of PETR  
 
2026-06-03 13:52:32,603 - mmcv - INFO - 
bbox_head.encoder.layers.1.mamba.D - torch.Size([512]): 
The value is the same before and after calling `init_weights` of PETR  
 
2026-06-03 13:52:32,603 - mmcv - INFO - 
bbox_head.encoder.layers.1.mamba.in_proj.weight - torch.Size([1024, 256]): 
The value is the same before and after calling `init_weights` of PETR  
 
2026-06-03 13:52:32,603 - mmcv - INFO - 
bbox_head.encoder.layers.1.mamba.conv1d.weight - torch.Size([512, 1, 4]): 
The value is the same before and after calling `init_weights` of PETR  
 
2026-06-03 13:52:32,603 - mmcv - INFO - 
bbox_head.encoder.layers.1.mamba.conv1d.bias - torch.Size([512]): 
The value is the same before and after calling `init_weights` of PETR  
 
2026-06-03 13:52:32,603 - mmcv - INFO - 
bbox_head.encoder.layers.1.mamba.x_proj.weight - torch.Size([48, 512]): 
The value is the same before and after calling `init_weights` of PETR  
 
2026-06-03 13:52:32,603 - mmcv - INFO - 
bbox_head.encoder.layers.1.mamba.dt_proj.weight - torch.Size([512, 16]): 
The value is the same before and after calling `init_weights` of PETR  
 
2026-06-03 13:52:32,604 - mmcv - INFO - 
bbox_head.encoder.layers.1.mamba.dt_proj.bias - torch.Size([512]): 
The value is the same before and after calling `init_weights` of PETR  
 
2026-06-03 13:52:32,604 - mmcv - INFO - 
bbox_head.encoder.layers.1.mamba.out_proj.weight - torch.Size([256, 512]): 
The value is the same before and after calling `init_weights` of PETR  
 
2026-06-03 13:52:32,604 - mmcv - INFO - 
bbox_head.encoder.layers.2.norm.weight - torch.Size([256]): 
The value is the same before and after calling `init_weights` of PETR  
 
2026-06-03 13:52:32,604 - mmcv - INFO - 
bbox_head.encoder.layers.2.norm.bias - torch.Size([256]): 
The value is the same before and after calling `init_weights` of PETR  
 
2026-06-03 13:52:32,604 - mmcv - INFO - 
bbox_head.encoder.layers.2.mamba.A_log - torch.Size([512, 16]): 
The value is the same before and after calling `init_weights` of PETR  
 
2026-06-03 13:52:32,604 - mmcv - INFO - 
bbox_head.encoder.layers.2.mamba.D - torch.Size([512]): 
The value is the same before and after calling `init_weights` of PETR  
 
2026-06-03 13:52:32,604 - mmcv - INFO - 
bbox_head.encoder.layers.2.mamba.in_proj.weight - torch.Size([1024, 256]): 
The value is the same before and after calling `init_weights` of PETR  
 
2026-06-03 13:52:32,604 - mmcv - INFO - 
bbox_head.encoder.layers.2.mamba.conv1d.weight - torch.Size([512, 1, 4]): 
The value is the same before and after calling `init_weights` of PETR  
 
2026-06-03 13:52:32,604 - mmcv - INFO - 
bbox_head.encoder.layers.2.mamba.conv1d.bias - torch.Size([512]): 
The value is the same before and after calling `init_weights` of PETR  
 
2026-06-03 13:52:32,604 - mmcv - INFO - 
bbox_head.encoder.layers.2.mamba.x_proj.weight - torch.Size([48, 512]): 
The value is the same before and after calling `init_weights` of PETR  
 
2026-06-03 13:52:32,604 - mmcv - INFO - 
bbox_head.encoder.layers.2.mamba.dt_proj.weight - torch.Size([512, 16]): 
The value is the same before and after calling `init_weights` of PETR  
 
2026-06-03 13:52:32,604 - mmcv - INFO - 
bbox_head.encoder.layers.2.mamba.dt_proj.bias - torch.Size([512]): 
The value is the same before and after calling `init_weights` of PETR  
 
2026-06-03 13:52:32,604 - mmcv - INFO - 
bbox_head.encoder.layers.2.mamba.out_proj.weight - torch.Size([256, 512]): 
The value is the same before and after calling `init_weights` of PETR  
 
2026-06-03 13:52:32,604 - mmcv - INFO - 
bbox_head.encoder.layers.3.norm.weight - torch.Size([256]): 
The value is the same before and after calling `init_weights` of PETR  
 
2026-06-03 13:52:32,604 - mmcv - INFO - 
bbox_head.encoder.layers.3.norm.bias - torch.Size([256]): 
The value is the same before and after calling `init_weights` of PETR  
 
2026-06-03 13:52:32,604 - mmcv - INFO - 
bbox_head.encoder.layers.3.mamba.A_log - torch.Size([512, 16]): 
The value is the same before and after calling `init_weights` of PETR  
 
2026-06-03 13:52:32,604 - mmcv - INFO - 
bbox_head.encoder.layers.3.mamba.D - torch.Size([512]): 
The value is the same before and after calling `init_weights` of PETR  
 
2026-06-03 13:52:32,604 - mmcv - INFO - 
bbox_head.encoder.layers.3.mamba.in_proj.weight - torch.Size([1024, 256]): 
The value is the same before and after calling `init_weights` of PETR  
 
2026-06-03 13:52:32,604 - mmcv - INFO - 
bbox_head.encoder.layers.3.mamba.conv1d.weight - torch.Size([512, 1, 4]): 
The value is the same before and after calling `init_weights` of PETR  
 
2026-06-03 13:52:32,604 - mmcv - INFO - 
bbox_head.encoder.layers.3.mamba.conv1d.bias - torch.Size([512]): 
The value is the same before and after calling `init_weights` of PETR  
 
2026-06-03 13:52:32,604 - mmcv - INFO - 
bbox_head.encoder.layers.3.mamba.x_proj.weight - torch.Size([48, 512]): 
The value is the same before and after calling `init_weights` of PETR  
 
2026-06-03 13:52:32,604 - mmcv - INFO - 
bbox_head.encoder.layers.3.mamba.dt_proj.weight - torch.Size([512, 16]): 
The value is the same before and after calling `init_weights` of PETR  
 
2026-06-03 13:52:32,604 - mmcv - INFO - 
bbox_head.encoder.layers.3.mamba.dt_proj.bias - torch.Size([512]): 
The value is the same before and after calling `init_weights` of PETR  
 
2026-06-03 13:52:32,605 - mmcv - INFO - 
bbox_head.encoder.layers.3.mamba.out_proj.weight - torch.Size([256, 512]): 
The value is the same before and after calling `init_weights` of PETR  
 
2026-06-03 13:52:32,605 - mmcv - INFO - 
bbox_head.encoder.final_norm.weight - torch.Size([256]): 
The value is the same before and after calling `init_weights` of PETR  
 
2026-06-03 13:52:32,605 - mmcv - INFO - 
bbox_head.encoder.final_norm.bias - torch.Size([256]): 
The value is the same before and after calling `init_weights` of PETR  
 
2026-06-03 13:52:32,605 - mmcv - INFO - 
bbox_head.decoder_attn.in_proj_weight - torch.Size([768, 256]): 
The value is the same before and after calling `init_weights` of PETR  
 
2026-06-03 13:52:32,605 - mmcv - INFO - 
bbox_head.decoder_attn.in_proj_bias - torch.Size([768]): 
The value is the same before and after calling `init_weights` of PETR  
 
2026-06-03 13:52:32,605 - mmcv - INFO - 
bbox_head.decoder_attn.out_proj.weight - torch.Size([256, 256]): 
The value is the same before and after calling `init_weights` of PETR  
 
2026-06-03 13:52:32,605 - mmcv - INFO - 
bbox_head.decoder_attn.out_proj.bias - torch.Size([256]): 
The value is the same before and after calling `init_weights` of PETR  
 
2026-06-03 13:52:32,605 - mmcv - INFO - 
bbox_head.query_embedding.weight - torch.Size([100, 256]): 
Initialized by user-defined `init_weights` in WiTiDARHead  
 
2026-06-03 13:52:32,605 - mmcv - INFO - 
bbox_head.decoder_norm.weight - torch.Size([256]): 
The value is the same before and after calling `init_weights` of PETR  
 
2026-06-03 13:52:32,605 - mmcv - INFO - 
bbox_head.decoder_norm.bias - torch.Size([256]): 
The value is the same before and after calling `init_weights` of PETR  
 
2026-06-03 13:52:32,605 - mmcv - INFO - 
bbox_head.draft_regressor.0.weight - torch.Size([256, 256]): 
Initialized by user-defined `init_weights` in WiTiDARHead  
 
2026-06-03 13:52:32,605 - mmcv - INFO - 
bbox_head.draft_regressor.0.bias - torch.Size([256]): 
Initialized by user-defined `init_weights` in WiTiDARHead  
 
2026-06-03 13:52:32,605 - mmcv - INFO - 
bbox_head.draft_regressor.2.weight - torch.Size([256, 256]): 
Initialized by user-defined `init_weights` in WiTiDARHead  
 
2026-06-03 13:52:32,605 - mmcv - INFO - 
bbox_head.draft_regressor.2.bias - torch.Size([256]): 
Initialized by user-defined `init_weights` in WiTiDARHead  
 
2026-06-03 13:52:32,605 - mmcv - INFO - 
bbox_head.draft_regressor.4.weight - torch.Size([42, 256]): 
Initialized by user-defined `init_weights` in WiTiDARHead  
 
2026-06-03 13:52:32,605 - mmcv - INFO - 
bbox_head.draft_regressor.4.bias - torch.Size([42]): 
Initialized by user-defined `init_weights` in WiTiDARHead  
 
2026-06-03 13:52:32,605 - mmcv - INFO - 
bbox_head.cls_head.weight - torch.Size([1, 256]): 
The value is the same before and after calling `init_weights` of PETR  
 
2026-06-03 13:52:32,605 - mmcv - INFO - 
bbox_head.cls_head.bias - torch.Size([1]): 
Initialized by user-defined `init_weights` in WiTiDARHead  
 
2026-06-03 13:52:32,605 - mmcv - INFO - 
bbox_head.flow_model.velocity_net.time_mlp.1.weight - torch.Size([128, 64]): 
The value is the same before and after calling `init_weights` of PETR  
 
2026-06-03 13:52:32,605 - mmcv - INFO - 
bbox_head.flow_model.velocity_net.time_mlp.1.bias - torch.Size([128]): 
The value is the same before and after calling `init_weights` of PETR  
 
2026-06-03 13:52:32,605 - mmcv - INFO - 
bbox_head.flow_model.velocity_net.time_mlp.3.weight - torch.Size([64, 128]): 
The value is the same before and after calling `init_weights` of PETR  
 
2026-06-03 13:52:32,605 - mmcv - INFO - 
bbox_head.flow_model.velocity_net.time_mlp.3.bias - torch.Size([64]): 
The value is the same before and after calling `init_weights` of PETR  
 
2026-06-03 13:52:32,605 - mmcv - INFO - 
bbox_head.flow_model.velocity_net.input_proj.weight - torch.Size([512, 362]): 
The value is the same before and after calling `init_weights` of PETR  
 
2026-06-03 13:52:32,605 - mmcv - INFO - 
bbox_head.flow_model.velocity_net.input_proj.bias - torch.Size([512]): 
The value is the same before and after calling `init_weights` of PETR  
 
2026-06-03 13:52:32,606 - mmcv - INFO - 
bbox_head.flow_model.velocity_net.blocks.0.net.0.weight - torch.Size([512]): 
The value is the same before and after calling `init_weights` of PETR  
 
2026-06-03 13:52:32,606 - mmcv - INFO - 
bbox_head.flow_model.velocity_net.blocks.0.net.0.bias - torch.Size([512]): 
The value is the same before and after calling `init_weights` of PETR  
 
2026-06-03 13:52:32,606 - mmcv - INFO - 
bbox_head.flow_model.velocity_net.blocks.0.net.1.weight - torch.Size([512, 512]): 
The value is the same before and after calling `init_weights` of PETR  
 
2026-06-03 13:52:32,606 - mmcv - INFO - 
bbox_head.flow_model.velocity_net.blocks.0.net.1.bias - torch.Size([512]): 
The value is the same before and after calling `init_weights` of PETR  
 
2026-06-03 13:52:32,606 - mmcv - INFO - 
bbox_head.flow_model.velocity_net.blocks.0.net.4.weight - torch.Size([512, 512]): 
The value is the same before and after calling `init_weights` of PETR  
 
2026-06-03 13:52:32,606 - mmcv - INFO - 
bbox_head.flow_model.velocity_net.blocks.0.net.4.bias - torch.Size([512]): 
The value is the same before and after calling `init_weights` of PETR  
 
2026-06-03 13:52:32,606 - mmcv - INFO - 
bbox_head.flow_model.velocity_net.blocks.1.net.0.weight - torch.Size([512]): 
The value is the same before and after calling `init_weights` of PETR  
 
2026-06-03 13:52:32,606 - mmcv - INFO - 
bbox_head.flow_model.velocity_net.blocks.1.net.0.bias - torch.Size([512]): 
The value is the same before and after calling `init_weights` of PETR  
 
2026-06-03 13:52:32,606 - mmcv - INFO - 
bbox_head.flow_model.velocity_net.blocks.1.net.1.weight - torch.Size([512, 512]): 
The value is the same before and after calling `init_weights` of PETR  
 
2026-06-03 13:52:32,606 - mmcv - INFO - 
bbox_head.flow_model.velocity_net.blocks.1.net.1.bias - torch.Size([512]): 
The value is the same before and after calling `init_weights` of PETR  
 
2026-06-03 13:52:32,606 - mmcv - INFO - 
bbox_head.flow_model.velocity_net.blocks.1.net.4.weight - torch.Size([512, 512]): 
The value is the same before and after calling `init_weights` of PETR  
 
2026-06-03 13:52:32,606 - mmcv - INFO - 
bbox_head.flow_model.velocity_net.blocks.1.net.4.bias - torch.Size([512]): 
The value is the same before and after calling `init_weights` of PETR  
 
2026-06-03 13:52:32,606 - mmcv - INFO - 
bbox_head.flow_model.velocity_net.blocks.2.net.0.weight - torch.Size([512]): 
The value is the same before and after calling `init_weights` of PETR  
 
2026-06-03 13:52:32,606 - mmcv - INFO - 
bbox_head.flow_model.velocity_net.blocks.2.net.0.bias - torch.Size([512]): 
The value is the same before and after calling `init_weights` of PETR  
 
2026-06-03 13:52:32,606 - mmcv - INFO - 
bbox_head.flow_model.velocity_net.blocks.2.net.1.weight - torch.Size([512, 512]): 
The value is the same before and after calling `init_weights` of PETR  
 
2026-06-03 13:52:32,606 - mmcv - INFO - 
bbox_head.flow_model.velocity_net.blocks.2.net.1.bias - torch.Size([512]): 
The value is the same before and after calling `init_weights` of PETR  
 
2026-06-03 13:52:32,606 - mmcv - INFO - 
bbox_head.flow_model.velocity_net.blocks.2.net.4.weight - torch.Size([512, 512]): 
The value is the same before and after calling `init_weights` of PETR  
 
2026-06-03 13:52:32,606 - mmcv - INFO - 
bbox_head.flow_model.velocity_net.blocks.2.net.4.bias - torch.Size([512]): 
The value is the same before and after calling `init_weights` of PETR  
 
2026-06-03 13:52:32,606 - mmcv - INFO - 
bbox_head.flow_model.velocity_net.output_norm.weight - torch.Size([512]): 
The value is the same before and after calling `init_weights` of PETR  
 
2026-06-03 13:52:32,606 - mmcv - INFO - 
bbox_head.flow_model.velocity_net.output_norm.bias - torch.Size([512]): 
The value is the same before and after calling `init_weights` of PETR  
 
2026-06-03 13:52:32,606 - mmcv - INFO - 
bbox_head.flow_model.velocity_net.final_linear.weight - torch.Size([42, 512]): 
The value is the same before and after calling `init_weights` of PETR  
 
2026-06-03 13:52:32,606 - mmcv - INFO - 
bbox_head.flow_model.velocity_net.final_linear.bias - torch.Size([42]): 
The value is the same before and after calling `init_weights` of PETR  
 
2026-06-03 13:52:33,037 - mmdet - INFO - Automatic scaling of learning rate (LR) has been disabled.
2026-06-03 13:52:33,049 - mmdet - INFO - Start running, host: root@cf7a4801a593, work_dir: /root/Person-in-WiFi-3D/work_dirs/wimamba_backbone_ablation_witidar_v2/M1FLAT
2026-06-03 13:52:33,049 - mmdet - INFO - Hooks will be executed in the following order:
before_run:
(VERY_HIGH   ) StepLrUpdaterHook                  
(NORMAL      ) LatestCheckpointHook               
(LOW         ) EvalHook                           
(VERY_LOW    ) TextLoggerHook                     
 -------------------- 
before_train_epoch:
(VERY_HIGH   ) StepLrUpdaterHook                  
(NORMAL      ) NumClassCheckHook                  
(NORMAL      ) BoneLossWarmupHook                 
(LOW         ) IterTimerHook                      
(LOW         ) EvalHook                           
(VERY_LOW    ) TextLoggerHook                     
 -------------------- 
before_train_iter:
(VERY_HIGH   ) StepLrUpdaterHook                  
(LOW         ) IterTimerHook                      
(LOW         ) EvalHook                           
 -------------------- 
after_train_iter:
(ABOVE_NORMAL) OptimizerHook                      
(NORMAL      ) LatestCheckpointHook               
(LOW         ) IterTimerHook                      
(LOW         ) EvalHook                           
(VERY_LOW    ) TextLoggerHook                     
 -------------------- 
after_train_epoch:
(NORMAL      ) LatestCheckpointHook               
(LOW         ) EvalHook                           
(VERY_LOW    ) TextLoggerHook                     
 -------------------- 
before_val_epoch:
(NORMAL      ) NumClassCheckHook                  
(LOW         ) IterTimerHook                      
(VERY_LOW    ) TextLoggerHook                     
 -------------------- 
before_val_iter:
(LOW         ) IterTimerHook                      
 -------------------- 
after_val_iter:
(LOW         ) IterTimerHook                      
 -------------------- 
after_val_epoch:
(VERY_LOW    ) TextLoggerHook                     
 -------------------- 
after_run:
(VERY_LOW    ) TextLoggerHook                     
 -------------------- 
2026-06-03 13:52:33,049 - mmdet - INFO - workflow: [('train', 1)], max: 1 epochs
2026-06-03 13:52:33,049 - mmdet - INFO - Checkpoints will be saved to /root/Person-in-WiFi-3D/work_dirs/wimamba_backbone_ablation_witidar_v2/M1FLAT by HardDiskBackend.
2026-06-03 13:52:33,052 - mmdet - INFO - [BoneLossWarmup] Epoch 1/1 | Warmup: 1e, Ramp: 1e | Bone weight -> 0.0000
>>> Successfully patched mmcv._get_stream for PyTorch 2.0 compatibility.
[WiTiDARHead] Loaded gt_bone_stats.json from /root/Person-in-WiFi-3D/gt_bone_stats.json
2026-06-03 13:52:59,204 - mmdet - INFO - Epoch [1][50/2811]	lr: 2.000e-06, eta: 0:24:03, time: 0.523, data_time: 0.072, memory: 479, loss_cls: 2.2213, loss_kpt: 365.2470, loss_flow: 37.4049, loss_bone: 0.0000, loss: 404.8731, grad_norm: 645.4329
2026-06-03 13:53:22,696 - mmdet - INFO - Epoch [1][100/2811]	lr: 2.000e-06, eta: 0:22:25, time: 0.470, data_time: 0.022, memory: 479, loss_cls: 1.8053, loss_kpt: 236.7819, loss_flow: 13.1036, loss_bone: 0.0000, loss: 251.6908, grad_norm: 486.3557
2026-06-03 13:53:46,174 - mmdet - INFO - Epoch [1][150/2811]	lr: 2.000e-06, eta: 0:21:37, time: 0.470, data_time: 0.021, memory: 479, loss_cls: 1.5245, loss_kpt: 156.0193, loss_flow: 6.1128, loss_bone: 0.0000, loss: 163.6565, grad_norm: 438.4610
2026-06-03 13:54:09,990 - mmdet - INFO - Epoch [1][200/2811]	lr: 2.000e-06, eta: 0:21:05, time: 0.476, data_time: 0.022, memory: 479, loss_cls: 1.2624, loss_kpt: 104.5037, loss_flow: 3.7355, loss_bone: 0.0000, loss: 109.5016, grad_norm: 310.9031
2026-06-03 13:54:33,160 - mmdet - INFO - Epoch [1][250/2811]	lr: 2.000e-06, eta: 0:20:30, time: 0.463, data_time: 0.026, memory: 479, loss_cls: 0.9794, loss_kpt: 93.1780, loss_flow: 1.8996, loss_bone: 0.0000, loss: 96.0570, grad_norm: 223.1318
2026-06-03 13:54:57,682 - mmdet - INFO - Epoch [1][300/2811]	lr: 2.000e-06, eta: 0:20:10, time: 0.490, data_time: 0.022, memory: 479, loss_cls: 0.9389, loss_kpt: 91.6429, loss_flow: 1.1668, loss_bone: 0.0000, loss: 93.7486, grad_norm: 218.5282
2026-06-03 13:55:18,339 - mmdet - INFO - Epoch [1][350/2811]	lr: 2.000e-06, eta: 0:19:22, time: 0.413, data_time: 0.020, memory: 479, loss_cls: 0.9257, loss_kpt: 90.0895, loss_flow: 0.8860, loss_bone: 0.0000, loss: 91.9012, grad_norm: 257.4241
2026-06-03 13:55:39,042 - mmdet - INFO - Epoch [1][400/2811]	lr: 2.000e-06, eta: 0:18:41, time: 0.414, data_time: 0.020, memory: 479, loss_cls: 0.9017, loss_kpt: 87.3526, loss_flow: 0.7188, loss_bone: 0.0000, loss: 88.9731, grad_norm: 267.1436
2026-06-03 13:56:00,461 - mmdet - INFO - Epoch [1][450/2811]	lr: 2.000e-06, eta: 0:18:08, time: 0.428, data_time: 0.020, memory: 479, loss_cls: 0.8740, loss_kpt: 80.7629, loss_flow: 0.7084, loss_bone: 0.0000, loss: 82.3452, grad_norm: 324.9375
2026-06-03 13:56:22,282 - mmdet - INFO - Epoch [1][500/2811]	lr: 2.000e-06, eta: 0:17:39, time: 0.436, data_time: 0.020, memory: 479, loss_cls: 0.8302, loss_kpt: 69.3621, loss_flow: 0.8027, loss_bone: 0.0000, loss: 70.9950, grad_norm: 446.8181
2026-06-03 13:56:44,290 - mmdet - INFO - Epoch [1][550/2811]	lr: 2.000e-06, eta: 0:17:12, time: 0.440, data_time: 0.020, memory: 479, loss_cls: 0.7974, loss_kpt: 58.8074, loss_flow: 0.8198, loss_bone: 0.0000, loss: 60.4245, grad_norm: 522.1277
2026-06-03 13:57:06,025 - mmdet - INFO - Epoch [1][600/2811]	lr: 2.000e-06, eta: 0:16:45, time: 0.435, data_time: 0.019, memory: 479, loss_cls: 0.7717, loss_kpt: 52.9415, loss_flow: 0.7221, loss_bone: 0.0000, loss: 54.4353, grad_norm: 681.4420
2026-06-03 13:57:27,851 - mmdet - INFO - Epoch [1][650/2811]	lr: 2.000e-06, eta: 0:16:20, time: 0.437, data_time: 0.019, memory: 479, loss_cls: 0.7449, loss_kpt: 48.8597, loss_flow: 0.6557, loss_bone: 0.0000, loss: 50.2603, grad_norm: 686.3270
2026-06-03 13:57:49,715 - mmdet - INFO - Epoch [1][700/2811]	lr: 2.000e-06, eta: 0:15:54, time: 0.437, data_time: 0.020, memory: 479, loss_cls: 0.7289, loss_kpt: 45.6944, loss_flow: 0.5954, loss_bone: 0.0000, loss: 47.0187, grad_norm: 819.2845
2026-06-03 13:58:11,867 - mmdet - INFO - Epoch [1][750/2811]	lr: 2.000e-06, eta: 0:15:31, time: 0.443, data_time: 0.020, memory: 479, loss_cls: 0.7180, loss_kpt: 45.4244, loss_flow: 0.5857, loss_bone: 0.0000, loss: 46.7281, grad_norm: 792.6011
2026-06-03 13:58:34,636 - mmdet - INFO - Epoch [1][800/2811]	lr: 2.000e-06, eta: 0:15:08, time: 0.455, data_time: 0.021, memory: 479, loss_cls: 0.7113, loss_kpt: 45.2380, loss_flow: 0.5983, loss_bone: 0.0000, loss: 46.5475, grad_norm: 840.5165
2026-06-03 13:58:57,010 - mmdet - INFO - Epoch [1][850/2811]	lr: 2.000e-06, eta: 0:14:45, time: 0.447, data_time: 0.020, memory: 479, loss_cls: 0.7028, loss_kpt: 43.6795, loss_flow: 0.5746, loss_bone: 0.0000, loss: 44.9569, grad_norm: 814.6470
2026-06-03 13:59:18,105 - mmdet - INFO - Epoch [1][900/2811]	lr: 2.000e-06, eta: 0:14:20, time: 0.422, data_time: 0.019, memory: 479, loss_cls: 0.6971, loss_kpt: 42.7533, loss_flow: 0.5521, loss_bone: 0.0000, loss: 44.0024, grad_norm: 828.9976
2026-06-03 13:59:38,006 - mmdet - INFO - Epoch [1][950/2811]	lr: 2.000e-06, eta: 0:13:52, time: 0.398, data_time: 0.020, memory: 479, loss_cls: 0.6843, loss_kpt: 41.9543, loss_flow: 0.5310, loss_bone: 0.0000, loss: 43.1697, grad_norm: 794.1998
2026-06-03 14:00:00,274 - mmdet - INFO - Exp name: wi_tidir_wifi_mamba1_flatten.py
2026-06-03 14:00:00,274 - mmdet - INFO - Epoch [1][1000/2811]	lr: 2.000e-06, eta: 0:13:29, time: 0.445, data_time: 0.021, memory: 479, loss_cls: 0.6827, loss_kpt: 40.5891, loss_flow: 0.5094, loss_bone: 0.0000, loss: 41.7813, grad_norm: 881.7093
2026-06-03 14:00:22,418 - mmdet - INFO - Epoch [1][1050/2811]	lr: 2.000e-06, eta: 0:13:07, time: 0.443, data_time: 0.021, memory: 479, loss_cls: 0.6761, loss_kpt: 40.0711, loss_flow: 0.5059, loss_bone: 0.0000, loss: 41.2531, grad_norm: 897.1914
2026-06-03 14:00:44,323 - mmdet - INFO - Epoch [1][1100/2811]	lr: 2.000e-06, eta: 0:12:44, time: 0.438, data_time: 0.023, memory: 479, loss_cls: 0.6698, loss_kpt: 38.6941, loss_flow: 0.5009, loss_bone: 0.0000, loss: 39.8648, grad_norm: 970.8629
2026-06-03 14:01:05,629 - mmdet - INFO - Epoch [1][1150/2811]	lr: 2.000e-06, eta: 0:12:20, time: 0.426, data_time: 0.020, memory: 479, loss_cls: 0.6622, loss_kpt: 38.0425, loss_flow: 0.5042, loss_bone: 0.0000, loss: 39.2089, grad_norm: 965.1912
2026-06-03 14:01:25,174 - mmdet - INFO - Epoch [1][1200/2811]	lr: 2.000e-06, eta: 0:11:54, time: 0.391, data_time: 0.020, memory: 479, loss_cls: 0.6554, loss_kpt: 36.7679, loss_flow: 0.4963, loss_bone: 0.0000, loss: 37.9196, grad_norm: 967.1313
2026-06-03 14:01:46,286 - mmdet - INFO - Epoch [1][1250/2811]	lr: 2.000e-06, eta: 0:11:30, time: 0.422, data_time: 0.019, memory: 479, loss_cls: 0.6533, loss_kpt: 35.4341, loss_flow: 0.4759, loss_bone: 0.0000, loss: 36.5633, grad_norm: 1017.5621
2026-06-03 14:02:06,364 - mmdet - INFO - Epoch [1][1300/2811]	lr: 2.000e-06, eta: 0:11:06, time: 0.402, data_time: 0.019, memory: 479, loss_cls: 0.6501, loss_kpt: 35.1492, loss_flow: 0.4757, loss_bone: 0.0000, loss: 36.2750, grad_norm: 1009.5023
2026-06-03 14:02:28,470 - mmdet - INFO - Epoch [1][1350/2811]	lr: 2.000e-06, eta: 0:10:44, time: 0.442, data_time: 0.020, memory: 479, loss_cls: 0.6420, loss_kpt: 34.7353, loss_flow: 0.4738, loss_bone: 0.0000, loss: 35.8511, grad_norm: 1057.8968
2026-06-03 14:02:50,612 - mmdet - INFO - Epoch [1][1400/2811]	lr: 2.000e-06, eta: 0:10:22, time: 0.443, data_time: 0.021, memory: 479, loss_cls: 0.6419, loss_kpt: 34.2602, loss_flow: 0.4606, loss_bone: 0.0000, loss: 35.3627, grad_norm: 1027.0043
2026-06-03 14:03:11,957 - mmdet - INFO - Epoch [1][1450/2811]	lr: 2.000e-06, eta: 0:09:59, time: 0.427, data_time: 0.019, memory: 479, loss_cls: 0.6397, loss_kpt: 34.1236, loss_flow: 0.4619, loss_bone: 0.0000, loss: 35.2252, grad_norm: 1034.7943
2026-06-03 14:03:31,354 - mmdet - INFO - Epoch [1][1500/2811]	lr: 2.000e-06, eta: 0:09:35, time: 0.388, data_time: 0.020, memory: 479, loss_cls: 0.6366, loss_kpt: 33.9238, loss_flow: 0.4512, loss_bone: 0.0000, loss: 35.0115, grad_norm: 1110.4097
2026-06-03 14:03:53,914 - mmdet - INFO - Epoch [1][1550/2811]	lr: 2.000e-06, eta: 0:09:13, time: 0.451, data_time: 0.021, memory: 479, loss_cls: 0.6316, loss_kpt: 33.3282, loss_flow: 0.4326, loss_bone: 0.0000, loss: 34.3924, grad_norm: 1014.9596
2026-06-03 14:04:16,423 - mmdet - INFO - Epoch [1][1600/2811]	lr: 2.000e-06, eta: 0:08:52, time: 0.450, data_time: 0.021, memory: 479, loss_cls: 0.6362, loss_kpt: 32.5451, loss_flow: 0.4279, loss_bone: 0.0000, loss: 33.6091, grad_norm: 957.4265
2026-06-03 14:04:37,036 - mmdet - INFO - Epoch [1][1650/2811]	lr: 2.000e-06, eta: 0:08:29, time: 0.412, data_time: 0.019, memory: 479, loss_cls: 0.6291, loss_kpt: 32.3080, loss_flow: 0.4099, loss_bone: 0.0000, loss: 33.3470, grad_norm: 996.7799
2026-06-03 14:04:57,621 - mmdet - INFO - Epoch [1][1700/2811]	lr: 2.000e-06, eta: 0:08:06, time: 0.412, data_time: 0.020, memory: 479, loss_cls: 0.6212, loss_kpt: 32.2531, loss_flow: 0.4161, loss_bone: 0.0000, loss: 33.2904, grad_norm: 1082.1511
2026-06-03 14:05:20,015 - mmdet - INFO - Epoch [1][1750/2811]	lr: 2.000e-06, eta: 0:07:44, time: 0.448, data_time: 0.021, memory: 479, loss_cls: 0.6217, loss_kpt: 31.6438, loss_flow: 0.4070, loss_bone: 0.0000, loss: 32.6725, grad_norm: 883.5334
2026-06-03 14:05:44,573 - mmdet - INFO - Epoch [1][1800/2811]	lr: 2.000e-06, eta: 0:07:24, time: 0.491, data_time: 0.024, memory: 479, loss_cls: 0.6193, loss_kpt: 31.3300, loss_flow: 0.4040, loss_bone: 0.0000, loss: 32.3533, grad_norm: 996.1375
2026-06-03 14:06:07,726 - mmdet - INFO - Epoch [1][1850/2811]	lr: 2.000e-06, eta: 0:07:03, time: 0.463, data_time: 0.022, memory: 479, loss_cls: 0.6182, loss_kpt: 31.1505, loss_flow: 0.3963, loss_bone: 0.0000, loss: 32.1650, grad_norm: 1163.0054
2026-06-03 14:06:31,620 - mmdet - INFO - Epoch [1][1900/2811]	lr: 2.000e-06, eta: 0:06:42, time: 0.478, data_time: 0.023, memory: 479, loss_cls: 0.6204, loss_kpt: 31.1760, loss_flow: 0.3926, loss_bone: 0.0000, loss: 32.1889, grad_norm: 1241.0657
2026-06-03 14:06:55,550 - mmdet - INFO - Epoch [1][1950/2811]	lr: 2.000e-06, eta: 0:06:20, time: 0.479, data_time: 0.024, memory: 479, loss_cls: 0.6177, loss_kpt: 30.7294, loss_flow: 0.3946, loss_bone: 0.0000, loss: 31.7417, grad_norm: 1012.0037
2026-06-03 14:07:17,834 - mmdet - INFO - Exp name: wi_tidir_wifi_mamba1_flatten.py
2026-06-03 14:07:17,835 - mmdet - INFO - Epoch [1][2000/2811]	lr: 2.000e-06, eta: 0:05:58, time: 0.446, data_time: 0.020, memory: 479, loss_cls: 0.6138, loss_kpt: 30.3799, loss_flow: 0.3844, loss_bone: 0.0000, loss: 31.3781, grad_norm: 1043.2297
2026-06-03 14:07:39,997 - mmdet - INFO - Epoch [1][2050/2811]	lr: 2.000e-06, eta: 0:05:36, time: 0.443, data_time: 0.020, memory: 479, loss_cls: 0.6168, loss_kpt: 29.7546, loss_flow: 0.3776, loss_bone: 0.0000, loss: 30.7491, grad_norm: 1016.4283
2026-06-03 14:07:59,467 - mmdet - INFO - Epoch [1][2100/2811]	lr: 2.000e-06, eta: 0:05:13, time: 0.389, data_time: 0.019, memory: 479, loss_cls: 0.6098, loss_kpt: 29.6794, loss_flow: 0.3723, loss_bone: 0.0000, loss: 30.6614, grad_norm: 966.5650
2026-06-03 14:08:20,577 - mmdet - INFO - Epoch [1][2150/2811]	lr: 2.000e-06, eta: 0:04:51, time: 0.422, data_time: 0.020, memory: 479, loss_cls: 0.6097, loss_kpt: 30.7354, loss_flow: 0.3850, loss_bone: 0.0000, loss: 31.7301, grad_norm: 1112.9427
2026-06-03 14:08:41,699 - mmdet - INFO - Epoch [1][2200/2811]	lr: 2.000e-06, eta: 0:04:29, time: 0.422, data_time: 0.019, memory: 479, loss_cls: 0.6116, loss_kpt: 30.0867, loss_flow: 0.3826, loss_bone: 0.0000, loss: 31.0810, grad_norm: 1176.8362
2026-06-03 14:09:03,877 - mmdet - INFO - Epoch [1][2250/2811]	lr: 2.000e-06, eta: 0:04:07, time: 0.444, data_time: 0.019, memory: 479, loss_cls: 0.6065, loss_kpt: 29.6069, loss_flow: 0.3578, loss_bone: 0.0000, loss: 30.5713, grad_norm: 1032.3344
2026-06-03 14:09:26,034 - mmdet - INFO - Epoch [1][2300/2811]	lr: 2.000e-06, eta: 0:03:45, time: 0.443, data_time: 0.020, memory: 479, loss_cls: 0.6098, loss_kpt: 29.8032, loss_flow: 0.3711, loss_bone: 0.0000, loss: 30.7840, grad_norm: 1135.2357
2026-06-03 14:09:47,622 - mmdet - INFO - Epoch [1][2350/2811]	lr: 2.000e-06, eta: 0:03:22, time: 0.432, data_time: 0.020, memory: 479, loss_cls: 0.6079, loss_kpt: 29.2338, loss_flow: 0.3566, loss_bone: 0.0000, loss: 30.1983, grad_norm: 978.5300
2026-06-03 14:10:10,102 - mmdet - INFO - Epoch [1][2400/2811]	lr: 2.000e-06, eta: 0:03:01, time: 0.450, data_time: 0.021, memory: 479, loss_cls: 0.6047, loss_kpt: 28.9104, loss_flow: 0.3543, loss_bone: 0.0000, loss: 29.8694, grad_norm: 957.9688
2026-06-03 14:10:31,549 - mmdet - INFO - Epoch [1][2450/2811]	lr: 2.000e-06, eta: 0:02:38, time: 0.429, data_time: 0.019, memory: 479, loss_cls: 0.6037, loss_kpt: 29.3185, loss_flow: 0.3569, loss_bone: 0.0000, loss: 30.2791, grad_norm: 957.7249
2026-06-03 14:10:54,398 - mmdet - INFO - Epoch [1][2500/2811]	lr: 2.000e-06, eta: 0:02:17, time: 0.457, data_time: 0.022, memory: 479, loss_cls: 0.6042, loss_kpt: 28.9284, loss_flow: 0.3570, loss_bone: 0.0000, loss: 29.8895, grad_norm: 960.2981
2026-06-03 14:11:14,415 - mmdet - INFO - Epoch [1][2550/2811]	lr: 2.000e-06, eta: 0:01:54, time: 0.400, data_time: 0.020, memory: 479, loss_cls: 0.5999, loss_kpt: 29.2623, loss_flow: 0.3596, loss_bone: 0.0000, loss: 30.2219, grad_norm: 968.4484
2026-06-03 14:11:33,880 - mmdet - INFO - Epoch [1][2600/2811]	lr: 2.000e-06, eta: 0:01:32, time: 0.389, data_time: 0.020, memory: 479, loss_cls: 0.6008, loss_kpt: 28.8135, loss_flow: 0.3549, loss_bone: 0.0000, loss: 29.7692, grad_norm: 889.8011
2026-06-03 14:11:54,722 - mmdet - INFO - Epoch [1][2650/2811]	lr: 2.000e-06, eta: 0:01:10, time: 0.417, data_time: 0.020, memory: 479, loss_cls: 0.6019, loss_kpt: 28.7256, loss_flow: 0.3487, loss_bone: 0.0000, loss: 29.6762, grad_norm: 938.1384
2026-06-03 14:12:15,338 - mmdet - INFO - Epoch [1][2700/2811]	lr: 2.000e-06, eta: 0:00:48, time: 0.412, data_time: 0.019, memory: 479, loss_cls: 0.5931, loss_kpt: 29.0388, loss_flow: 0.3494, loss_bone: 0.0000, loss: 29.9813, grad_norm: 1043.1375
2026-06-03 14:12:35,586 - mmdet - INFO - Epoch [1][2750/2811]	lr: 2.000e-06, eta: 0:00:26, time: 0.405, data_time: 0.019, memory: 479, loss_cls: 0.6005, loss_kpt: 28.7078, loss_flow: 0.3437, loss_bone: 0.0000, loss: 29.6520, grad_norm: 998.3062
2026-06-03 14:12:56,974 - mmdet - INFO - Epoch [1][2800/2811]	lr: 2.000e-06, eta: 0:00:04, time: 0.428, data_time: 0.020, memory: 479, loss_cls: 0.5922, loss_kpt: 28.4162, loss_flow: 0.3339, loss_bone: 0.0000, loss: 29.3423, grad_norm: 920.4047
2026-06-03 14:13:01,324 - mmdet - INFO - Updating latest checkpoint at 1 epochs
