/usr/local/envs/opera/lib/python3.10/site-packages/mmcv/__init__.py:20: UserWarning: On January 1, 2023, MMCV will release v2.0.0, in which it will remove components related to the training process and add a data transformation module. In addition, it will rename the package names mmcv to mmcv-lite and mmcv-full to mmcv. See https://github.com/open-mmlab/mmcv/blob/master/docs/en/compatibility.md for more details.
  warnings.warn(
/root/Person-in-WiFi-3D/third_party/mmdet/mmdet/utils/setup_env.py:38: UserWarning: Setting OMP_NUM_THREADS environment variable for each process to be 1 in default, to avoid your system being overloaded, please further tune the variable for optimal performance in your application as needed.
  warnings.warn(
/root/Person-in-WiFi-3D/third_party/mmdet/mmdet/utils/setup_env.py:48: UserWarning: Setting MKL_NUM_THREADS environment variable for each process to be 1 in default, to avoid your system being overloaded, please further tune the variable for optimal performance in your application as needed.
  warnings.warn(
2026-06-03 13:00:14,713 - mmdet - INFO - Environment info:
------------------------------------------------------------
sys.platform: linux
Python: 3.10.19 | packaged by conda-forge | (main, Oct 22 2025, 22:29:10) [GCC 14.3.0]
CUDA available: True
GPU 0: NVIDIA RTX 6000 Ada Generation
CUDA_HOME: /usr/local/envs/opera
NVCC: Cuda compilation tools, release 11.7, V11.7.99
GCC: gcc (Ubuntu 9.4.0-1ubuntu1~20.04.2) 9.4.0
PyTorch: 2.1.0+cu121
PyTorch compiling details: PyTorch built with:
  - GCC 9.3
  - C++ Version: 201703
  - Intel(R) oneAPI Math Kernel Library Version 2022.2-Product Build 20220804 for Intel(R) 64 architecture applications
  - Intel(R) MKL-DNN v3.1.1 (Git Hash 64f6bcbcbab628e96f33a62c3e975f8535a7bde4)
  - OpenMP 201511 (a.k.a. OpenMP 4.5)
  - LAPACK is enabled (usually provided by MKL)
  - NNPACK is enabled
  - CPU capability usage: AVX512
  - CUDA Runtime 12.1
  - NVCC architecture flags: -gencode;arch=compute_50,code=sm_50;-gencode;arch=compute_60,code=sm_60;-gencode;arch=compute_70,code=sm_70;-gencode;arch=compute_75,code=sm_75;-gencode;arch=compute_80,code=sm_80;-gencode;arch=compute_86,code=sm_86;-gencode;arch=compute_90,code=sm_90
  - CuDNN 8.9.2
  - Magma 2.6.1
  - Build settings: BLAS_INFO=mkl, BUILD_TYPE=Release, CUDA_VERSION=12.1, CUDNN_VERSION=8.9.2, CXX_COMPILER=/opt/rh/devtoolset-9/root/usr/bin/c++, CXX_FLAGS= -D_GLIBCXX_USE_CXX11_ABI=0 -fabi-version=11 -fvisibility-inlines-hidden -DUSE_PTHREADPOOL -DNDEBUG -DUSE_KINETO -DLIBKINETO_NOROCTRACER -DUSE_FBGEMM -DUSE_QNNPACK -DUSE_PYTORCH_QNNPACK -DUSE_XNNPACK -DSYMBOLICATE_MOBILE_DEBUG_HANDLE -O2 -fPIC -Wall -Wextra -Werror=return-type -Werror=non-virtual-dtor -Werror=bool-operation -Wnarrowing -Wno-missing-field-initializers -Wno-type-limits -Wno-array-bounds -Wno-unknown-pragmas -Wno-unused-parameter -Wno-unused-function -Wno-unused-result -Wno-strict-overflow -Wno-strict-aliasing -Wno-stringop-overflow -Wno-psabi -Wno-error=pedantic -Wno-error=old-style-cast -Wno-invalid-partial-specialization -Wno-unused-private-field -Wno-aligned-allocation-unavailable -Wno-missing-braces -fdiagnostics-color=always -faligned-new -Wno-unused-but-set-variable -Wno-maybe-uninitialized -fno-math-errno -fno-trapping-math -Werror=format -Werror=cast-function-type -Wno-stringop-overflow, LAPACK_INFO=mkl, PERF_WITH_AVX=1, PERF_WITH_AVX2=1, PERF_WITH_AVX512=1, TORCH_DISABLE_GPU_ASSERTS=ON, TORCH_VERSION=2.1.0, USE_CUDA=ON, USE_CUDNN=ON, USE_EXCEPTION_PTR=1, USE_GFLAGS=OFF, USE_GLOG=OFF, USE_MKL=ON, USE_MKLDNN=ON, USE_MPI=OFF, USE_NCCL=1, USE_NNPACK=ON, USE_OPENMP=ON, USE_ROCM=OFF, 

TorchVision: 0.16.0+cu121
OpenCV: 4.9.0
MMCV: 1.7.2
MMCV Compiler: GCC 9.3
MMCV CUDA Compiler: 11.8
MMDetection: 2.25.0+7e2ae22
------------------------------------------------------------

2026-06-03 13:00:15,185 - mmdet - INFO - Distributed training: False
2026-06-03 13:00:15,663 - mmdet - INFO - Config:
dataset_type = 'opera.WifiPoseDataset'
data_root = 'data/wifipose'
meta_keys = []
train_pipeline = [
    dict(
        type='opera.DefaultFormatBundle',
        extra_keys=['gt_keypoints', 'gt_labels']),
    dict(
        type='mmdet.Collect',
        keys=['img', 'gt_bboxes', 'gt_labels', 'gt_keypoints', 'gt_areas'],
        meta_keys=[])
]
test_pipeline = [
    dict(
        type='mmdet.MultiScaleFlipAug',
        scale_factor=1.0,
        flip=False,
        transforms=[
            dict(
                type='opera.DefaultFormatBundle',
                extra_keys=['gt_keypoints', 'gt_labels']),
            dict(type='mmdet.Collect', keys=['img'], meta_keys=[])
        ])
]
data = dict(
    samples_per_gpu=32,
    workers_per_gpu=2,
    train=dict(
        type='opera.WifiPoseDataset',
        dataset_root='data/wifipose/train_data',
        pipeline=[
            dict(
                type='opera.DefaultFormatBundle',
                extra_keys=['gt_keypoints', 'gt_labels']),
            dict(
                type='mmdet.Collect',
                keys=[
                    'img', 'gt_bboxes', 'gt_labels', 'gt_keypoints', 'gt_areas'
                ],
                meta_keys=[])
        ],
        mode='train'),
    val=dict(
        type='opera.WifiPoseDataset',
        dataset_root='data/wifipose/test_data',
        pipeline=[
            dict(
                type='mmdet.MultiScaleFlipAug',
                scale_factor=1.0,
                flip=False,
                transforms=[
                    dict(
                        type='opera.DefaultFormatBundle',
                        extra_keys=['gt_keypoints', 'gt_labels']),
                    dict(type='mmdet.Collect', keys=['img'], meta_keys=[])
                ])
        ],
        mode='test'),
    test=dict(
        type='opera.WifiPoseDataset',
        dataset_root='data/wifipose/test_data',
        pipeline=[
            dict(
                type='mmdet.MultiScaleFlipAug',
                scale_factor=1.0,
                flip=False,
                transforms=[
                    dict(
                        type='opera.DefaultFormatBundle',
                        extra_keys=['gt_keypoints', 'gt_labels']),
                    dict(type='mmdet.Collect', keys=['img'], meta_keys=[])
                ])
        ],
        mode='test'))
evaluation = dict(interval=5, metric='mpjpe')
checkpoint_config = dict(interval=5, max_keep_ckpts=20)
log_config = dict(interval=50, hooks=[dict(type='TextLoggerHook')])
custom_hooks = [
    dict(type='NumClassCheckHook'),
    dict(
        type='BoneLossWarmupHook',
        target_weight=1.0,
        warmup_ratio=0.1,
        ramp_ratio=0.1)
]
dist_params = dict(backend='nccl')
log_level = 'INFO'
load_from = None
resume_from = None
workflow = [('train', 1)]
opencv_num_threads = 0
mp_start_method = 'fork'
auto_scale_lr = dict(enable=False, base_batch_size=16)
model = dict(
    type='opera.PETR',
    backbone=dict(
        type='WifiInputAdapter',
        in_channels=60,
        embed_dims=256,
        mode='spectral'),
    neck=None,
    bbox_head=dict(
        type='opera.WiTiDARHead',
        num_query=100,
        num_classes=1,
        in_channels=256,
        sync_cls_avg_factor=True,
        with_kpt_refine=True,
        as_two_stage=True,
        num_keypoints=14,
        transformer=dict(
            type='opera.PETRTransformer',
            num_keypoints=14,
            encoder=dict(
                type='mmcv.DetrTransformerEncoder',
                num_layers=6,
                transformerlayers=dict(
                    type='mmcv.BaseTransformerLayer',
                    attn_cfgs=dict(
                        type='mmcv.MultiheadAttention',
                        embed_dims=256,
                        num_heads=8,
                        dropout=0.1),
                    feedforward_channels=1024,
                    ffn_dropout=0.1,
                    operation_order=('self_attn', 'norm', 'ffn', 'norm'))),
            decoder=dict(
                type='opera.PetrTransformerDecoder',
                num_layers=3,
                num_keypoints=14,
                return_intermediate=True,
                transformerlayers=dict(
                    type='mmcv.DetrTransformerDecoderLayer',
                    attn_cfgs=[
                        dict(
                            type='mmcv.MultiheadAttention',
                            embed_dims=256,
                            num_heads=8,
                            dropout=0.1),
                        dict(
                            type='mmcv.MultiheadAttention',
                            embed_dims=256,
                            num_heads=8,
                            dropout=0.1)
                    ],
                    feedforward_channels=1024,
                    ffn_dropout=0.1,
                    operation_order=('self_attn', 'norm', 'cross_attn', 'norm',
                                     'ffn', 'norm'))),
            refine_decoder=dict(
                type='opera.PetrRefineTransformerDecoder',
                num_layers=2,
                return_intermediate=True,
                transformerlayers=dict(
                    type='mmcv.DetrTransformerDecoderLayer',
                    attn_cfgs=[
                        dict(
                            type='mmcv.MultiheadAttention',
                            embed_dims=256,
                            num_heads=8,
                            dropout=0.1),
                        dict(
                            type='mmcv.MultiheadAttention',
                            embed_dims=256,
                            num_heads=8,
                            dropout=0.1)
                    ],
                    feedforward_channels=1024,
                    ffn_dropout=0.1,
                    operation_order=('self_attn', 'norm', 'cross_attn', 'norm',
                                     'ffn', 'norm')))),
        positional_encoding=dict(
            type='mmcv.SinePositionalEncoding',
            num_feats=128,
            normalize=True,
            offset=-0.5),
        loss_cls=dict(
            type='mmdet.FocalLoss',
            use_sigmoid=True,
            gamma=2.0,
            alpha=0.25,
            loss_weight=2.0),
        loss_kpt=dict(type='mmdet.L1Loss', loss_weight=5.0),
        loss_bone=dict(type='BoneLengthLoss', loss_weight=2.0),
        loss_kpt_rpn=dict(type='mmdet.MSELoss', loss_weight=35.0),
        loss_oks=dict(type='opera.OKSLoss', loss_weight=2.0),
        loss_hm=dict(type='opera.CenterFocalLoss', loss_weight=4.0),
        loss_kpt_refine=dict(type='mmdet.MSELoss', loss_weight=35.0),
        loss_oks_refine=dict(type='opera.OKSLoss', loss_weight=3.0),
        embed_dims=256,
        mamba_cfg=dict(
            type='WiMambaV2Encoder',
            embed_dims=256,
            num_layers=4,
            d_state=16,
            d_conv=4,
            expand=2,
            dropout=0.1),
        loss_flow_weight=10.0,
        train_cfg=dict(
            assigner=dict(
                type='opera.PoseHungarianAssigner',
                cls_cost=dict(type='mmdet.FocalLossCost', weight=2.0),
                kpt_cost=dict(type='opera.KptL1Cost', weight=5.0),
                oks_cost=dict(type='opera.OksCost', weight=0.0))),
        test_cfg=dict(max_per_img=100)),
    train_cfg=dict(
        assigner=dict(
            type='opera.PoseHungarianAssigner',
            cls_cost=dict(type='mmdet.FocalLossCost', weight=4.0),
            kpt_cost=dict(type='opera.KptMSECost', weight=35.0),
            oks_cost=dict(type='opera.OksCost', weight=7.0))),
    test_cfg=dict(max_per_img=100))
optimizer = dict(
    type='AdamW',
    betas=(0.9, 0.999),
    lr=2e-05,
    weight_decay=0.0001,
    paramwise_cfg=dict(
        custom_keys=dict(
            backbone=dict(lr_mult=0.1),
            sampling_offsets=dict(lr_mult=0.1),
            reference_points=dict(lr_mult=0.1))))
optimizer_config = dict(grad_clip=dict(max_norm=0.1, norm_type=2))
lr_config = dict(policy='step', step=[450])
runner = dict(type='EpochBasedRunner', max_epochs=1)
find_unused_parameters = True
work_dir = 'work_dirs/wimamba_backbone_ablation_witidar_v2/M1V2'
auto_resume = False
gpu_ids = [0]

2026-06-03 13:00:15,664 - mmdet - INFO - Set random seed to 42, deterministic: True
2026-06-03 13:00:15,727 - mmcv - INFO - 
backbone.head.weight - torch.Size([256, 60]): 
The value is the same before and after calling `init_weights` of PETR  
 
2026-06-03 13:00:15,727 - mmcv - INFO - 
backbone.head.bias - torch.Size([256]): 
The value is the same before and after calling `init_weights` of PETR  
 
2026-06-03 13:00:15,727 - mmcv - INFO - 
backbone.time_conv.weight - torch.Size([256, 1, 5]): 
The value is the same before and after calling `init_weights` of PETR  
 
2026-06-03 13:00:15,727 - mmcv - INFO - 
backbone.time_conv.bias - torch.Size([256]): 
The value is the same before and after calling `init_weights` of PETR  
 
2026-06-03 13:00:15,727 - mmcv - INFO - 
backbone.freq_gate.0.weight - torch.Size([22, 11]): 
The value is the same before and after calling `init_weights` of PETR  
 
2026-06-03 13:00:15,727 - mmcv - INFO - 
backbone.freq_gate.0.bias - torch.Size([22]): 
The value is the same before and after calling `init_weights` of PETR  
 
2026-06-03 13:00:15,727 - mmcv - INFO - 
backbone.freq_gate.2.weight - torch.Size([20, 22]): 
The value is the same before and after calling `init_weights` of PETR  
 
2026-06-03 13:00:15,727 - mmcv - INFO - 
backbone.freq_gate.2.bias - torch.Size([20]): 
The value is the same before and after calling `init_weights` of PETR  
 
2026-06-03 13:00:15,727 - mmcv - INFO - 
backbone.channel_proj.weight - torch.Size([256, 256]): 
The value is the same before and after calling `init_weights` of PETR  
 
2026-06-03 13:00:15,727 - mmcv - INFO - 
backbone.channel_proj.bias - torch.Size([256]): 
The value is the same before and after calling `init_weights` of PETR  
 
2026-06-03 13:00:15,727 - mmcv - INFO - 
backbone.norm.weight - torch.Size([256]): 
The value is the same before and after calling `init_weights` of PETR  
 
2026-06-03 13:00:15,727 - mmcv - INFO - 
backbone.norm.bias - torch.Size([256]): 
The value is the same before and after calling `init_weights` of PETR  
 
2026-06-03 13:00:15,727 - mmcv - INFO - 
bbox_head.encoder.layers.0.norm_t.weight - torch.Size([256]): 
The value is the same before and after calling `init_weights` of PETR  
 
2026-06-03 13:00:15,728 - mmcv - INFO - 
bbox_head.encoder.layers.0.norm_t.bias - torch.Size([256]): 
The value is the same before and after calling `init_weights` of PETR  
 
2026-06-03 13:00:15,728 - mmcv - INFO - 
bbox_head.encoder.layers.0.mamba_t.A_log - torch.Size([512, 16]): 
The value is the same before and after calling `init_weights` of PETR  
 
2026-06-03 13:00:15,728 - mmcv - INFO - 
bbox_head.encoder.layers.0.mamba_t.D - torch.Size([512]): 
The value is the same before and after calling `init_weights` of PETR  
 
2026-06-03 13:00:15,728 - mmcv - INFO - 
bbox_head.encoder.layers.0.mamba_t.in_proj.weight - torch.Size([1024, 256]): 
The value is the same before and after calling `init_weights` of PETR  
 
2026-06-03 13:00:15,728 - mmcv - INFO - 
bbox_head.encoder.layers.0.mamba_t.conv1d.weight - torch.Size([512, 1, 4]): 
The value is the same before and after calling `init_weights` of PETR  
 
2026-06-03 13:00:15,728 - mmcv - INFO - 
bbox_head.encoder.layers.0.mamba_t.conv1d.bias - torch.Size([512]): 
The value is the same before and after calling `init_weights` of PETR  
 
2026-06-03 13:00:15,728 - mmcv - INFO - 
bbox_head.encoder.layers.0.mamba_t.x_proj.weight - torch.Size([48, 512]): 
The value is the same before and after calling `init_weights` of PETR  
 
2026-06-03 13:00:15,728 - mmcv - INFO - 
bbox_head.encoder.layers.0.mamba_t.dt_proj.weight - torch.Size([512, 16]): 
The value is the same before and after calling `init_weights` of PETR  
 
2026-06-03 13:00:15,728 - mmcv - INFO - 
bbox_head.encoder.layers.0.mamba_t.dt_proj.bias - torch.Size([512]): 
The value is the same before and after calling `init_weights` of PETR  
 
2026-06-03 13:00:15,728 - mmcv - INFO - 
bbox_head.encoder.layers.0.mamba_t.out_proj.weight - torch.Size([256, 512]): 
The value is the same before and after calling `init_weights` of PETR  
 
2026-06-03 13:00:15,728 - mmcv - INFO - 
bbox_head.encoder.layers.0.norm_s.weight - torch.Size([256]): 
The value is the same before and after calling `init_weights` of PETR  
 
2026-06-03 13:00:15,728 - mmcv - INFO - 
bbox_head.encoder.layers.0.norm_s.bias - torch.Size([256]): 
The value is the same before and after calling `init_weights` of PETR  
 
2026-06-03 13:00:15,728 - mmcv - INFO - 
bbox_head.encoder.layers.0.spatial_mixer.0.weight - torch.Size([18, 9, 1]): 
The value is the same before and after calling `init_weights` of PETR  
 
2026-06-03 13:00:15,728 - mmcv - INFO - 
bbox_head.encoder.layers.0.spatial_mixer.0.bias - torch.Size([18]): 
The value is the same before and after calling `init_weights` of PETR  
 
2026-06-03 13:00:15,728 - mmcv - INFO - 
bbox_head.encoder.layers.0.spatial_mixer.2.weight - torch.Size([9, 18, 1]): 
The value is the same before and after calling `init_weights` of PETR  
 
2026-06-03 13:00:15,728 - mmcv - INFO - 
bbox_head.encoder.layers.0.spatial_mixer.2.bias - torch.Size([9]): 
The value is the same before and after calling `init_weights` of PETR  
 
2026-06-03 13:00:15,728 - mmcv - INFO - 
bbox_head.encoder.layers.1.norm_t.weight - torch.Size([256]): 
The value is the same before and after calling `init_weights` of PETR  
 
2026-06-03 13:00:15,728 - mmcv - INFO - 
bbox_head.encoder.layers.1.norm_t.bias - torch.Size([256]): 
The value is the same before and after calling `init_weights` of PETR  
 
2026-06-03 13:00:15,728 - mmcv - INFO - 
bbox_head.encoder.layers.1.mamba_t.A_log - torch.Size([512, 16]): 
The value is the same before and after calling `init_weights` of PETR  
 
2026-06-03 13:00:15,728 - mmcv - INFO - 
bbox_head.encoder.layers.1.mamba_t.D - torch.Size([512]): 
The value is the same before and after calling `init_weights` of PETR  
 
2026-06-03 13:00:15,728 - mmcv - INFO - 
bbox_head.encoder.layers.1.mamba_t.in_proj.weight - torch.Size([1024, 256]): 
The value is the same before and after calling `init_weights` of PETR  
 
2026-06-03 13:00:15,728 - mmcv - INFO - 
bbox_head.encoder.layers.1.mamba_t.conv1d.weight - torch.Size([512, 1, 4]): 
The value is the same before and after calling `init_weights` of PETR  
 
2026-06-03 13:00:15,728 - mmcv - INFO - 
bbox_head.encoder.layers.1.mamba_t.conv1d.bias - torch.Size([512]): 
The value is the same before and after calling `init_weights` of PETR  
 
2026-06-03 13:00:15,728 - mmcv - INFO - 
bbox_head.encoder.layers.1.mamba_t.x_proj.weight - torch.Size([48, 512]): 
The value is the same before and after calling `init_weights` of PETR  
 
2026-06-03 13:00:15,728 - mmcv - INFO - 
bbox_head.encoder.layers.1.mamba_t.dt_proj.weight - torch.Size([512, 16]): 
The value is the same before and after calling `init_weights` of PETR  
 
2026-06-03 13:00:15,728 - mmcv - INFO - 
bbox_head.encoder.layers.1.mamba_t.dt_proj.bias - torch.Size([512]): 
The value is the same before and after calling `init_weights` of PETR  
 
2026-06-03 13:00:15,728 - mmcv - INFO - 
bbox_head.encoder.layers.1.mamba_t.out_proj.weight - torch.Size([256, 512]): 
The value is the same before and after calling `init_weights` of PETR  
 
2026-06-03 13:00:15,728 - mmcv - INFO - 
bbox_head.encoder.layers.1.norm_s.weight - torch.Size([256]): 
The value is the same before and after calling `init_weights` of PETR  
 
2026-06-03 13:00:15,728 - mmcv - INFO - 
bbox_head.encoder.layers.1.norm_s.bias - torch.Size([256]): 
The value is the same before and after calling `init_weights` of PETR  
 
2026-06-03 13:00:15,728 - mmcv - INFO - 
bbox_head.encoder.layers.1.spatial_mixer.0.weight - torch.Size([18, 9, 1]): 
The value is the same before and after calling `init_weights` of PETR  
 
2026-06-03 13:00:15,729 - mmcv - INFO - 
bbox_head.encoder.layers.1.spatial_mixer.0.bias - torch.Size([18]): 
The value is the same before and after calling `init_weights` of PETR  
 
2026-06-03 13:00:15,729 - mmcv - INFO - 
bbox_head.encoder.layers.1.spatial_mixer.2.weight - torch.Size([9, 18, 1]): 
The value is the same before and after calling `init_weights` of PETR  
 
2026-06-03 13:00:15,729 - mmcv - INFO - 
bbox_head.encoder.layers.1.spatial_mixer.2.bias - torch.Size([9]): 
The value is the same before and after calling `init_weights` of PETR  
 
2026-06-03 13:00:15,729 - mmcv - INFO - 
bbox_head.encoder.layers.2.norm_t.weight - torch.Size([256]): 
The value is the same before and after calling `init_weights` of PETR  
 
2026-06-03 13:00:15,729 - mmcv - INFO - 
bbox_head.encoder.layers.2.norm_t.bias - torch.Size([256]): 
The value is the same before and after calling `init_weights` of PETR  
 
2026-06-03 13:00:15,729 - mmcv - INFO - 
bbox_head.encoder.layers.2.mamba_t.A_log - torch.Size([512, 16]): 
The value is the same before and after calling `init_weights` of PETR  
 
2026-06-03 13:00:15,729 - mmcv - INFO - 
bbox_head.encoder.layers.2.mamba_t.D - torch.Size([512]): 
The value is the same before and after calling `init_weights` of PETR  
 
2026-06-03 13:00:15,729 - mmcv - INFO - 
bbox_head.encoder.layers.2.mamba_t.in_proj.weight - torch.Size([1024, 256]): 
The value is the same before and after calling `init_weights` of PETR  
 
2026-06-03 13:00:15,729 - mmcv - INFO - 
bbox_head.encoder.layers.2.mamba_t.conv1d.weight - torch.Size([512, 1, 4]): 
The value is the same before and after calling `init_weights` of PETR  
 
2026-06-03 13:00:15,729 - mmcv - INFO - 
bbox_head.encoder.layers.2.mamba_t.conv1d.bias - torch.Size([512]): 
The value is the same before and after calling `init_weights` of PETR  
 
2026-06-03 13:00:15,729 - mmcv - INFO - 
bbox_head.encoder.layers.2.mamba_t.x_proj.weight - torch.Size([48, 512]): 
The value is the same before and after calling `init_weights` of PETR  
 
2026-06-03 13:00:15,729 - mmcv - INFO - 
bbox_head.encoder.layers.2.mamba_t.dt_proj.weight - torch.Size([512, 16]): 
The value is the same before and after calling `init_weights` of PETR  
 
2026-06-03 13:00:15,729 - mmcv - INFO - 
bbox_head.encoder.layers.2.mamba_t.dt_proj.bias - torch.Size([512]): 
The value is the same before and after calling `init_weights` of PETR  
 
2026-06-03 13:00:15,729 - mmcv - INFO - 
bbox_head.encoder.layers.2.mamba_t.out_proj.weight - torch.Size([256, 512]): 
The value is the same before and after calling `init_weights` of PETR  
 
2026-06-03 13:00:15,729 - mmcv - INFO - 
bbox_head.encoder.layers.2.norm_s.weight - torch.Size([256]): 
The value is the same before and after calling `init_weights` of PETR  
 
2026-06-03 13:00:15,729 - mmcv - INFO - 
bbox_head.encoder.layers.2.norm_s.bias - torch.Size([256]): 
The value is the same before and after calling `init_weights` of PETR  
 
2026-06-03 13:00:15,729 - mmcv - INFO - 
bbox_head.encoder.layers.2.spatial_mixer.0.weight - torch.Size([18, 9, 1]): 
The value is the same before and after calling `init_weights` of PETR  
 
2026-06-03 13:00:15,729 - mmcv - INFO - 
bbox_head.encoder.layers.2.spatial_mixer.0.bias - torch.Size([18]): 
The value is the same before and after calling `init_weights` of PETR  
 
2026-06-03 13:00:15,729 - mmcv - INFO - 
bbox_head.encoder.layers.2.spatial_mixer.2.weight - torch.Size([9, 18, 1]): 
The value is the same before and after calling `init_weights` of PETR  
 
2026-06-03 13:00:15,729 - mmcv - INFO - 
bbox_head.encoder.layers.2.spatial_mixer.2.bias - torch.Size([9]): 
The value is the same before and after calling `init_weights` of PETR  
 
2026-06-03 13:00:15,729 - mmcv - INFO - 
bbox_head.encoder.layers.3.norm_t.weight - torch.Size([256]): 
The value is the same before and after calling `init_weights` of PETR  
 
2026-06-03 13:00:15,729 - mmcv - INFO - 
bbox_head.encoder.layers.3.norm_t.bias - torch.Size([256]): 
The value is the same before and after calling `init_weights` of PETR  
 
2026-06-03 13:00:15,729 - mmcv - INFO - 
bbox_head.encoder.layers.3.mamba_t.A_log - torch.Size([512, 16]): 
The value is the same before and after calling `init_weights` of PETR  
 
2026-06-03 13:00:15,729 - mmcv - INFO - 
bbox_head.encoder.layers.3.mamba_t.D - torch.Size([512]): 
The value is the same before and after calling `init_weights` of PETR  
 
2026-06-03 13:00:15,729 - mmcv - INFO - 
bbox_head.encoder.layers.3.mamba_t.in_proj.weight - torch.Size([1024, 256]): 
The value is the same before and after calling `init_weights` of PETR  
 
2026-06-03 13:00:15,729 - mmcv - INFO - 
bbox_head.encoder.layers.3.mamba_t.conv1d.weight - torch.Size([512, 1, 4]): 
The value is the same before and after calling `init_weights` of PETR  
 
2026-06-03 13:00:15,729 - mmcv - INFO - 
bbox_head.encoder.layers.3.mamba_t.conv1d.bias - torch.Size([512]): 
The value is the same before and after calling `init_weights` of PETR  
 
2026-06-03 13:00:15,729 - mmcv - INFO - 
bbox_head.encoder.layers.3.mamba_t.x_proj.weight - torch.Size([48, 512]): 
The value is the same before and after calling `init_weights` of PETR  
 
2026-06-03 13:00:15,729 - mmcv - INFO - 
bbox_head.encoder.layers.3.mamba_t.dt_proj.weight - torch.Size([512, 16]): 
The value is the same before and after calling `init_weights` of PETR  
 
2026-06-03 13:00:15,729 - mmcv - INFO - 
bbox_head.encoder.layers.3.mamba_t.dt_proj.bias - torch.Size([512]): 
The value is the same before and after calling `init_weights` of PETR  
 
2026-06-03 13:00:15,729 - mmcv - INFO - 
bbox_head.encoder.layers.3.mamba_t.out_proj.weight - torch.Size([256, 512]): 
The value is the same before and after calling `init_weights` of PETR  
 
2026-06-03 13:00:15,730 - mmcv - INFO - 
bbox_head.encoder.layers.3.norm_s.weight - torch.Size([256]): 
The value is the same before and after calling `init_weights` of PETR  
 
2026-06-03 13:00:15,730 - mmcv - INFO - 
bbox_head.encoder.layers.3.norm_s.bias - torch.Size([256]): 
The value is the same before and after calling `init_weights` of PETR  
 
2026-06-03 13:00:15,730 - mmcv - INFO - 
bbox_head.encoder.layers.3.spatial_mixer.0.weight - torch.Size([18, 9, 1]): 
The value is the same before and after calling `init_weights` of PETR  
 
2026-06-03 13:00:15,730 - mmcv - INFO - 
bbox_head.encoder.layers.3.spatial_mixer.0.bias - torch.Size([18]): 
The value is the same before and after calling `init_weights` of PETR  
 
2026-06-03 13:00:15,730 - mmcv - INFO - 
bbox_head.encoder.layers.3.spatial_mixer.2.weight - torch.Size([9, 18, 1]): 
The value is the same before and after calling `init_weights` of PETR  
 
2026-06-03 13:00:15,730 - mmcv - INFO - 
bbox_head.encoder.layers.3.spatial_mixer.2.bias - torch.Size([9]): 
The value is the same before and after calling `init_weights` of PETR  
 
2026-06-03 13:00:15,730 - mmcv - INFO - 
bbox_head.encoder.final_norm.weight - torch.Size([256]): 
The value is the same before and after calling `init_weights` of PETR  
 
2026-06-03 13:00:15,730 - mmcv - INFO - 
bbox_head.encoder.final_norm.bias - torch.Size([256]): 
The value is the same before and after calling `init_weights` of PETR  
 
2026-06-03 13:00:15,730 - mmcv - INFO - 
bbox_head.decoder_attn.in_proj_weight - torch.Size([768, 256]): 
The value is the same before and after calling `init_weights` of PETR  
 
2026-06-03 13:00:15,730 - mmcv - INFO - 
bbox_head.decoder_attn.in_proj_bias - torch.Size([768]): 
The value is the same before and after calling `init_weights` of PETR  
 
2026-06-03 13:00:15,730 - mmcv - INFO - 
bbox_head.decoder_attn.out_proj.weight - torch.Size([256, 256]): 
The value is the same before and after calling `init_weights` of PETR  
 
2026-06-03 13:00:15,730 - mmcv - INFO - 
bbox_head.decoder_attn.out_proj.bias - torch.Size([256]): 
The value is the same before and after calling `init_weights` of PETR  
 
2026-06-03 13:00:15,730 - mmcv - INFO - 
bbox_head.query_embedding.weight - torch.Size([100, 256]): 
Initialized by user-defined `init_weights` in WiTiDARHead  
 
2026-06-03 13:00:15,730 - mmcv - INFO - 
bbox_head.decoder_norm.weight - torch.Size([256]): 
The value is the same before and after calling `init_weights` of PETR  
 
2026-06-03 13:00:15,730 - mmcv - INFO - 
bbox_head.decoder_norm.bias - torch.Size([256]): 
The value is the same before and after calling `init_weights` of PETR  
 
2026-06-03 13:00:15,730 - mmcv - INFO - 
bbox_head.draft_regressor.0.weight - torch.Size([256, 256]): 
Initialized by user-defined `init_weights` in WiTiDARHead  
 
2026-06-03 13:00:15,730 - mmcv - INFO - 
bbox_head.draft_regressor.0.bias - torch.Size([256]): 
Initialized by user-defined `init_weights` in WiTiDARHead  
 
2026-06-03 13:00:15,730 - mmcv - INFO - 
bbox_head.draft_regressor.2.weight - torch.Size([256, 256]): 
Initialized by user-defined `init_weights` in WiTiDARHead  
 
2026-06-03 13:00:15,730 - mmcv - INFO - 
bbox_head.draft_regressor.2.bias - torch.Size([256]): 
Initialized by user-defined `init_weights` in WiTiDARHead  
 
2026-06-03 13:00:15,730 - mmcv - INFO - 
bbox_head.draft_regressor.4.weight - torch.Size([42, 256]): 
Initialized by user-defined `init_weights` in WiTiDARHead  
 
2026-06-03 13:00:15,730 - mmcv - INFO - 
bbox_head.draft_regressor.4.bias - torch.Size([42]): 
Initialized by user-defined `init_weights` in WiTiDARHead  
 
2026-06-03 13:00:15,730 - mmcv - INFO - 
bbox_head.cls_head.weight - torch.Size([1, 256]): 
The value is the same before and after calling `init_weights` of PETR  
 
2026-06-03 13:00:15,730 - mmcv - INFO - 
bbox_head.cls_head.bias - torch.Size([1]): 
Initialized by user-defined `init_weights` in WiTiDARHead  
 
2026-06-03 13:00:15,730 - mmcv - INFO - 
bbox_head.flow_model.velocity_net.time_mlp.1.weight - torch.Size([128, 64]): 
The value is the same before and after calling `init_weights` of PETR  
 
2026-06-03 13:00:15,730 - mmcv - INFO - 
bbox_head.flow_model.velocity_net.time_mlp.1.bias - torch.Size([128]): 
The value is the same before and after calling `init_weights` of PETR  
 
2026-06-03 13:00:15,730 - mmcv - INFO - 
bbox_head.flow_model.velocity_net.time_mlp.3.weight - torch.Size([64, 128]): 
The value is the same before and after calling `init_weights` of PETR  
 
2026-06-03 13:00:15,730 - mmcv - INFO - 
bbox_head.flow_model.velocity_net.time_mlp.3.bias - torch.Size([64]): 
The value is the same before and after calling `init_weights` of PETR  
 
2026-06-03 13:00:15,730 - mmcv - INFO - 
bbox_head.flow_model.velocity_net.input_proj.weight - torch.Size([512, 362]): 
The value is the same before and after calling `init_weights` of PETR  
 
2026-06-03 13:00:15,730 - mmcv - INFO - 
bbox_head.flow_model.velocity_net.input_proj.bias - torch.Size([512]): 
The value is the same before and after calling `init_weights` of PETR  
 
2026-06-03 13:00:15,730 - mmcv - INFO - 
bbox_head.flow_model.velocity_net.blocks.0.net.0.weight - torch.Size([512]): 
The value is the same before and after calling `init_weights` of PETR  
 
2026-06-03 13:00:15,731 - mmcv - INFO - 
bbox_head.flow_model.velocity_net.blocks.0.net.0.bias - torch.Size([512]): 
The value is the same before and after calling `init_weights` of PETR  
 
2026-06-03 13:00:15,731 - mmcv - INFO - 
bbox_head.flow_model.velocity_net.blocks.0.net.1.weight - torch.Size([512, 512]): 
The value is the same before and after calling `init_weights` of PETR  
 
2026-06-03 13:00:15,731 - mmcv - INFO - 
bbox_head.flow_model.velocity_net.blocks.0.net.1.bias - torch.Size([512]): 
The value is the same before and after calling `init_weights` of PETR  
 
2026-06-03 13:00:15,731 - mmcv - INFO - 
bbox_head.flow_model.velocity_net.blocks.0.net.4.weight - torch.Size([512, 512]): 
The value is the same before and after calling `init_weights` of PETR  
 
2026-06-03 13:00:15,731 - mmcv - INFO - 
bbox_head.flow_model.velocity_net.blocks.0.net.4.bias - torch.Size([512]): 
The value is the same before and after calling `init_weights` of PETR  
 
2026-06-03 13:00:15,731 - mmcv - INFO - 
bbox_head.flow_model.velocity_net.blocks.1.net.0.weight - torch.Size([512]): 
The value is the same before and after calling `init_weights` of PETR  
 
2026-06-03 13:00:15,731 - mmcv - INFO - 
bbox_head.flow_model.velocity_net.blocks.1.net.0.bias - torch.Size([512]): 
The value is the same before and after calling `init_weights` of PETR  
 
2026-06-03 13:00:15,731 - mmcv - INFO - 
bbox_head.flow_model.velocity_net.blocks.1.net.1.weight - torch.Size([512, 512]): 
The value is the same before and after calling `init_weights` of PETR  
 
2026-06-03 13:00:15,731 - mmcv - INFO - 
bbox_head.flow_model.velocity_net.blocks.1.net.1.bias - torch.Size([512]): 
The value is the same before and after calling `init_weights` of PETR  
 
2026-06-03 13:00:15,731 - mmcv - INFO - 
bbox_head.flow_model.velocity_net.blocks.1.net.4.weight - torch.Size([512, 512]): 
The value is the same before and after calling `init_weights` of PETR  
 
2026-06-03 13:00:15,731 - mmcv - INFO - 
bbox_head.flow_model.velocity_net.blocks.1.net.4.bias - torch.Size([512]): 
The value is the same before and after calling `init_weights` of PETR  
 
2026-06-03 13:00:15,731 - mmcv - INFO - 
bbox_head.flow_model.velocity_net.blocks.2.net.0.weight - torch.Size([512]): 
The value is the same before and after calling `init_weights` of PETR  
 
2026-06-03 13:00:15,731 - mmcv - INFO - 
bbox_head.flow_model.velocity_net.blocks.2.net.0.bias - torch.Size([512]): 
The value is the same before and after calling `init_weights` of PETR  
 
2026-06-03 13:00:15,731 - mmcv - INFO - 
bbox_head.flow_model.velocity_net.blocks.2.net.1.weight - torch.Size([512, 512]): 
The value is the same before and after calling `init_weights` of PETR  
 
2026-06-03 13:00:15,731 - mmcv - INFO - 
bbox_head.flow_model.velocity_net.blocks.2.net.1.bias - torch.Size([512]): 
The value is the same before and after calling `init_weights` of PETR  
 
2026-06-03 13:00:15,731 - mmcv - INFO - 
bbox_head.flow_model.velocity_net.blocks.2.net.4.weight - torch.Size([512, 512]): 
The value is the same before and after calling `init_weights` of PETR  
 
2026-06-03 13:00:15,731 - mmcv - INFO - 
bbox_head.flow_model.velocity_net.blocks.2.net.4.bias - torch.Size([512]): 
The value is the same before and after calling `init_weights` of PETR  
 
2026-06-03 13:00:15,731 - mmcv - INFO - 
bbox_head.flow_model.velocity_net.output_norm.weight - torch.Size([512]): 
The value is the same before and after calling `init_weights` of PETR  
 
2026-06-03 13:00:15,731 - mmcv - INFO - 
bbox_head.flow_model.velocity_net.output_norm.bias - torch.Size([512]): 
The value is the same before and after calling `init_weights` of PETR  
 
2026-06-03 13:00:15,731 - mmcv - INFO - 
bbox_head.flow_model.velocity_net.final_linear.weight - torch.Size([42, 512]): 
The value is the same before and after calling `init_weights` of PETR  
 
2026-06-03 13:00:15,731 - mmcv - INFO - 
bbox_head.flow_model.velocity_net.final_linear.bias - torch.Size([42]): 
The value is the same before and after calling `init_weights` of PETR  
 
2026-06-03 13:00:15,874 - mmdet - INFO - Automatic scaling of learning rate (LR) has been disabled.
2026-06-03 13:00:15,883 - mmdet - INFO - Start running, host: root@cf7a4801a593, work_dir: /root/Person-in-WiFi-3D/work_dirs/wimamba_backbone_ablation_witidar_v2/M1V2
2026-06-03 13:00:15,883 - mmdet - INFO - Hooks will be executed in the following order:
before_run:
(VERY_HIGH   ) StepLrUpdaterHook                  
(NORMAL      ) LatestCheckpointHook               
(LOW         ) EvalHook                           
(VERY_LOW    ) TextLoggerHook                     
 -------------------- 
before_train_epoch:
(VERY_HIGH   ) StepLrUpdaterHook                  
(NORMAL      ) NumClassCheckHook                  
(NORMAL      ) BoneLossWarmupHook                 
(LOW         ) IterTimerHook                      
(LOW         ) EvalHook                           
(VERY_LOW    ) TextLoggerHook                     
 -------------------- 
before_train_iter:
(VERY_HIGH   ) StepLrUpdaterHook                  
(LOW         ) IterTimerHook                      
(LOW         ) EvalHook                           
 -------------------- 
after_train_iter:
(ABOVE_NORMAL) OptimizerHook                      
(NORMAL      ) LatestCheckpointHook               
(LOW         ) IterTimerHook                      
(LOW         ) EvalHook                           
(VERY_LOW    ) TextLoggerHook                     
 -------------------- 
after_train_epoch:
(NORMAL      ) LatestCheckpointHook               
(LOW         ) EvalHook                           
(VERY_LOW    ) TextLoggerHook                     
 -------------------- 
before_val_epoch:
(NORMAL      ) NumClassCheckHook                  
(LOW         ) IterTimerHook                      
(VERY_LOW    ) TextLoggerHook                     
 -------------------- 
before_val_iter:
(LOW         ) IterTimerHook                      
 -------------------- 
after_val_iter:
(LOW         ) IterTimerHook                      
 -------------------- 
after_val_epoch:
(VERY_LOW    ) TextLoggerHook                     
 -------------------- 
after_run:
(VERY_LOW    ) TextLoggerHook                     
 -------------------- 
2026-06-03 13:00:15,883 - mmdet - INFO - workflow: [('train', 1)], max: 1 epochs
2026-06-03 13:00:15,883 - mmdet - INFO - Checkpoints will be saved to /root/Person-in-WiFi-3D/work_dirs/wimamba_backbone_ablation_witidar_v2/M1V2 by HardDiskBackend.
2026-06-03 13:00:15,885 - mmdet - INFO - [BoneLossWarmup] Epoch 1/1 | Warmup: 1e, Ramp: 1e | Bone weight -> 0.0000
>>> Successfully patched mmcv._get_stream for PyTorch 2.0 compatibility.
[WiTiDARHead] Loaded gt_bone_stats.json from /root/Person-in-WiFi-3D/gt_bone_stats.json
2026-06-03 13:00:41,942 - mmdet - INFO - Epoch [1][50/2811]	lr: 2.000e-06, eta: 0:23:58, time: 0.521, data_time: 0.074, memory: 691, loss_cls: 1.4982, loss_kpt: 350.8697, loss_flow: 32.8272, loss_bone: 0.0000, loss: 385.1951, grad_norm: 628.5823
2026-06-03 13:01:01,370 - mmdet - INFO - Epoch [1][100/2811]	lr: 2.000e-06, eta: 0:20:33, time: 0.389, data_time: 0.019, memory: 691, loss_cls: 1.4335, loss_kpt: 217.2544, loss_flow: 10.1385, loss_bone: 0.0000, loss: 228.8264, grad_norm: 508.9712
2026-06-03 13:01:20,463 - mmdet - INFO - Epoch [1][150/2811]	lr: 2.000e-06, eta: 0:19:05, time: 0.382, data_time: 0.019, memory: 691, loss_cls: 1.3593, loss_kpt: 129.9015, loss_flow: 5.0481, loss_bone: 0.0000, loss: 136.3089, grad_norm: 405.0549
2026-06-03 13:01:42,116 - mmdet - INFO - Epoch [1][200/2811]	lr: 2.000e-06, eta: 0:18:45, time: 0.433, data_time: 0.020, memory: 691, loss_cls: 1.1309, loss_kpt: 97.1720, loss_flow: 2.9011, loss_bone: 0.0000, loss: 101.2040, grad_norm: 244.4405
2026-06-03 13:02:01,832 - mmdet - INFO - Epoch [1][250/2811]	lr: 2.000e-06, eta: 0:18:05, time: 0.394, data_time: 0.021, memory: 691, loss_cls: 0.9479, loss_kpt: 93.3057, loss_flow: 1.5447, loss_bone: 0.0000, loss: 95.7982, grad_norm: 197.7223
2026-06-03 13:02:21,642 - mmdet - INFO - Epoch [1][300/2811]	lr: 2.000e-06, eta: 0:17:32, time: 0.396, data_time: 0.020, memory: 691, loss_cls: 0.9287, loss_kpt: 92.1092, loss_flow: 0.9161, loss_bone: 0.0000, loss: 93.9540, grad_norm: 208.8399
2026-06-03 13:02:41,648 - mmdet - INFO - Epoch [1][350/2811]	lr: 2.000e-06, eta: 0:17:04, time: 0.400, data_time: 0.021, memory: 691, loss_cls: 0.9165, loss_kpt: 90.9525, loss_flow: 0.7330, loss_bone: 0.0000, loss: 92.6020, grad_norm: 228.6625
2026-06-03 13:03:02,877 - mmdet - INFO - Epoch [1][400/2811]	lr: 2.000e-06, eta: 0:16:46, time: 0.425, data_time: 0.021, memory: 691, loss_cls: 0.8948, loss_kpt: 89.0223, loss_flow: 0.6689, loss_bone: 0.0000, loss: 90.5860, grad_norm: 235.5258
2026-06-03 13:03:23,534 - mmdet - INFO - Epoch [1][450/2811]	lr: 2.000e-06, eta: 0:16:24, time: 0.413, data_time: 0.021, memory: 691, loss_cls: 0.8733, loss_kpt: 84.6798, loss_flow: 0.6561, loss_bone: 0.0000, loss: 86.2092, grad_norm: 296.0381
2026-06-03 13:03:45,223 - mmdet - INFO - Epoch [1][500/2811]	lr: 2.000e-06, eta: 0:16:07, time: 0.434, data_time: 0.021, memory: 691, loss_cls: 0.8390, loss_kpt: 76.6186, loss_flow: 0.7191, loss_bone: 0.0000, loss: 78.1767, grad_norm: 355.5928
2026-06-03 13:04:07,489 - mmdet - INFO - Epoch [1][550/2811]	lr: 2.000e-06, eta: 0:15:52, time: 0.445, data_time: 0.021, memory: 691, loss_cls: 0.8042, loss_kpt: 61.8071, loss_flow: 0.8644, loss_bone: 0.0000, loss: 63.4756, grad_norm: 461.8572
2026-06-03 13:04:27,720 - mmdet - INFO - Epoch [1][600/2811]	lr: 2.000e-06, eta: 0:15:27, time: 0.405, data_time: 0.023, memory: 691, loss_cls: 0.7712, loss_kpt: 54.0282, loss_flow: 0.7856, loss_bone: 0.0000, loss: 55.5850, grad_norm: 596.1675
2026-06-03 13:04:48,117 - mmdet - INFO - Epoch [1][650/2811]	lr: 2.000e-06, eta: 0:15:05, time: 0.408, data_time: 0.019, memory: 691, loss_cls: 0.7337, loss_kpt: 49.3113, loss_flow: 0.6686, loss_bone: 0.0000, loss: 50.7136, grad_norm: 664.1103
2026-06-03 13:05:08,018 - mmdet - INFO - Epoch [1][700/2811]	lr: 2.000e-06, eta: 0:14:40, time: 0.398, data_time: 0.020, memory: 691, loss_cls: 0.7101, loss_kpt: 46.1837, loss_flow: 0.6213, loss_bone: 0.0000, loss: 47.5151, grad_norm: 717.8210
2026-06-03 13:05:28,486 - mmdet - INFO - Epoch [1][750/2811]	lr: 2.000e-06, eta: 0:14:19, time: 0.409, data_time: 0.021, memory: 691, loss_cls: 0.6934, loss_kpt: 45.5816, loss_flow: 0.6039, loss_bone: 0.0000, loss: 46.8789, grad_norm: 697.3210
2026-06-03 13:05:48,717 - mmdet - INFO - Epoch [1][800/2811]	lr: 2.000e-06, eta: 0:13:56, time: 0.405, data_time: 0.021, memory: 691, loss_cls: 0.6764, loss_kpt: 45.2950, loss_flow: 0.5905, loss_bone: 0.0000, loss: 46.5619, grad_norm: 745.3082
2026-06-03 13:06:06,326 - mmdet - INFO - Epoch [1][850/2811]	lr: 2.000e-06, eta: 0:13:28, time: 0.352, data_time: 0.019, memory: 691, loss_cls: 0.6633, loss_kpt: 43.0929, loss_flow: 0.5803, loss_bone: 0.0000, loss: 44.3365, grad_norm: 825.3414
2026-06-03 13:06:25,218 - mmdet - INFO - Epoch [1][900/2811]	lr: 2.000e-06, eta: 0:13:04, time: 0.378, data_time: 0.020, memory: 691, loss_cls: 0.6600, loss_kpt: 41.8649, loss_flow: 0.5492, loss_bone: 0.0000, loss: 43.0741, grad_norm: 762.8226
2026-06-03 13:06:42,856 - mmdet - INFO - Epoch [1][950/2811]	lr: 2.000e-06, eta: 0:12:38, time: 0.353, data_time: 0.019, memory: 691, loss_cls: 0.6410, loss_kpt: 40.3550, loss_flow: 0.5257, loss_bone: 0.0000, loss: 41.5217, grad_norm: 732.9026
2026-06-03 13:07:04,834 - mmdet - INFO - Exp name: wi_tidir_wifi_mamba_v2.py
2026-06-03 13:07:04,834 - mmdet - INFO - Epoch [1][1000/2811]	lr: 2.000e-06, eta: 0:12:20, time: 0.440, data_time: 0.020, memory: 691, loss_cls: 0.6329, loss_kpt: 38.6532, loss_flow: 0.5226, loss_bone: 0.0000, loss: 39.8087, grad_norm: 850.8401
2026-06-03 13:07:27,478 - mmdet - INFO - Epoch [1][1050/2811]	lr: 2.000e-06, eta: 0:12:03, time: 0.453, data_time: 0.021, memory: 691, loss_cls: 0.6270, loss_kpt: 37.9209, loss_flow: 0.5152, loss_bone: 0.0000, loss: 39.0632, grad_norm: 749.8402
2026-06-03 13:07:48,230 - mmdet - INFO - Epoch [1][1100/2811]	lr: 2.000e-06, eta: 0:11:43, time: 0.415, data_time: 0.020, memory: 691, loss_cls: 0.6186, loss_kpt: 36.6323, loss_flow: 0.5074, loss_bone: 0.0000, loss: 37.7583, grad_norm: 827.8132
2026-06-03 13:08:10,285 - mmdet - INFO - Epoch [1][1150/2811]	lr: 2.000e-06, eta: 0:11:25, time: 0.441, data_time: 0.021, memory: 691, loss_cls: 0.6115, loss_kpt: 36.4791, loss_flow: 0.5070, loss_bone: 0.0000, loss: 37.5976, grad_norm: 876.5709
2026-06-03 13:08:32,821 - mmdet - INFO - Epoch [1][1200/2811]	lr: 2.000e-06, eta: 0:11:07, time: 0.451, data_time: 0.021, memory: 691, loss_cls: 0.6037, loss_kpt: 35.5183, loss_flow: 0.4986, loss_bone: 0.0000, loss: 36.6207, grad_norm: 886.3753
2026-06-03 13:08:54,265 - mmdet - INFO - Epoch [1][1250/2811]	lr: 2.000e-06, eta: 0:10:47, time: 0.429, data_time: 0.021, memory: 691, loss_cls: 0.5996, loss_kpt: 34.4278, loss_flow: 0.4912, loss_bone: 0.0000, loss: 35.5185, grad_norm: 981.4344
2026-06-03 13:09:14,258 - mmdet - INFO - Epoch [1][1300/2811]	lr: 2.000e-06, eta: 0:10:25, time: 0.400, data_time: 0.021, memory: 691, loss_cls: 0.5973, loss_kpt: 33.9875, loss_flow: 0.4803, loss_bone: 0.0000, loss: 35.0652, grad_norm: 894.5199
2026-06-03 13:09:36,011 - mmdet - INFO - Epoch [1][1350/2811]	lr: 2.000e-06, eta: 0:10:06, time: 0.435, data_time: 0.021, memory: 691, loss_cls: 0.5935, loss_kpt: 33.3121, loss_flow: 0.4742, loss_bone: 0.0000, loss: 34.3798, grad_norm: 870.4744
2026-06-03 13:09:56,414 - mmdet - INFO - Epoch [1][1400/2811]	lr: 2.000e-06, eta: 0:09:45, time: 0.408, data_time: 0.021, memory: 691, loss_cls: 0.5974, loss_kpt: 32.5649, loss_flow: 0.4587, loss_bone: 0.0000, loss: 33.6210, grad_norm: 929.9728
2026-06-03 13:10:16,515 - mmdet - INFO - Epoch [1][1450/2811]	lr: 2.000e-06, eta: 0:09:23, time: 0.402, data_time: 0.021, memory: 691, loss_cls: 0.5961, loss_kpt: 32.1944, loss_flow: 0.4564, loss_bone: 0.0000, loss: 33.2469, grad_norm: 865.0289
2026-06-03 13:10:36,283 - mmdet - INFO - Epoch [1][1500/2811]	lr: 2.000e-06, eta: 0:09:02, time: 0.395, data_time: 0.020, memory: 691, loss_cls: 0.5943, loss_kpt: 31.8683, loss_flow: 0.4421, loss_bone: 0.0000, loss: 32.9046, grad_norm: 924.9782
2026-06-03 13:10:56,531 - mmdet - INFO - Epoch [1][1550/2811]	lr: 2.000e-06, eta: 0:08:41, time: 0.405, data_time: 0.021, memory: 691, loss_cls: 0.5915, loss_kpt: 31.6591, loss_flow: 0.4358, loss_bone: 0.0000, loss: 32.6864, grad_norm: 883.7947
2026-06-03 13:11:16,328 - mmdet - INFO - Epoch [1][1600/2811]	lr: 2.000e-06, eta: 0:08:19, time: 0.396, data_time: 0.021, memory: 691, loss_cls: 0.5971, loss_kpt: 31.5491, loss_flow: 0.4334, loss_bone: 0.0000, loss: 32.5796, grad_norm: 953.9121
2026-06-03 13:11:33,616 - mmdet - INFO - Epoch [1][1650/2811]	lr: 2.000e-06, eta: 0:07:56, time: 0.346, data_time: 0.019, memory: 691, loss_cls: 0.5905, loss_kpt: 31.2493, loss_flow: 0.4225, loss_bone: 0.0000, loss: 32.2623, grad_norm: 917.4465
2026-06-03 13:11:52,544 - mmdet - INFO - Epoch [1][1700/2811]	lr: 2.000e-06, eta: 0:07:35, time: 0.379, data_time: 0.019, memory: 691, loss_cls: 0.5893, loss_kpt: 30.5750, loss_flow: 0.4111, loss_bone: 0.0000, loss: 31.5755, grad_norm: 865.2482
2026-06-03 13:12:14,339 - mmdet - INFO - Epoch [1][1750/2811]	lr: 2.000e-06, eta: 0:07:15, time: 0.436, data_time: 0.021, memory: 691, loss_cls: 0.5908, loss_kpt: 30.8473, loss_flow: 0.4196, loss_bone: 0.0000, loss: 31.8577, grad_norm: 870.1511
2026-06-03 13:12:35,117 - mmdet - INFO - Epoch [1][1800/2811]	lr: 2.000e-06, eta: 0:06:55, time: 0.416, data_time: 0.021, memory: 691, loss_cls: 0.5857, loss_kpt: 30.5585, loss_flow: 0.4071, loss_bone: 0.0000, loss: 31.5513, grad_norm: 878.5485
2026-06-03 13:12:57,023 - mmdet - INFO - Epoch [1][1850/2811]	lr: 2.000e-06, eta: 0:06:35, time: 0.438, data_time: 0.021, memory: 691, loss_cls: 0.5891, loss_kpt: 29.6464, loss_flow: 0.3933, loss_bone: 0.0000, loss: 30.6288, grad_norm: 906.3947
2026-06-03 13:13:19,119 - mmdet - INFO - Epoch [1][1900/2811]	lr: 2.000e-06, eta: 0:06:15, time: 0.442, data_time: 0.021, memory: 691, loss_cls: 0.5897, loss_kpt: 30.1844, loss_flow: 0.3998, loss_bone: 0.0000, loss: 31.1740, grad_norm: 842.5923
2026-06-03 13:13:39,271 - mmdet - INFO - Epoch [1][1950/2811]	lr: 2.000e-06, eta: 0:05:54, time: 0.403, data_time: 0.020, memory: 691, loss_cls: 0.5868, loss_kpt: 30.0602, loss_flow: 0.3956, loss_bone: 0.0000, loss: 31.0425, grad_norm: 904.0574
2026-06-03 13:13:59,686 - mmdet - INFO - Exp name: wi_tidir_wifi_mamba_v2.py
2026-06-03 13:13:59,686 - mmdet - INFO - Epoch [1][2000/2811]	lr: 2.000e-06, eta: 0:05:34, time: 0.408, data_time: 0.020, memory: 691, loss_cls: 0.5861, loss_kpt: 29.9802, loss_flow: 0.3992, loss_bone: 0.0000, loss: 30.9654, grad_norm: 904.8471
2026-06-03 13:14:20,298 - mmdet - INFO - Epoch [1][2050/2811]	lr: 2.000e-06, eta: 0:05:13, time: 0.412, data_time: 0.021, memory: 691, loss_cls: 0.5904, loss_kpt: 29.5058, loss_flow: 0.3945, loss_bone: 0.0000, loss: 30.4907, grad_norm: 985.4945
2026-06-03 13:14:39,653 - mmdet - INFO - Epoch [1][2100/2811]	lr: 2.000e-06, eta: 0:04:52, time: 0.387, data_time: 0.019, memory: 691, loss_cls: 0.5862, loss_kpt: 29.2042, loss_flow: 0.3826, loss_bone: 0.0000, loss: 30.1731, grad_norm: 876.1249
2026-06-03 13:14:59,214 - mmdet - INFO - Epoch [1][2150/2811]	lr: 2.000e-06, eta: 0:04:31, time: 0.391, data_time: 0.020, memory: 691, loss_cls: 0.5867, loss_kpt: 29.6547, loss_flow: 0.3867, loss_bone: 0.0000, loss: 30.6281, grad_norm: 951.6998
2026-06-03 13:15:21,141 - mmdet - INFO - Epoch [1][2200/2811]	lr: 2.000e-06, eta: 0:04:11, time: 0.439, data_time: 0.021, memory: 691, loss_cls: 0.5837, loss_kpt: 29.0831, loss_flow: 0.3809, loss_bone: 0.0000, loss: 30.0478, grad_norm: 880.6794
2026-06-03 13:15:40,956 - mmdet - INFO - Epoch [1][2250/2811]	lr: 2.000e-06, eta: 0:03:50, time: 0.396, data_time: 0.019, memory: 691, loss_cls: 0.5813, loss_kpt: 28.8619, loss_flow: 0.3743, loss_bone: 0.0000, loss: 29.8174, grad_norm: 786.2875
2026-06-03 13:15:57,516 - mmdet - INFO - Epoch [1][2300/2811]	lr: 2.000e-06, eta: 0:03:29, time: 0.331, data_time: 0.017, memory: 691, loss_cls: 0.5879, loss_kpt: 28.9424, loss_flow: 0.3767, loss_bone: 0.0000, loss: 29.9071, grad_norm: 886.4677
2026-06-03 13:16:13,524 - mmdet - INFO - Epoch [1][2350/2811]	lr: 2.000e-06, eta: 0:03:07, time: 0.320, data_time: 0.018, memory: 691, loss_cls: 0.5892, loss_kpt: 28.6919, loss_flow: 0.3693, loss_bone: 0.0000, loss: 29.6504, grad_norm: 830.9476
2026-06-03 13:16:32,042 - mmdet - INFO - Epoch [1][2400/2811]	lr: 2.000e-06, eta: 0:02:47, time: 0.370, data_time: 0.019, memory: 691, loss_cls: 0.5887, loss_kpt: 28.3142, loss_flow: 0.3721, loss_bone: 0.0000, loss: 29.2749, grad_norm: 852.2479
2026-06-03 13:16:48,420 - mmdet - INFO - Epoch [1][2450/2811]	lr: 2.000e-06, eta: 0:02:26, time: 0.328, data_time: 0.018, memory: 691, loss_cls: 0.5821, loss_kpt: 28.4021, loss_flow: 0.3669, loss_bone: 0.0000, loss: 29.3512, grad_norm: 875.1380
2026-06-03 13:17:07,262 - mmdet - INFO - Epoch [1][2500/2811]	lr: 2.000e-06, eta: 0:02:05, time: 0.377, data_time: 0.019, memory: 691, loss_cls: 0.5853, loss_kpt: 28.0815, loss_flow: 0.3585, loss_bone: 0.0000, loss: 29.0253, grad_norm: 739.5847
2026-06-03 13:17:29,019 - mmdet - INFO - Epoch [1][2550/2811]	lr: 2.000e-06, eta: 0:01:45, time: 0.435, data_time: 0.021, memory: 691, loss_cls: 0.5819, loss_kpt: 28.0351, loss_flow: 0.3584, loss_bone: 0.0000, loss: 28.9753, grad_norm: 726.5921
2026-06-03 13:17:49,496 - mmdet - INFO - Epoch [1][2600/2811]	lr: 2.000e-06, eta: 0:01:25, time: 0.410, data_time: 0.021, memory: 691, loss_cls: 0.5857, loss_kpt: 28.1992, loss_flow: 0.3660, loss_bone: 0.0000, loss: 29.1509, grad_norm: 709.4530
2026-06-03 13:18:09,726 - mmdet - INFO - Epoch [1][2650/2811]	lr: 2.000e-06, eta: 0:01:05, time: 0.405, data_time: 0.021, memory: 691, loss_cls: 0.5838, loss_kpt: 27.9023, loss_flow: 0.3481, loss_bone: 0.0000, loss: 28.8342, grad_norm: 740.8566
2026-06-03 13:18:29,783 - mmdet - INFO - Epoch [1][2700/2811]	lr: 2.000e-06, eta: 0:00:44, time: 0.401, data_time: 0.021, memory: 691, loss_cls: 0.5786, loss_kpt: 27.8667, loss_flow: 0.3476, loss_bone: 0.0000, loss: 28.7929, grad_norm: 766.2516
2026-06-03 13:18:49,642 - mmdet - INFO - Epoch [1][2750/2811]	lr: 2.000e-06, eta: 0:00:24, time: 0.397, data_time: 0.021, memory: 691, loss_cls: 0.5862, loss_kpt: 28.1708, loss_flow: 0.3617, loss_bone: 0.0000, loss: 29.1187, grad_norm: 853.6681
2026-06-03 13:19:11,331 - mmdet - INFO - Epoch [1][2800/2811]	lr: 2.000e-06, eta: 0:00:04, time: 0.434, data_time: 0.021, memory: 691, loss_cls: 0.5780, loss_kpt: 27.6704, loss_flow: 0.3421, loss_bone: 0.0000, loss: 28.5905, grad_norm: 823.6152
2026-06-03 13:19:16,299 - mmdet - INFO - Updating latest checkpoint at 1 epochs
