/usr/local/envs/opera/lib/python3.10/site-packages/mmcv/__init__.py:20: UserWarning: On January 1, 2023, MMCV will release v2.0.0, in which it will remove components related to the training process and add a data transformation module. In addition, it will rename the package names mmcv to mmcv-lite and mmcv-full to mmcv. See https://github.com/open-mmlab/mmcv/blob/master/docs/en/compatibility.md for more details.
  warnings.warn(
/root/Person-in-WiFi-3D/third_party/mmdet/mmdet/utils/setup_env.py:38: UserWarning: Setting OMP_NUM_THREADS environment variable for each process to be 1 in default, to avoid your system being overloaded, please further tune the variable for optimal performance in your application as needed.
  warnings.warn(
/root/Person-in-WiFi-3D/third_party/mmdet/mmdet/utils/setup_env.py:48: UserWarning: Setting MKL_NUM_THREADS environment variable for each process to be 1 in default, to avoid your system being overloaded, please further tune the variable for optimal performance in your application as needed.
  warnings.warn(
2026-06-03 16:33:32,735 - mmdet - INFO - Environment info:
------------------------------------------------------------
sys.platform: linux
Python: 3.10.19 | packaged by conda-forge | (main, Oct 22 2025, 22:29:10) [GCC 14.3.0]
CUDA available: True
GPU 0: NVIDIA RTX 6000 Ada Generation
CUDA_HOME: /usr/local/envs/opera
NVCC: Cuda compilation tools, release 11.7, V11.7.99
GCC: gcc (Ubuntu 9.4.0-1ubuntu1~20.04.2) 9.4.0
PyTorch: 2.1.0+cu121
PyTorch compiling details: PyTorch built with:
  - GCC 9.3
  - C++ Version: 201703
  - Intel(R) oneAPI Math Kernel Library Version 2022.2-Product Build 20220804 for Intel(R) 64 architecture applications
  - Intel(R) MKL-DNN v3.1.1 (Git Hash 64f6bcbcbab628e96f33a62c3e975f8535a7bde4)
  - OpenMP 201511 (a.k.a. OpenMP 4.5)
  - LAPACK is enabled (usually provided by MKL)
  - NNPACK is enabled
  - CPU capability usage: AVX512
  - CUDA Runtime 12.1
  - NVCC architecture flags: -gencode;arch=compute_50,code=sm_50;-gencode;arch=compute_60,code=sm_60;-gencode;arch=compute_70,code=sm_70;-gencode;arch=compute_75,code=sm_75;-gencode;arch=compute_80,code=sm_80;-gencode;arch=compute_86,code=sm_86;-gencode;arch=compute_90,code=sm_90
  - CuDNN 8.9.2
  - Magma 2.6.1
  - Build settings: BLAS_INFO=mkl, BUILD_TYPE=Release, CUDA_VERSION=12.1, CUDNN_VERSION=8.9.2, CXX_COMPILER=/opt/rh/devtoolset-9/root/usr/bin/c++, CXX_FLAGS= -D_GLIBCXX_USE_CXX11_ABI=0 -fabi-version=11 -fvisibility-inlines-hidden -DUSE_PTHREADPOOL -DNDEBUG -DUSE_KINETO -DLIBKINETO_NOROCTRACER -DUSE_FBGEMM -DUSE_QNNPACK -DUSE_PYTORCH_QNNPACK -DUSE_XNNPACK -DSYMBOLICATE_MOBILE_DEBUG_HANDLE -O2 -fPIC -Wall -Wextra -Werror=return-type -Werror=non-virtual-dtor -Werror=bool-operation -Wnarrowing -Wno-missing-field-initializers -Wno-type-limits -Wno-array-bounds -Wno-unknown-pragmas -Wno-unused-parameter -Wno-unused-function -Wno-unused-result -Wno-strict-overflow -Wno-strict-aliasing -Wno-stringop-overflow -Wno-psabi -Wno-error=pedantic -Wno-error=old-style-cast -Wno-invalid-partial-specialization -Wno-unused-private-field -Wno-aligned-allocation-unavailable -Wno-missing-braces -fdiagnostics-color=always -faligned-new -Wno-unused-but-set-variable -Wno-maybe-uninitialized -fno-math-errno -fno-trapping-math -Werror=format -Werror=cast-function-type -Wno-stringop-overflow, LAPACK_INFO=mkl, PERF_WITH_AVX=1, PERF_WITH_AVX2=1, PERF_WITH_AVX512=1, TORCH_DISABLE_GPU_ASSERTS=ON, TORCH_VERSION=2.1.0, USE_CUDA=ON, USE_CUDNN=ON, USE_EXCEPTION_PTR=1, USE_GFLAGS=OFF, USE_GLOG=OFF, USE_MKL=ON, USE_MKLDNN=ON, USE_MPI=OFF, USE_NCCL=1, USE_NNPACK=ON, USE_OPENMP=ON, USE_ROCM=OFF, 

TorchVision: 0.16.0+cu121
OpenCV: 4.9.0
MMCV: 1.7.2
MMCV Compiler: GCC 9.3
MMCV CUDA Compiler: 11.8
MMDetection: 2.25.0+1cba518
------------------------------------------------------------

2026-06-03 16:33:33,506 - mmdet - INFO - Distributed training: False
2026-06-03 16:33:34,122 - mmdet - INFO - Config:
dataset_type = 'opera.WifiPoseDataset'
data_root = 'data/wifipose'
meta_keys = []
train_pipeline = [
    dict(
        type='opera.DefaultFormatBundle',
        extra_keys=['gt_keypoints', 'gt_labels']),
    dict(
        type='mmdet.Collect',
        keys=['img', 'gt_bboxes', 'gt_labels', 'gt_keypoints', 'gt_areas'],
        meta_keys=[])
]
test_pipeline = [
    dict(
        type='mmdet.MultiScaleFlipAug',
        scale_factor=1.0,
        flip=False,
        transforms=[
            dict(
                type='opera.DefaultFormatBundle',
                extra_keys=['gt_keypoints', 'gt_labels']),
            dict(type='mmdet.Collect', keys=['img'], meta_keys=[])
        ])
]
data = dict(
    samples_per_gpu=32,
    workers_per_gpu=2,
    train=dict(
        type='opera.WifiPoseDataset',
        dataset_root='data/wifipose/train_data',
        pipeline=[
            dict(
                type='opera.DefaultFormatBundle',
                extra_keys=['gt_keypoints', 'gt_labels']),
            dict(
                type='mmdet.Collect',
                keys=[
                    'img', 'gt_bboxes', 'gt_labels', 'gt_keypoints', 'gt_areas'
                ],
                meta_keys=[])
        ],
        mode='train'),
    val=dict(
        type='opera.WifiPoseDataset',
        dataset_root='data/wifipose/test_data',
        pipeline=[
            dict(
                type='mmdet.MultiScaleFlipAug',
                scale_factor=1.0,
                flip=False,
                transforms=[
                    dict(
                        type='opera.DefaultFormatBundle',
                        extra_keys=['gt_keypoints', 'gt_labels']),
                    dict(type='mmdet.Collect', keys=['img'], meta_keys=[])
                ])
        ],
        mode='test'),
    test=dict(
        type='opera.WifiPoseDataset',
        dataset_root='data/wifipose/test_data',
        pipeline=[
            dict(
                type='mmdet.MultiScaleFlipAug',
                scale_factor=1.0,
                flip=False,
                transforms=[
                    dict(
                        type='opera.DefaultFormatBundle',
                        extra_keys=['gt_keypoints', 'gt_labels']),
                    dict(type='mmdet.Collect', keys=['img'], meta_keys=[])
                ])
        ],
        mode='test'))
evaluation = dict(interval=5, metric='mpjpe')
checkpoint_config = dict(interval=5, max_keep_ckpts=20)
log_config = dict(interval=50, hooks=[dict(type='TextLoggerHook')])
custom_hooks = [
    dict(type='NumClassCheckHook'),
    dict(
        type='BoneLossWarmupHook',
        target_weight=1.0,
        warmup_ratio=0.1,
        ramp_ratio=0.1)
]
dist_params = dict(backend='nccl')
log_level = 'INFO'
load_from = None
resume_from = None
workflow = [('train', 1)]
opencv_num_threads = 0
mp_start_method = 'fork'
auto_scale_lr = dict(enable=False, base_batch_size=16)
model = dict(
    type='opera.PETR',
    backbone=dict(
        type='WifiInputAdapter',
        in_channels=60,
        embed_dims=256,
        mode='spectral'),
    neck=None,
    bbox_head=dict(
        type='opera.WiTiDARHead',
        num_query=100,
        num_classes=1,
        in_channels=256,
        sync_cls_avg_factor=True,
        with_kpt_refine=True,
        as_two_stage=True,
        num_keypoints=14,
        transformer=dict(
            type='opera.PETRTransformer',
            num_keypoints=14,
            encoder=dict(
                type='mmcv.DetrTransformerEncoder',
                num_layers=6,
                transformerlayers=dict(
                    type='mmcv.BaseTransformerLayer',
                    attn_cfgs=dict(
                        type='mmcv.MultiheadAttention',
                        embed_dims=256,
                        num_heads=8,
                        dropout=0.1),
                    feedforward_channels=1024,
                    ffn_dropout=0.1,
                    operation_order=('self_attn', 'norm', 'ffn', 'norm'))),
            decoder=dict(
                type='opera.PetrTransformerDecoder',
                num_layers=3,
                num_keypoints=14,
                return_intermediate=True,
                transformerlayers=dict(
                    type='mmcv.DetrTransformerDecoderLayer',
                    attn_cfgs=[
                        dict(
                            type='mmcv.MultiheadAttention',
                            embed_dims=256,
                            num_heads=8,
                            dropout=0.1),
                        dict(
                            type='mmcv.MultiheadAttention',
                            embed_dims=256,
                            num_heads=8,
                            dropout=0.1)
                    ],
                    feedforward_channels=1024,
                    ffn_dropout=0.1,
                    operation_order=('self_attn', 'norm', 'cross_attn', 'norm',
                                     'ffn', 'norm'))),
            refine_decoder=dict(
                type='opera.PetrRefineTransformerDecoder',
                num_layers=2,
                return_intermediate=True,
                transformerlayers=dict(
                    type='mmcv.DetrTransformerDecoderLayer',
                    attn_cfgs=[
                        dict(
                            type='mmcv.MultiheadAttention',
                            embed_dims=256,
                            num_heads=8,
                            dropout=0.1),
                        dict(
                            type='mmcv.MultiheadAttention',
                            embed_dims=256,
                            num_heads=8,
                            dropout=0.1)
                    ],
                    feedforward_channels=1024,
                    ffn_dropout=0.1,
                    operation_order=('self_attn', 'norm', 'cross_attn', 'norm',
                                     'ffn', 'norm')))),
        positional_encoding=dict(
            type='mmcv.SinePositionalEncoding',
            num_feats=128,
            normalize=True,
            offset=-0.5),
        loss_cls=dict(
            type='mmdet.FocalLoss',
            use_sigmoid=True,
            gamma=2.0,
            alpha=0.25,
            loss_weight=2.0),
        loss_kpt=dict(type='mmdet.L1Loss', loss_weight=5.0),
        loss_bone=dict(type='BoneLengthLoss', loss_weight=2.0),
        loss_kpt_rpn=dict(type='mmdet.MSELoss', loss_weight=35.0),
        loss_oks=dict(type='opera.OKSLoss', loss_weight=2.0),
        loss_hm=dict(type='opera.CenterFocalLoss', loss_weight=4.0),
        loss_kpt_refine=dict(type='mmdet.MSELoss', loss_weight=35.0),
        loss_oks_refine=dict(type='opera.OKSLoss', loss_weight=3.0),
        embed_dims=256,
        mamba_cfg=dict(
            type='WiMamba2CSIEncoder',
            embed_dims=256,
            num_layers=3,
            d_state=64,
            d_conv=4,
            expand=2,
            headdim=64,
            dropout=0.1,
            routes=('time_major', 'serpentine'),
            fusion='learned',
            use_pos_embed=True,
            final_attn=False),
        loss_flow_weight=10.0,
        train_cfg=dict(
            assigner=dict(
                type='opera.PoseHungarianAssigner',
                cls_cost=dict(type='mmdet.FocalLossCost', weight=2.0),
                kpt_cost=dict(type='opera.KptL1Cost', weight=5.0),
                oks_cost=dict(type='opera.OksCost', weight=0.0))),
        test_cfg=dict(max_per_img=100)),
    train_cfg=dict(
        assigner=dict(
            type='opera.PoseHungarianAssigner',
            cls_cost=dict(type='mmdet.FocalLossCost', weight=4.0),
            kpt_cost=dict(type='opera.KptMSECost', weight=35.0),
            oks_cost=dict(type='opera.OksCost', weight=7.0))),
    test_cfg=dict(max_per_img=100))
optimizer = dict(
    type='AdamW',
    betas=(0.9, 0.999),
    lr=2e-05,
    weight_decay=0.0001,
    paramwise_cfg=dict(
        custom_keys=dict(
            backbone=dict(lr_mult=0.1),
            sampling_offsets=dict(lr_mult=0.1),
            reference_points=dict(lr_mult=0.1))))
optimizer_config = dict(grad_clip=dict(max_norm=0.1, norm_type=2))
lr_config = dict(policy='step', step=[450])
runner = dict(type='EpochBasedRunner', max_epochs=1)
find_unused_parameters = True
work_dir = 'work_dirs/wimamba_backbone_ablation_witidar_v2/M2CP'
auto_resume = False
gpu_ids = [0]

2026-06-03 16:33:34,122 - mmdet - INFO - Set random seed to 42, deterministic: True
2026-06-03 16:33:34,173 - mmcv - INFO - 
backbone.head.weight - torch.Size([256, 60]): 
The value is the same before and after calling `init_weights` of PETR  
 
2026-06-03 16:33:34,173 - mmcv - INFO - 
backbone.head.bias - torch.Size([256]): 
The value is the same before and after calling `init_weights` of PETR  
 
2026-06-03 16:33:34,173 - mmcv - INFO - 
backbone.time_conv.weight - torch.Size([256, 1, 5]): 
The value is the same before and after calling `init_weights` of PETR  
 
2026-06-03 16:33:34,174 - mmcv - INFO - 
backbone.time_conv.bias - torch.Size([256]): 
The value is the same before and after calling `init_weights` of PETR  
 
2026-06-03 16:33:34,174 - mmcv - INFO - 
backbone.freq_gate.0.weight - torch.Size([22, 11]): 
The value is the same before and after calling `init_weights` of PETR  
 
2026-06-03 16:33:34,174 - mmcv - INFO - 
backbone.freq_gate.0.bias - torch.Size([22]): 
The value is the same before and after calling `init_weights` of PETR  
 
2026-06-03 16:33:34,174 - mmcv - INFO - 
backbone.freq_gate.2.weight - torch.Size([20, 22]): 
The value is the same before and after calling `init_weights` of PETR  
 
2026-06-03 16:33:34,174 - mmcv - INFO - 
backbone.freq_gate.2.bias - torch.Size([20]): 
The value is the same before and after calling `init_weights` of PETR  
 
2026-06-03 16:33:34,174 - mmcv - INFO - 
backbone.channel_proj.weight - torch.Size([256, 256]): 
The value is the same before and after calling `init_weights` of PETR  
 
2026-06-03 16:33:34,174 - mmcv - INFO - 
backbone.channel_proj.bias - torch.Size([256]): 
The value is the same before and after calling `init_weights` of PETR  
 
2026-06-03 16:33:34,174 - mmcv - INFO - 
backbone.norm.weight - torch.Size([256]): 
The value is the same before and after calling `init_weights` of PETR  
 
2026-06-03 16:33:34,174 - mmcv - INFO - 
backbone.norm.bias - torch.Size([256]): 
The value is the same before and after calling `init_weights` of PETR  
 
2026-06-03 16:33:34,174 - mmcv - INFO - 
bbox_head.encoder.pos_embed.ant_embed - torch.Size([1, 9, 1, 256]): 
The value is the same before and after calling `init_weights` of PETR  
 
2026-06-03 16:33:34,174 - mmcv - INFO - 
bbox_head.encoder.pos_embed.time_embed - torch.Size([1, 1, 20, 256]): 
The value is the same before and after calling `init_weights` of PETR  
 
2026-06-03 16:33:34,174 - mmcv - INFO - 
bbox_head.encoder.layers.0.route_logits - torch.Size([2]): 
The value is the same before and after calling `init_weights` of PETR  
 
2026-06-03 16:33:34,174 - mmcv - INFO - 
bbox_head.encoder.layers.0.norm.weight - torch.Size([256]): 
The value is the same before and after calling `init_weights` of PETR  
 
2026-06-03 16:33:34,174 - mmcv - INFO - 
bbox_head.encoder.layers.0.norm.bias - torch.Size([256]): 
The value is the same before and after calling `init_weights` of PETR  
 
2026-06-03 16:33:34,174 - mmcv - INFO - 
bbox_head.encoder.layers.0.mamba.dt_bias - torch.Size([8]): 
The value is the same before and after calling `init_weights` of PETR  
 
2026-06-03 16:33:34,174 - mmcv - INFO - 
bbox_head.encoder.layers.0.mamba.A_log - torch.Size([8]): 
The value is the same before and after calling `init_weights` of PETR  
 
2026-06-03 16:33:34,174 - mmcv - INFO - 
bbox_head.encoder.layers.0.mamba.D - torch.Size([8]): 
The value is the same before and after calling `init_weights` of PETR  
 
2026-06-03 16:33:34,174 - mmcv - INFO - 
bbox_head.encoder.layers.0.mamba.in_proj.weight - torch.Size([1160, 256]): 
The value is the same before and after calling `init_weights` of PETR  
 
2026-06-03 16:33:34,174 - mmcv - INFO - 
bbox_head.encoder.layers.0.mamba.conv1d.weight - torch.Size([640, 1, 4]): 
The value is the same before and after calling `init_weights` of PETR  
 
2026-06-03 16:33:34,174 - mmcv - INFO - 
bbox_head.encoder.layers.0.mamba.conv1d.bias - torch.Size([640]): 
The value is the same before and after calling `init_weights` of PETR  
 
2026-06-03 16:33:34,174 - mmcv - INFO - 
bbox_head.encoder.layers.0.mamba.norm.weight - torch.Size([512]): 
The value is the same before and after calling `init_weights` of PETR  
 
2026-06-03 16:33:34,174 - mmcv - INFO - 
bbox_head.encoder.layers.0.mamba.out_proj.weight - torch.Size([256, 512]): 
The value is the same before and after calling `init_weights` of PETR  
 
2026-06-03 16:33:34,174 - mmcv - INFO - 
bbox_head.encoder.layers.1.route_logits - torch.Size([2]): 
The value is the same before and after calling `init_weights` of PETR  
 
2026-06-03 16:33:34,174 - mmcv - INFO - 
bbox_head.encoder.layers.1.norm.weight - torch.Size([256]): 
The value is the same before and after calling `init_weights` of PETR  
 
2026-06-03 16:33:34,174 - mmcv - INFO - 
bbox_head.encoder.layers.1.norm.bias - torch.Size([256]): 
The value is the same before and after calling `init_weights` of PETR  
 
2026-06-03 16:33:34,174 - mmcv - INFO - 
bbox_head.encoder.layers.1.mamba.dt_bias - torch.Size([8]): 
The value is the same before and after calling `init_weights` of PETR  
 
2026-06-03 16:33:34,174 - mmcv - INFO - 
bbox_head.encoder.layers.1.mamba.A_log - torch.Size([8]): 
The value is the same before and after calling `init_weights` of PETR  
 
2026-06-03 16:33:34,174 - mmcv - INFO - 
bbox_head.encoder.layers.1.mamba.D - torch.Size([8]): 
The value is the same before and after calling `init_weights` of PETR  
 
2026-06-03 16:33:34,174 - mmcv - INFO - 
bbox_head.encoder.layers.1.mamba.in_proj.weight - torch.Size([1160, 256]): 
The value is the same before and after calling `init_weights` of PETR  
 
2026-06-03 16:33:34,175 - mmcv - INFO - 
bbox_head.encoder.layers.1.mamba.conv1d.weight - torch.Size([640, 1, 4]): 
The value is the same before and after calling `init_weights` of PETR  
 
2026-06-03 16:33:34,175 - mmcv - INFO - 
bbox_head.encoder.layers.1.mamba.conv1d.bias - torch.Size([640]): 
The value is the same before and after calling `init_weights` of PETR  
 
2026-06-03 16:33:34,175 - mmcv - INFO - 
bbox_head.encoder.layers.1.mamba.norm.weight - torch.Size([512]): 
The value is the same before and after calling `init_weights` of PETR  
 
2026-06-03 16:33:34,175 - mmcv - INFO - 
bbox_head.encoder.layers.1.mamba.out_proj.weight - torch.Size([256, 512]): 
The value is the same before and after calling `init_weights` of PETR  
 
2026-06-03 16:33:34,175 - mmcv - INFO - 
bbox_head.encoder.layers.2.route_logits - torch.Size([2]): 
The value is the same before and after calling `init_weights` of PETR  
 
2026-06-03 16:33:34,175 - mmcv - INFO - 
bbox_head.encoder.layers.2.norm.weight - torch.Size([256]): 
The value is the same before and after calling `init_weights` of PETR  
 
2026-06-03 16:33:34,175 - mmcv - INFO - 
bbox_head.encoder.layers.2.norm.bias - torch.Size([256]): 
The value is the same before and after calling `init_weights` of PETR  
 
2026-06-03 16:33:34,175 - mmcv - INFO - 
bbox_head.encoder.layers.2.mamba.dt_bias - torch.Size([8]): 
The value is the same before and after calling `init_weights` of PETR  
 
2026-06-03 16:33:34,175 - mmcv - INFO - 
bbox_head.encoder.layers.2.mamba.A_log - torch.Size([8]): 
The value is the same before and after calling `init_weights` of PETR  
 
2026-06-03 16:33:34,175 - mmcv - INFO - 
bbox_head.encoder.layers.2.mamba.D - torch.Size([8]): 
The value is the same before and after calling `init_weights` of PETR  
 
2026-06-03 16:33:34,175 - mmcv - INFO - 
bbox_head.encoder.layers.2.mamba.in_proj.weight - torch.Size([1160, 256]): 
The value is the same before and after calling `init_weights` of PETR  
 
2026-06-03 16:33:34,175 - mmcv - INFO - 
bbox_head.encoder.layers.2.mamba.conv1d.weight - torch.Size([640, 1, 4]): 
The value is the same before and after calling `init_weights` of PETR  
 
2026-06-03 16:33:34,175 - mmcv - INFO - 
bbox_head.encoder.layers.2.mamba.conv1d.bias - torch.Size([640]): 
The value is the same before and after calling `init_weights` of PETR  
 
2026-06-03 16:33:34,175 - mmcv - INFO - 
bbox_head.encoder.layers.2.mamba.norm.weight - torch.Size([512]): 
The value is the same before and after calling `init_weights` of PETR  
 
2026-06-03 16:33:34,175 - mmcv - INFO - 
bbox_head.encoder.layers.2.mamba.out_proj.weight - torch.Size([256, 512]): 
The value is the same before and after calling `init_weights` of PETR  
 
2026-06-03 16:33:34,175 - mmcv - INFO - 
bbox_head.encoder.final_norm.weight - torch.Size([256]): 
The value is the same before and after calling `init_weights` of PETR  
 
2026-06-03 16:33:34,175 - mmcv - INFO - 
bbox_head.encoder.final_norm.bias - torch.Size([256]): 
The value is the same before and after calling `init_weights` of PETR  
 
2026-06-03 16:33:34,175 - mmcv - INFO - 
bbox_head.decoder_attn.in_proj_weight - torch.Size([768, 256]): 
The value is the same before and after calling `init_weights` of PETR  
 
2026-06-03 16:33:34,175 - mmcv - INFO - 
bbox_head.decoder_attn.in_proj_bias - torch.Size([768]): 
The value is the same before and after calling `init_weights` of PETR  
 
2026-06-03 16:33:34,175 - mmcv - INFO - 
bbox_head.decoder_attn.out_proj.weight - torch.Size([256, 256]): 
The value is the same before and after calling `init_weights` of PETR  
 
2026-06-03 16:33:34,175 - mmcv - INFO - 
bbox_head.decoder_attn.out_proj.bias - torch.Size([256]): 
The value is the same before and after calling `init_weights` of PETR  
 
2026-06-03 16:33:34,175 - mmcv - INFO - 
bbox_head.query_embedding.weight - torch.Size([100, 256]): 
Initialized by user-defined `init_weights` in WiTiDARHead  
 
2026-06-03 16:33:34,175 - mmcv - INFO - 
bbox_head.decoder_norm.weight - torch.Size([256]): 
The value is the same before and after calling `init_weights` of PETR  
 
2026-06-03 16:33:34,175 - mmcv - INFO - 
bbox_head.decoder_norm.bias - torch.Size([256]): 
The value is the same before and after calling `init_weights` of PETR  
 
2026-06-03 16:33:34,175 - mmcv - INFO - 
bbox_head.draft_regressor.0.weight - torch.Size([256, 256]): 
Initialized by user-defined `init_weights` in WiTiDARHead  
 
2026-06-03 16:33:34,175 - mmcv - INFO - 
bbox_head.draft_regressor.0.bias - torch.Size([256]): 
Initialized by user-defined `init_weights` in WiTiDARHead  
 
2026-06-03 16:33:34,175 - mmcv - INFO - 
bbox_head.draft_regressor.2.weight - torch.Size([256, 256]): 
Initialized by user-defined `init_weights` in WiTiDARHead  
 
2026-06-03 16:33:34,175 - mmcv - INFO - 
bbox_head.draft_regressor.2.bias - torch.Size([256]): 
Initialized by user-defined `init_weights` in WiTiDARHead  
 
2026-06-03 16:33:34,175 - mmcv - INFO - 
bbox_head.draft_regressor.4.weight - torch.Size([42, 256]): 
Initialized by user-defined `init_weights` in WiTiDARHead  
 
2026-06-03 16:33:34,175 - mmcv - INFO - 
bbox_head.draft_regressor.4.bias - torch.Size([42]): 
Initialized by user-defined `init_weights` in WiTiDARHead  
 
2026-06-03 16:33:34,176 - mmcv - INFO - 
bbox_head.cls_head.weight - torch.Size([1, 256]): 
The value is the same before and after calling `init_weights` of PETR  
 
2026-06-03 16:33:34,176 - mmcv - INFO - 
bbox_head.cls_head.bias - torch.Size([1]): 
Initialized by user-defined `init_weights` in WiTiDARHead  
 
2026-06-03 16:33:34,176 - mmcv - INFO - 
bbox_head.flow_model.velocity_net.time_mlp.1.weight - torch.Size([128, 64]): 
The value is the same before and after calling `init_weights` of PETR  
 
2026-06-03 16:33:34,176 - mmcv - INFO - 
bbox_head.flow_model.velocity_net.time_mlp.1.bias - torch.Size([128]): 
The value is the same before and after calling `init_weights` of PETR  
 
2026-06-03 16:33:34,176 - mmcv - INFO - 
bbox_head.flow_model.velocity_net.time_mlp.3.weight - torch.Size([64, 128]): 
The value is the same before and after calling `init_weights` of PETR  
 
2026-06-03 16:33:34,176 - mmcv - INFO - 
bbox_head.flow_model.velocity_net.time_mlp.3.bias - torch.Size([64]): 
The value is the same before and after calling `init_weights` of PETR  
 
2026-06-03 16:33:34,176 - mmcv - INFO - 
bbox_head.flow_model.velocity_net.input_proj.weight - torch.Size([512, 362]): 
The value is the same before and after calling `init_weights` of PETR  
 
2026-06-03 16:33:34,176 - mmcv - INFO - 
bbox_head.flow_model.velocity_net.input_proj.bias - torch.Size([512]): 
The value is the same before and after calling `init_weights` of PETR  
 
2026-06-03 16:33:34,176 - mmcv - INFO - 
bbox_head.flow_model.velocity_net.blocks.0.net.0.weight - torch.Size([512]): 
The value is the same before and after calling `init_weights` of PETR  
 
2026-06-03 16:33:34,176 - mmcv - INFO - 
bbox_head.flow_model.velocity_net.blocks.0.net.0.bias - torch.Size([512]): 
The value is the same before and after calling `init_weights` of PETR  
 
2026-06-03 16:33:34,176 - mmcv - INFO - 
bbox_head.flow_model.velocity_net.blocks.0.net.1.weight - torch.Size([512, 512]): 
The value is the same before and after calling `init_weights` of PETR  
 
2026-06-03 16:33:34,176 - mmcv - INFO - 
bbox_head.flow_model.velocity_net.blocks.0.net.1.bias - torch.Size([512]): 
The value is the same before and after calling `init_weights` of PETR  
 
2026-06-03 16:33:34,176 - mmcv - INFO - 
bbox_head.flow_model.velocity_net.blocks.0.net.4.weight - torch.Size([512, 512]): 
The value is the same before and after calling `init_weights` of PETR  
 
2026-06-03 16:33:34,176 - mmcv - INFO - 
bbox_head.flow_model.velocity_net.blocks.0.net.4.bias - torch.Size([512]): 
The value is the same before and after calling `init_weights` of PETR  
 
2026-06-03 16:33:34,176 - mmcv - INFO - 
bbox_head.flow_model.velocity_net.blocks.1.net.0.weight - torch.Size([512]): 
The value is the same before and after calling `init_weights` of PETR  
 
2026-06-03 16:33:34,176 - mmcv - INFO - 
bbox_head.flow_model.velocity_net.blocks.1.net.0.bias - torch.Size([512]): 
The value is the same before and after calling `init_weights` of PETR  
 
2026-06-03 16:33:34,176 - mmcv - INFO - 
bbox_head.flow_model.velocity_net.blocks.1.net.1.weight - torch.Size([512, 512]): 
The value is the same before and after calling `init_weights` of PETR  
 
2026-06-03 16:33:34,176 - mmcv - INFO - 
bbox_head.flow_model.velocity_net.blocks.1.net.1.bias - torch.Size([512]): 
The value is the same before and after calling `init_weights` of PETR  
 
2026-06-03 16:33:34,176 - mmcv - INFO - 
bbox_head.flow_model.velocity_net.blocks.1.net.4.weight - torch.Size([512, 512]): 
The value is the same before and after calling `init_weights` of PETR  
 
2026-06-03 16:33:34,176 - mmcv - INFO - 
bbox_head.flow_model.velocity_net.blocks.1.net.4.bias - torch.Size([512]): 
The value is the same before and after calling `init_weights` of PETR  
 
2026-06-03 16:33:34,176 - mmcv - INFO - 
bbox_head.flow_model.velocity_net.blocks.2.net.0.weight - torch.Size([512]): 
The value is the same before and after calling `init_weights` of PETR  
 
2026-06-03 16:33:34,176 - mmcv - INFO - 
bbox_head.flow_model.velocity_net.blocks.2.net.0.bias - torch.Size([512]): 
The value is the same before and after calling `init_weights` of PETR  
 
2026-06-03 16:33:34,176 - mmcv - INFO - 
bbox_head.flow_model.velocity_net.blocks.2.net.1.weight - torch.Size([512, 512]): 
The value is the same before and after calling `init_weights` of PETR  
 
2026-06-03 16:33:34,176 - mmcv - INFO - 
bbox_head.flow_model.velocity_net.blocks.2.net.1.bias - torch.Size([512]): 
The value is the same before and after calling `init_weights` of PETR  
 
2026-06-03 16:33:34,176 - mmcv - INFO - 
bbox_head.flow_model.velocity_net.blocks.2.net.4.weight - torch.Size([512, 512]): 
The value is the same before and after calling `init_weights` of PETR  
 
2026-06-03 16:33:34,176 - mmcv - INFO - 
bbox_head.flow_model.velocity_net.blocks.2.net.4.bias - torch.Size([512]): 
The value is the same before and after calling `init_weights` of PETR  
 
2026-06-03 16:33:34,176 - mmcv - INFO - 
bbox_head.flow_model.velocity_net.output_norm.weight - torch.Size([512]): 
The value is the same before and after calling `init_weights` of PETR  
 
2026-06-03 16:33:34,176 - mmcv - INFO - 
bbox_head.flow_model.velocity_net.output_norm.bias - torch.Size([512]): 
The value is the same before and after calling `init_weights` of PETR  
 
2026-06-03 16:33:34,176 - mmcv - INFO - 
bbox_head.flow_model.velocity_net.final_linear.weight - torch.Size([42, 512]): 
The value is the same before and after calling `init_weights` of PETR  
 
2026-06-03 16:33:34,176 - mmcv - INFO - 
bbox_head.flow_model.velocity_net.final_linear.bias - torch.Size([42]): 
The value is the same before and after calling `init_weights` of PETR  
 
2026-06-03 16:33:34,320 - mmdet - INFO - Automatic scaling of learning rate (LR) has been disabled.
2026-06-03 16:33:34,327 - mmdet - INFO - Start running, host: root@cf7a4801a593, work_dir: /root/Person-in-WiFi-3D/work_dirs/wimamba_backbone_ablation_witidar_v2/M2CP
2026-06-03 16:33:34,327 - mmdet - INFO - Hooks will be executed in the following order:
before_run:
(VERY_HIGH   ) StepLrUpdaterHook                  
(NORMAL      ) LatestCheckpointHook               
(LOW         ) EvalHook                           
(VERY_LOW    ) TextLoggerHook                     
 -------------------- 
before_train_epoch:
(VERY_HIGH   ) StepLrUpdaterHook                  
(NORMAL      ) NumClassCheckHook                  
(NORMAL      ) BoneLossWarmupHook                 
(LOW         ) IterTimerHook                      
(LOW         ) EvalHook                           
(VERY_LOW    ) TextLoggerHook                     
 -------------------- 
before_train_iter:
(VERY_HIGH   ) StepLrUpdaterHook                  
(LOW         ) IterTimerHook                      
(LOW         ) EvalHook                           
 -------------------- 
after_train_iter:
(ABOVE_NORMAL) OptimizerHook                      
(NORMAL      ) LatestCheckpointHook               
(LOW         ) IterTimerHook                      
(LOW         ) EvalHook                           
(VERY_LOW    ) TextLoggerHook                     
 -------------------- 
after_train_epoch:
(NORMAL      ) LatestCheckpointHook               
(LOW         ) EvalHook                           
(VERY_LOW    ) TextLoggerHook                     
 -------------------- 
before_val_epoch:
(NORMAL      ) NumClassCheckHook                  
(LOW         ) IterTimerHook                      
(VERY_LOW    ) TextLoggerHook                     
 -------------------- 
before_val_iter:
(LOW         ) IterTimerHook                      
 -------------------- 
after_val_iter:
(LOW         ) IterTimerHook                      
 -------------------- 
after_val_epoch:
(VERY_LOW    ) TextLoggerHook                     
 -------------------- 
after_run:
(VERY_LOW    ) TextLoggerHook                     
 -------------------- 
2026-06-03 16:33:34,327 - mmdet - INFO - workflow: [('train', 1)], max: 1 epochs
2026-06-03 16:33:34,328 - mmdet - INFO - Checkpoints will be saved to /root/Person-in-WiFi-3D/work_dirs/wimamba_backbone_ablation_witidar_v2/M2CP by HardDiskBackend.
2026-06-03 16:33:34,328 - mmdet - INFO - [BoneLossWarmup] Epoch 1/1 | Warmup: 1e, Ramp: 1e | Bone weight -> 0.0000
>>> Successfully patched mmcv._get_stream for PyTorch 2.0 compatibility.
[WiTiDARHead] Loaded gt_bone_stats.json from /root/Person-in-WiFi-3D/gt_bone_stats.json
/usr/local/envs/opera/lib/python3.10/site-packages/mamba_ssm/ops/triton/ssd_chunk_state.py:845: UserWarning: cumsum_cuda_kernel does not have a deterministic implementation, but you set 'torch.use_deterministic_algorithms(True, warn_only=True)'. You can file an issue at https://github.com/pytorch/pytorch/issues to help us prioritize adding deterministic support for this operation. (Triggered internally at ../aten/src/ATen/Context.cpp:71.)
  torch.cumsum(ddA_cumsum, dim=-1, out=ddA_cumsum)
/usr/local/envs/opera/lib/python3.10/site-packages/mamba_ssm/ops/triton/ssd_combined.py:437: UserWarning: cumsum_cuda_kernel does not have a deterministic implementation, but you set 'torch.use_deterministic_algorithms(True, warn_only=True)'. You can file an issue at https://github.com/pytorch/pytorch/issues to help us prioritize adding deterministic support for this operation. (Triggered internally at ../aten/src/ATen/Context.cpp:71.)
  ddA_prev = ddA_cumsum_prev.flip([-1]).cumsum(dim=-1).flip([-1])
2026-06-03 16:34:06,664 - mmdet - INFO - Epoch [1][50/2811]	lr: 2.000e-06, eta: 0:29:45, time: 0.647, data_time: 0.073, memory: 958, loss_cls: 2.1667, loss_kpt: 326.7145, loss_flow: 29.5160, loss_bone: 0.0000, loss: 358.3972, grad_norm: 648.7906
2026-06-03 16:34:28,629 - mmdet - INFO - Epoch [1][100/2811]	lr: 2.000e-06, eta: 0:24:32, time: 0.439, data_time: 0.022, memory: 958, loss_cls: 1.8666, loss_kpt: 191.8239, loss_flow: 8.5434, loss_bone: 0.0000, loss: 202.2338, grad_norm: 553.0961
2026-06-03 16:34:48,973 - mmdet - INFO - Epoch [1][150/2811]	lr: 2.000e-06, eta: 0:22:04, time: 0.407, data_time: 0.020, memory: 958, loss_cls: 1.6575, loss_kpt: 118.2062, loss_flow: 4.5015, loss_bone: 0.0000, loss: 124.3652, grad_norm: 406.2349
2026-06-03 16:35:08,524 - mmdet - INFO - Epoch [1][200/2811]	lr: 2.000e-06, eta: 0:20:29, time: 0.391, data_time: 0.021, memory: 958, loss_cls: 1.2686, loss_kpt: 94.2413, loss_flow: 2.9107, loss_bone: 0.0000, loss: 98.4207, grad_norm: 316.6134
2026-06-03 16:35:28,984 - mmdet - INFO - Epoch [1][250/2811]	lr: 2.000e-06, eta: 0:19:34, time: 0.409, data_time: 0.021, memory: 958, loss_cls: 0.9773, loss_kpt: 90.7866, loss_flow: 1.4445, loss_bone: 0.0000, loss: 93.2083, grad_norm: 338.8943
2026-06-03 16:35:48,796 - mmdet - INFO - Epoch [1][300/2811]	lr: 2.000e-06, eta: 0:18:45, time: 0.396, data_time: 0.020, memory: 958, loss_cls: 0.9399, loss_kpt: 87.8574, loss_flow: 1.0180, loss_bone: 0.0000, loss: 89.8153, grad_norm: 375.4809
2026-06-03 16:36:08,288 - mmdet - INFO - Epoch [1][350/2811]	lr: 2.000e-06, eta: 0:18:02, time: 0.390, data_time: 0.020, memory: 958, loss_cls: 0.9310, loss_kpt: 83.9901, loss_flow: 0.8368, loss_bone: 0.0000, loss: 85.7579, grad_norm: 507.7953
2026-06-03 16:36:27,206 - mmdet - INFO - Epoch [1][400/2811]	lr: 2.000e-06, eta: 0:17:22, time: 0.378, data_time: 0.018, memory: 958, loss_cls: 0.9234, loss_kpt: 76.1467, loss_flow: 0.7844, loss_bone: 0.0000, loss: 77.8545, grad_norm: 659.4200
2026-06-03 16:36:46,689 - mmdet - INFO - Epoch [1][450/2811]	lr: 2.000e-06, eta: 0:16:49, time: 0.390, data_time: 0.018, memory: 958, loss_cls: 0.9083, loss_kpt: 63.6251, loss_flow: 0.8300, loss_bone: 0.0000, loss: 65.3635, grad_norm: 850.1653
2026-06-03 16:37:06,072 - mmdet - INFO - Epoch [1][500/2811]	lr: 2.000e-06, eta: 0:16:18, time: 0.388, data_time: 0.019, memory: 958, loss_cls: 0.8475, loss_kpt: 57.4841, loss_flow: 0.8005, loss_bone: 0.0000, loss: 59.1321, grad_norm: 1011.7893
2026-06-03 16:37:25,485 - mmdet - INFO - Epoch [1][550/2811]	lr: 2.000e-06, eta: 0:15:50, time: 0.388, data_time: 0.019, memory: 958, loss_cls: 0.8080, loss_kpt: 52.3538, loss_flow: 0.7075, loss_bone: 0.0000, loss: 53.8693, grad_norm: 1047.5094
2026-06-03 16:37:44,734 - mmdet - INFO - Epoch [1][600/2811]	lr: 2.000e-06, eta: 0:15:22, time: 0.385, data_time: 0.018, memory: 958, loss_cls: 0.7984, loss_kpt: 49.6819, loss_flow: 0.6640, loss_bone: 0.0000, loss: 51.1443, grad_norm: 1140.1715
2026-06-03 16:38:04,732 - mmdet - INFO - Epoch [1][650/2811]	lr: 2.000e-06, eta: 0:14:58, time: 0.400, data_time: 0.020, memory: 958, loss_cls: 0.7787, loss_kpt: 47.8982, loss_flow: 0.6309, loss_bone: 0.0000, loss: 49.3079, grad_norm: 1099.9729
2026-06-03 16:38:25,663 - mmdet - INFO - Epoch [1][700/2811]	lr: 2.000e-06, eta: 0:14:38, time: 0.419, data_time: 0.021, memory: 958, loss_cls: 0.7665, loss_kpt: 45.7637, loss_flow: 0.5956, loss_bone: 0.0000, loss: 47.1258, grad_norm: 1170.4875
2026-06-03 16:38:45,173 - mmdet - INFO - Epoch [1][750/2811]	lr: 2.000e-06, eta: 0:14:14, time: 0.390, data_time: 0.021, memory: 958, loss_cls: 0.7588, loss_kpt: 45.4501, loss_flow: 0.5766, loss_bone: 0.0000, loss: 46.7855, grad_norm: 1206.6715
2026-06-03 16:39:04,762 - mmdet - INFO - Epoch [1][800/2811]	lr: 2.000e-06, eta: 0:13:50, time: 0.392, data_time: 0.021, memory: 958, loss_cls: 0.7541, loss_kpt: 45.5285, loss_flow: 0.5906, loss_bone: 0.0000, loss: 46.8732, grad_norm: 1312.9138
2026-06-03 16:39:27,172 - mmdet - INFO - Epoch [1][850/2811]	lr: 2.000e-06, eta: 0:13:34, time: 0.448, data_time: 0.022, memory: 958, loss_cls: 0.7439, loss_kpt: 43.2216, loss_flow: 0.5663, loss_bone: 0.0000, loss: 44.5318, grad_norm: 982.7851
2026-06-03 16:39:48,860 - mmdet - INFO - Epoch [1][900/2811]	lr: 2.000e-06, eta: 0:13:15, time: 0.434, data_time: 0.022, memory: 958, loss_cls: 0.7388, loss_kpt: 42.6209, loss_flow: 0.5563, loss_bone: 0.0000, loss: 43.9160, grad_norm: 1070.2244
2026-06-03 16:40:06,703 - mmdet - INFO - Epoch [1][950/2811]	lr: 2.000e-06, eta: 0:12:48, time: 0.357, data_time: 0.019, memory: 958, loss_cls: 0.7247, loss_kpt: 41.9577, loss_flow: 0.5523, loss_bone: 0.0000, loss: 43.2347, grad_norm: 1146.3522
2026-06-03 16:40:23,730 - mmdet - INFO - Exp name: wi_tidir_wifi_mamba2_crossscan_pos.py
2026-06-03 16:40:23,730 - mmdet - INFO - Epoch [1][1000/2811]	lr: 2.000e-06, eta: 0:12:21, time: 0.341, data_time: 0.019, memory: 958, loss_cls: 0.7223, loss_kpt: 40.2432, loss_flow: 0.5223, loss_bone: 0.0000, loss: 41.4877, grad_norm: 1116.3933
2026-06-03 16:40:43,572 - mmdet - INFO - Epoch [1][1050/2811]	lr: 2.000e-06, eta: 0:11:59, time: 0.397, data_time: 0.019, memory: 958, loss_cls: 0.7181, loss_kpt: 40.1124, loss_flow: 0.5146, loss_bone: 0.0000, loss: 41.3451, grad_norm: 1010.9108
2026-06-03 16:41:04,033 - mmdet - INFO - Epoch [1][1100/2811]	lr: 2.000e-06, eta: 0:11:39, time: 0.409, data_time: 0.020, memory: 958, loss_cls: 0.7141, loss_kpt: 38.8226, loss_flow: 0.5044, loss_bone: 0.0000, loss: 40.0411, grad_norm: 1084.4784
2026-06-03 16:41:24,783 - mmdet - INFO - Epoch [1][1150/2811]	lr: 2.000e-06, eta: 0:11:19, time: 0.415, data_time: 0.020, memory: 958, loss_cls: 0.7067, loss_kpt: 38.6857, loss_flow: 0.5103, loss_bone: 0.0000, loss: 39.9027, grad_norm: 940.6752
2026-06-03 16:41:45,781 - mmdet - INFO - Epoch [1][1200/2811]	lr: 2.000e-06, eta: 0:10:59, time: 0.420, data_time: 0.020, memory: 958, loss_cls: 0.7048, loss_kpt: 37.5831, loss_flow: 0.4910, loss_bone: 0.0000, loss: 38.7789, grad_norm: 1071.7087
2026-06-03 16:42:05,004 - mmdet - INFO - Epoch [1][1250/2811]	lr: 2.000e-06, eta: 0:10:37, time: 0.384, data_time: 0.019, memory: 958, loss_cls: 0.7011, loss_kpt: 37.2931, loss_flow: 0.4980, loss_bone: 0.0000, loss: 38.4921, grad_norm: 1137.6334
2026-06-03 16:42:24,500 - mmdet - INFO - Epoch [1][1300/2811]	lr: 2.000e-06, eta: 0:10:16, time: 0.390, data_time: 0.020, memory: 958, loss_cls: 0.6969, loss_kpt: 36.1004, loss_flow: 0.4696, loss_bone: 0.0000, loss: 37.2668, grad_norm: 985.8057
2026-06-03 16:42:44,972 - mmdet - INFO - Epoch [1][1350/2811]	lr: 2.000e-06, eta: 0:09:55, time: 0.409, data_time: 0.019, memory: 958, loss_cls: 0.6985, loss_kpt: 35.6128, loss_flow: 0.4794, loss_bone: 0.0000, loss: 36.7907, grad_norm: 987.3072
2026-06-03 16:43:06,676 - mmdet - INFO - Epoch [1][1400/2811]	lr: 2.000e-06, eta: 0:09:36, time: 0.434, data_time: 0.020, memory: 958, loss_cls: 0.7006, loss_kpt: 34.3138, loss_flow: 0.4522, loss_bone: 0.0000, loss: 35.4666, grad_norm: 927.0817
2026-06-03 16:43:28,654 - mmdet - INFO - Epoch [1][1450/2811]	lr: 2.000e-06, eta: 0:09:17, time: 0.440, data_time: 0.020, memory: 958, loss_cls: 0.6954, loss_kpt: 32.9864, loss_flow: 0.4361, loss_bone: 0.0000, loss: 34.1179, grad_norm: 915.5855
2026-06-03 16:43:51,185 - mmdet - INFO - Epoch [1][1500/2811]	lr: 2.000e-06, eta: 0:08:59, time: 0.451, data_time: 0.021, memory: 958, loss_cls: 0.6927, loss_kpt: 32.3465, loss_flow: 0.4252, loss_bone: 0.0000, loss: 33.4644, grad_norm: 895.7974
2026-06-03 16:44:11,896 - mmdet - INFO - Epoch [1][1550/2811]	lr: 2.000e-06, eta: 0:08:38, time: 0.414, data_time: 0.020, memory: 958, loss_cls: 0.6865, loss_kpt: 32.3257, loss_flow: 0.4303, loss_bone: 0.0000, loss: 33.4424, grad_norm: 975.6357
2026-06-03 16:44:33,068 - mmdet - INFO - Epoch [1][1600/2811]	lr: 2.000e-06, eta: 0:08:18, time: 0.423, data_time: 0.021, memory: 958, loss_cls: 0.6928, loss_kpt: 31.2582, loss_flow: 0.4096, loss_bone: 0.0000, loss: 32.3605, grad_norm: 878.5541
2026-06-03 16:44:52,472 - mmdet - INFO - Epoch [1][1650/2811]	lr: 2.000e-06, eta: 0:07:57, time: 0.388, data_time: 0.020, memory: 958, loss_cls: 0.6907, loss_kpt: 30.6843, loss_flow: 0.3940, loss_bone: 0.0000, loss: 31.7691, grad_norm: 767.5693
2026-06-03 16:45:14,185 - mmdet - INFO - Epoch [1][1700/2811]	lr: 2.000e-06, eta: 0:07:37, time: 0.434, data_time: 0.020, memory: 958, loss_cls: 0.6837, loss_kpt: 30.5816, loss_flow: 0.3907, loss_bone: 0.0000, loss: 31.6560, grad_norm: 739.3301
2026-06-03 16:45:36,667 - mmdet - INFO - Epoch [1][1750/2811]	lr: 2.000e-06, eta: 0:07:17, time: 0.450, data_time: 0.020, memory: 958, loss_cls: 0.6844, loss_kpt: 30.3752, loss_flow: 0.3903, loss_bone: 0.0000, loss: 31.4499, grad_norm: 758.8835
2026-06-03 16:45:59,498 - mmdet - INFO - Epoch [1][1800/2811]	lr: 2.000e-06, eta: 0:06:58, time: 0.457, data_time: 0.021, memory: 958, loss_cls: 0.6720, loss_kpt: 30.6749, loss_flow: 0.3955, loss_bone: 0.0000, loss: 31.7424, grad_norm: 733.5523
2026-06-03 16:46:21,473 - mmdet - INFO - Epoch [1][1850/2811]	lr: 2.000e-06, eta: 0:06:38, time: 0.439, data_time: 0.021, memory: 958, loss_cls: 0.6790, loss_kpt: 29.7152, loss_flow: 0.3725, loss_bone: 0.0000, loss: 30.7667, grad_norm: 730.2845
2026-06-03 16:46:40,848 - mmdet - INFO - Epoch [1][1900/2811]	lr: 2.000e-06, eta: 0:06:17, time: 0.387, data_time: 0.020, memory: 958, loss_cls: 0.6748, loss_kpt: 29.8907, loss_flow: 0.3720, loss_bone: 0.0000, loss: 30.9375, grad_norm: 619.9404
2026-06-03 16:46:59,952 - mmdet - INFO - Epoch [1][1950/2811]	lr: 2.000e-06, eta: 0:05:55, time: 0.382, data_time: 0.021, memory: 958, loss_cls: 0.6674, loss_kpt: 29.8042, loss_flow: 0.3763, loss_bone: 0.0000, loss: 30.8479, grad_norm: 661.5524
2026-06-03 16:47:19,654 - mmdet - INFO - Exp name: wi_tidir_wifi_mamba2_crossscan_pos.py
2026-06-03 16:47:19,654 - mmdet - INFO - Epoch [1][2000/2811]	lr: 2.000e-06, eta: 0:05:34, time: 0.394, data_time: 0.020, memory: 958, loss_cls: 0.6608, loss_kpt: 29.8638, loss_flow: 0.3708, loss_bone: 0.0000, loss: 30.8955, grad_norm: 642.5139
2026-06-03 16:47:41,949 - mmdet - INFO - Epoch [1][2050/2811]	lr: 2.000e-06, eta: 0:05:14, time: 0.446, data_time: 0.021, memory: 958, loss_cls: 0.6704, loss_kpt: 29.0025, loss_flow: 0.3553, loss_bone: 0.0000, loss: 30.0282, grad_norm: 606.6072
2026-06-03 16:48:00,396 - mmdet - INFO - Epoch [1][2100/2811]	lr: 2.000e-06, eta: 0:04:53, time: 0.369, data_time: 0.020, memory: 958, loss_cls: 0.6610, loss_kpt: 28.8282, loss_flow: 0.3549, loss_bone: 0.0000, loss: 29.8441, grad_norm: 619.2156
2026-06-03 16:48:17,580 - mmdet - INFO - Epoch [1][2150/2811]	lr: 2.000e-06, eta: 0:04:31, time: 0.344, data_time: 0.019, memory: 958, loss_cls: 0.6604, loss_kpt: 29.1786, loss_flow: 0.3528, loss_bone: 0.0000, loss: 30.1918, grad_norm: 586.0671
2026-06-03 16:48:37,116 - mmdet - INFO - Epoch [1][2200/2811]	lr: 2.000e-06, eta: 0:04:10, time: 0.391, data_time: 0.021, memory: 958, loss_cls: 0.6571, loss_kpt: 28.8937, loss_flow: 0.3508, loss_bone: 0.0000, loss: 29.9017, grad_norm: 577.1693
2026-06-03 16:48:57,228 - mmdet - INFO - Epoch [1][2250/2811]	lr: 2.000e-06, eta: 0:03:50, time: 0.402, data_time: 0.020, memory: 958, loss_cls: 0.6466, loss_kpt: 28.8181, loss_flow: 0.3390, loss_bone: 0.0000, loss: 29.8037, grad_norm: 518.6042
2026-06-03 16:49:18,480 - mmdet - INFO - Epoch [1][2300/2811]	lr: 2.000e-06, eta: 0:03:29, time: 0.425, data_time: 0.021, memory: 958, loss_cls: 0.6563, loss_kpt: 29.1355, loss_flow: 0.3513, loss_bone: 0.0000, loss: 30.1431, grad_norm: 656.5348
2026-06-03 16:49:40,403 - mmdet - INFO - Epoch [1][2350/2811]	lr: 2.000e-06, eta: 0:03:09, time: 0.438, data_time: 0.020, memory: 958, loss_cls: 0.6536, loss_kpt: 28.3107, loss_flow: 0.3312, loss_bone: 0.0000, loss: 29.2956, grad_norm: 495.9093
2026-06-03 16:50:01,192 - mmdet - INFO - Epoch [1][2400/2811]	lr: 2.000e-06, eta: 0:02:48, time: 0.416, data_time: 0.020, memory: 958, loss_cls: 0.6519, loss_kpt: 28.3474, loss_flow: 0.3415, loss_bone: 0.0000, loss: 29.3408, grad_norm: 524.4595
2026-06-03 16:50:22,377 - mmdet - INFO - Epoch [1][2450/2811]	lr: 2.000e-06, eta: 0:02:28, time: 0.424, data_time: 0.020, memory: 958, loss_cls: 0.6460, loss_kpt: 28.4370, loss_flow: 0.3265, loss_bone: 0.0000, loss: 29.4095, grad_norm: 549.1528
2026-06-03 16:50:43,200 - mmdet - INFO - Epoch [1][2500/2811]	lr: 2.000e-06, eta: 0:02:07, time: 0.416, data_time: 0.021, memory: 958, loss_cls: 0.6483, loss_kpt: 28.1148, loss_flow: 0.3235, loss_bone: 0.0000, loss: 29.0866, grad_norm: 514.3694
2026-06-03 16:51:02,507 - mmdet - INFO - Epoch [1][2550/2811]	lr: 2.000e-06, eta: 0:01:47, time: 0.386, data_time: 0.021, memory: 958, loss_cls: 0.6379, loss_kpt: 28.2468, loss_flow: 0.3348, loss_bone: 0.0000, loss: 29.2195, grad_norm: 478.6147
2026-06-03 16:51:22,067 - mmdet - INFO - Epoch [1][2600/2811]	lr: 2.000e-06, eta: 0:01:26, time: 0.391, data_time: 0.021, memory: 958, loss_cls: 0.6472, loss_kpt: 28.3952, loss_flow: 0.3313, loss_bone: 0.0000, loss: 29.3737, grad_norm: 557.2908
2026-06-03 16:51:41,555 - mmdet - INFO - Epoch [1][2650/2811]	lr: 2.000e-06, eta: 0:01:06, time: 0.390, data_time: 0.021, memory: 958, loss_cls: 0.6421, loss_kpt: 27.9817, loss_flow: 0.3186, loss_bone: 0.0000, loss: 28.9424, grad_norm: 458.3454
2026-06-03 16:52:00,865 - mmdet - INFO - Epoch [1][2700/2811]	lr: 2.000e-06, eta: 0:00:45, time: 0.386, data_time: 0.020, memory: 958, loss_cls: 0.6367, loss_kpt: 28.0760, loss_flow: 0.3287, loss_bone: 0.0000, loss: 29.0414, grad_norm: 437.9042
2026-06-03 16:52:21,613 - mmdet - INFO - Epoch [1][2750/2811]	lr: 2.000e-06, eta: 0:00:25, time: 0.415, data_time: 0.020, memory: 958, loss_cls: 0.6478, loss_kpt: 27.9183, loss_flow: 0.3081, loss_bone: 0.0000, loss: 28.8742, grad_norm: 456.0498
2026-06-03 16:52:42,348 - mmdet - INFO - Epoch [1][2800/2811]	lr: 2.000e-06, eta: 0:00:04, time: 0.415, data_time: 0.021, memory: 958, loss_cls: 0.6382, loss_kpt: 27.2581, loss_flow: 0.3036, loss_bone: 0.0000, loss: 28.1999, grad_norm: 440.0381
2026-06-03 16:52:47,273 - mmdet - INFO - Updating latest checkpoint at 1 epochs
