/usr/local/envs/opera/lib/python3.10/site-packages/mmcv/__init__.py:20: UserWarning: On January 1, 2023, MMCV will release v2.0.0, in which it will remove components related to the training process and add a data transformation module. In addition, it will rename the package names mmcv to mmcv-lite and mmcv-full to mmcv. See https://github.com/open-mmlab/mmcv/blob/master/docs/en/compatibility.md for more details.
  warnings.warn(
/root/Person-in-WiFi-3D/third_party/mmdet/mmdet/utils/setup_env.py:38: UserWarning: Setting OMP_NUM_THREADS environment variable for each process to be 1 in default, to avoid your system being overloaded, please further tune the variable for optimal performance in your application as needed.
  warnings.warn(
/root/Person-in-WiFi-3D/third_party/mmdet/mmdet/utils/setup_env.py:48: UserWarning: Setting MKL_NUM_THREADS environment variable for each process to be 1 in default, to avoid your system being overloaded, please further tune the variable for optimal performance in your application as needed.
  warnings.warn(
2026-06-03 15:16:41,473 - mmdet - INFO - Environment info:
------------------------------------------------------------
sys.platform: linux
Python: 3.10.19 | packaged by conda-forge | (main, Oct 22 2025, 22:29:10) [GCC 14.3.0]
CUDA available: True
GPU 0: NVIDIA RTX 6000 Ada Generation
CUDA_HOME: /usr/local/envs/opera
NVCC: Cuda compilation tools, release 11.7, V11.7.99
GCC: gcc (Ubuntu 9.4.0-1ubuntu1~20.04.2) 9.4.0
PyTorch: 2.1.0+cu121
PyTorch compiling details: PyTorch built with:
  - GCC 9.3
  - C++ Version: 201703
  - Intel(R) oneAPI Math Kernel Library Version 2022.2-Product Build 20220804 for Intel(R) 64 architecture applications
  - Intel(R) MKL-DNN v3.1.1 (Git Hash 64f6bcbcbab628e96f33a62c3e975f8535a7bde4)
  - OpenMP 201511 (a.k.a. OpenMP 4.5)
  - LAPACK is enabled (usually provided by MKL)
  - NNPACK is enabled
  - CPU capability usage: AVX512
  - CUDA Runtime 12.1
  - NVCC architecture flags: -gencode;arch=compute_50,code=sm_50;-gencode;arch=compute_60,code=sm_60;-gencode;arch=compute_70,code=sm_70;-gencode;arch=compute_75,code=sm_75;-gencode;arch=compute_80,code=sm_80;-gencode;arch=compute_86,code=sm_86;-gencode;arch=compute_90,code=sm_90
  - CuDNN 8.9.2
  - Magma 2.6.1
  - Build settings: BLAS_INFO=mkl, BUILD_TYPE=Release, CUDA_VERSION=12.1, CUDNN_VERSION=8.9.2, CXX_COMPILER=/opt/rh/devtoolset-9/root/usr/bin/c++, CXX_FLAGS= -D_GLIBCXX_USE_CXX11_ABI=0 -fabi-version=11 -fvisibility-inlines-hidden -DUSE_PTHREADPOOL -DNDEBUG -DUSE_KINETO -DLIBKINETO_NOROCTRACER -DUSE_FBGEMM -DUSE_QNNPACK -DUSE_PYTORCH_QNNPACK -DUSE_XNNPACK -DSYMBOLICATE_MOBILE_DEBUG_HANDLE -O2 -fPIC -Wall -Wextra -Werror=return-type -Werror=non-virtual-dtor -Werror=bool-operation -Wnarrowing -Wno-missing-field-initializers -Wno-type-limits -Wno-array-bounds -Wno-unknown-pragmas -Wno-unused-parameter -Wno-unused-function -Wno-unused-result -Wno-strict-overflow -Wno-strict-aliasing -Wno-stringop-overflow -Wno-psabi -Wno-error=pedantic -Wno-error=old-style-cast -Wno-invalid-partial-specialization -Wno-unused-private-field -Wno-aligned-allocation-unavailable -Wno-missing-braces -fdiagnostics-color=always -faligned-new -Wno-unused-but-set-variable -Wno-maybe-uninitialized -fno-math-errno -fno-trapping-math -Werror=format -Werror=cast-function-type -Wno-stringop-overflow, LAPACK_INFO=mkl, PERF_WITH_AVX=1, PERF_WITH_AVX2=1, PERF_WITH_AVX512=1, TORCH_DISABLE_GPU_ASSERTS=ON, TORCH_VERSION=2.1.0, USE_CUDA=ON, USE_CUDNN=ON, USE_EXCEPTION_PTR=1, USE_GFLAGS=OFF, USE_GLOG=OFF, USE_MKL=ON, USE_MKLDNN=ON, USE_MPI=OFF, USE_NCCL=1, USE_NNPACK=ON, USE_OPENMP=ON, USE_ROCM=OFF, 

TorchVision: 0.16.0+cu121
OpenCV: 4.9.0
MMCV: 1.7.2
MMCV Compiler: GCC 9.3
MMCV CUDA Compiler: 11.8
MMDetection: 2.25.0+1cba518
------------------------------------------------------------

2026-06-03 15:16:42,160 - mmdet - INFO - Distributed training: False
2026-06-03 15:16:42,822 - mmdet - INFO - Config:
dataset_type = 'opera.WifiPoseDataset'
data_root = 'data/wifipose'
meta_keys = []
train_pipeline = [
    dict(
        type='opera.DefaultFormatBundle',
        extra_keys=['gt_keypoints', 'gt_labels']),
    dict(
        type='mmdet.Collect',
        keys=['img', 'gt_bboxes', 'gt_labels', 'gt_keypoints', 'gt_areas'],
        meta_keys=[])
]
test_pipeline = [
    dict(
        type='mmdet.MultiScaleFlipAug',
        scale_factor=1.0,
        flip=False,
        transforms=[
            dict(
                type='opera.DefaultFormatBundle',
                extra_keys=['gt_keypoints', 'gt_labels']),
            dict(type='mmdet.Collect', keys=['img'], meta_keys=[])
        ])
]
data = dict(
    samples_per_gpu=32,
    workers_per_gpu=2,
    train=dict(
        type='opera.WifiPoseDataset',
        dataset_root='data/wifipose/train_data',
        pipeline=[
            dict(
                type='opera.DefaultFormatBundle',
                extra_keys=['gt_keypoints', 'gt_labels']),
            dict(
                type='mmdet.Collect',
                keys=[
                    'img', 'gt_bboxes', 'gt_labels', 'gt_keypoints', 'gt_areas'
                ],
                meta_keys=[])
        ],
        mode='train'),
    val=dict(
        type='opera.WifiPoseDataset',
        dataset_root='data/wifipose/test_data',
        pipeline=[
            dict(
                type='mmdet.MultiScaleFlipAug',
                scale_factor=1.0,
                flip=False,
                transforms=[
                    dict(
                        type='opera.DefaultFormatBundle',
                        extra_keys=['gt_keypoints', 'gt_labels']),
                    dict(type='mmdet.Collect', keys=['img'], meta_keys=[])
                ])
        ],
        mode='test'),
    test=dict(
        type='opera.WifiPoseDataset',
        dataset_root='data/wifipose/test_data',
        pipeline=[
            dict(
                type='mmdet.MultiScaleFlipAug',
                scale_factor=1.0,
                flip=False,
                transforms=[
                    dict(
                        type='opera.DefaultFormatBundle',
                        extra_keys=['gt_keypoints', 'gt_labels']),
                    dict(type='mmdet.Collect', keys=['img'], meta_keys=[])
                ])
        ],
        mode='test'))
evaluation = dict(interval=5, metric='mpjpe')
checkpoint_config = dict(interval=5, max_keep_ckpts=20)
log_config = dict(interval=50, hooks=[dict(type='TextLoggerHook')])
custom_hooks = [
    dict(type='NumClassCheckHook'),
    dict(
        type='BoneLossWarmupHook',
        target_weight=1.0,
        warmup_ratio=0.1,
        ramp_ratio=0.1)
]
dist_params = dict(backend='nccl')
log_level = 'INFO'
load_from = None
resume_from = None
workflow = [('train', 1)]
opencv_num_threads = 0
mp_start_method = 'fork'
auto_scale_lr = dict(enable=False, base_batch_size=16)
model = dict(
    type='opera.PETR',
    backbone=dict(
        type='WifiInputAdapter',
        in_channels=60,
        embed_dims=256,
        mode='spectral'),
    neck=None,
    bbox_head=dict(
        type='opera.WiTiDARHead',
        num_query=100,
        num_classes=1,
        in_channels=256,
        sync_cls_avg_factor=True,
        with_kpt_refine=True,
        as_two_stage=True,
        num_keypoints=14,
        transformer=dict(
            type='opera.PETRTransformer',
            num_keypoints=14,
            encoder=dict(
                type='mmcv.DetrTransformerEncoder',
                num_layers=6,
                transformerlayers=dict(
                    type='mmcv.BaseTransformerLayer',
                    attn_cfgs=dict(
                        type='mmcv.MultiheadAttention',
                        embed_dims=256,
                        num_heads=8,
                        dropout=0.1),
                    feedforward_channels=1024,
                    ffn_dropout=0.1,
                    operation_order=('self_attn', 'norm', 'ffn', 'norm'))),
            decoder=dict(
                type='opera.PetrTransformerDecoder',
                num_layers=3,
                num_keypoints=14,
                return_intermediate=True,
                transformerlayers=dict(
                    type='mmcv.DetrTransformerDecoderLayer',
                    attn_cfgs=[
                        dict(
                            type='mmcv.MultiheadAttention',
                            embed_dims=256,
                            num_heads=8,
                            dropout=0.1),
                        dict(
                            type='mmcv.MultiheadAttention',
                            embed_dims=256,
                            num_heads=8,
                            dropout=0.1)
                    ],
                    feedforward_channels=1024,
                    ffn_dropout=0.1,
                    operation_order=('self_attn', 'norm', 'cross_attn', 'norm',
                                     'ffn', 'norm'))),
            refine_decoder=dict(
                type='opera.PetrRefineTransformerDecoder',
                num_layers=2,
                return_intermediate=True,
                transformerlayers=dict(
                    type='mmcv.DetrTransformerDecoderLayer',
                    attn_cfgs=[
                        dict(
                            type='mmcv.MultiheadAttention',
                            embed_dims=256,
                            num_heads=8,
                            dropout=0.1),
                        dict(
                            type='mmcv.MultiheadAttention',
                            embed_dims=256,
                            num_heads=8,
                            dropout=0.1)
                    ],
                    feedforward_channels=1024,
                    ffn_dropout=0.1,
                    operation_order=('self_attn', 'norm', 'cross_attn', 'norm',
                                     'ffn', 'norm')))),
        positional_encoding=dict(
            type='mmcv.SinePositionalEncoding',
            num_feats=128,
            normalize=True,
            offset=-0.5),
        loss_cls=dict(
            type='mmdet.FocalLoss',
            use_sigmoid=True,
            gamma=2.0,
            alpha=0.25,
            loss_weight=2.0),
        loss_kpt=dict(type='mmdet.L1Loss', loss_weight=5.0),
        loss_bone=dict(type='BoneLengthLoss', loss_weight=2.0),
        loss_kpt_rpn=dict(type='mmdet.MSELoss', loss_weight=35.0),
        loss_oks=dict(type='opera.OKSLoss', loss_weight=2.0),
        loss_hm=dict(type='opera.CenterFocalLoss', loss_weight=4.0),
        loss_kpt_refine=dict(type='mmdet.MSELoss', loss_weight=35.0),
        loss_oks_refine=dict(type='opera.OKSLoss', loss_weight=3.0),
        embed_dims=256,
        mamba_cfg=dict(
            type='WiMamba2DropInEncoder',
            embed_dims=256,
            num_layers=4,
            d_state=64,
            d_conv=4,
            expand=2,
            headdim=64,
            dropout=0.1),
        loss_flow_weight=10.0,
        train_cfg=dict(
            assigner=dict(
                type='opera.PoseHungarianAssigner',
                cls_cost=dict(type='mmdet.FocalLossCost', weight=2.0),
                kpt_cost=dict(type='opera.KptL1Cost', weight=5.0),
                oks_cost=dict(type='opera.OksCost', weight=0.0))),
        test_cfg=dict(max_per_img=100)),
    train_cfg=dict(
        assigner=dict(
            type='opera.PoseHungarianAssigner',
            cls_cost=dict(type='mmdet.FocalLossCost', weight=4.0),
            kpt_cost=dict(type='opera.KptMSECost', weight=35.0),
            oks_cost=dict(type='opera.OksCost', weight=7.0))),
    test_cfg=dict(max_per_img=100))
optimizer = dict(
    type='AdamW',
    betas=(0.9, 0.999),
    lr=2e-05,
    weight_decay=0.0001,
    paramwise_cfg=dict(
        custom_keys=dict(
            backbone=dict(lr_mult=0.1),
            sampling_offsets=dict(lr_mult=0.1),
            reference_points=dict(lr_mult=0.1))))
optimizer_config = dict(grad_clip=dict(max_norm=0.1, norm_type=2))
lr_config = dict(policy='step', step=[450])
runner = dict(type='EpochBasedRunner', max_epochs=1)
find_unused_parameters = True
work_dir = 'work_dirs/wimamba_backbone_ablation_witidar_v2/M2D'
auto_resume = False
gpu_ids = [0]

2026-06-03 15:16:42,822 - mmdet - INFO - Set random seed to 42, deterministic: True
2026-06-03 15:16:42,990 - mmcv - INFO - 
backbone.head.weight - torch.Size([256, 60]): 
The value is the same before and after calling `init_weights` of PETR  
 
2026-06-03 15:16:42,991 - mmcv - INFO - 
backbone.head.bias - torch.Size([256]): 
The value is the same before and after calling `init_weights` of PETR  
 
2026-06-03 15:16:42,991 - mmcv - INFO - 
backbone.time_conv.weight - torch.Size([256, 1, 5]): 
The value is the same before and after calling `init_weights` of PETR  
 
2026-06-03 15:16:42,991 - mmcv - INFO - 
backbone.time_conv.bias - torch.Size([256]): 
The value is the same before and after calling `init_weights` of PETR  
 
2026-06-03 15:16:42,991 - mmcv - INFO - 
backbone.freq_gate.0.weight - torch.Size([22, 11]): 
The value is the same before and after calling `init_weights` of PETR  
 
2026-06-03 15:16:42,991 - mmcv - INFO - 
backbone.freq_gate.0.bias - torch.Size([22]): 
The value is the same before and after calling `init_weights` of PETR  
 
2026-06-03 15:16:42,991 - mmcv - INFO - 
backbone.freq_gate.2.weight - torch.Size([20, 22]): 
The value is the same before and after calling `init_weights` of PETR  
 
2026-06-03 15:16:42,991 - mmcv - INFO - 
backbone.freq_gate.2.bias - torch.Size([20]): 
The value is the same before and after calling `init_weights` of PETR  
 
2026-06-03 15:16:42,991 - mmcv - INFO - 
backbone.channel_proj.weight - torch.Size([256, 256]): 
The value is the same before and after calling `init_weights` of PETR  
 
2026-06-03 15:16:42,991 - mmcv - INFO - 
backbone.channel_proj.bias - torch.Size([256]): 
The value is the same before and after calling `init_weights` of PETR  
 
2026-06-03 15:16:42,991 - mmcv - INFO - 
backbone.norm.weight - torch.Size([256]): 
The value is the same before and after calling `init_weights` of PETR  
 
2026-06-03 15:16:42,991 - mmcv - INFO - 
backbone.norm.bias - torch.Size([256]): 
The value is the same before and after calling `init_weights` of PETR  
 
2026-06-03 15:16:42,991 - mmcv - INFO - 
bbox_head.encoder.layers.0.norm_t.weight - torch.Size([256]): 
The value is the same before and after calling `init_weights` of PETR  
 
2026-06-03 15:16:42,991 - mmcv - INFO - 
bbox_head.encoder.layers.0.norm_t.bias - torch.Size([256]): 
The value is the same before and after calling `init_weights` of PETR  
 
2026-06-03 15:16:42,991 - mmcv - INFO - 
bbox_head.encoder.layers.0.mamba_t.dt_bias - torch.Size([8]): 
The value is the same before and after calling `init_weights` of PETR  
 
2026-06-03 15:16:42,991 - mmcv - INFO - 
bbox_head.encoder.layers.0.mamba_t.A_log - torch.Size([8]): 
The value is the same before and after calling `init_weights` of PETR  
 
2026-06-03 15:16:42,991 - mmcv - INFO - 
bbox_head.encoder.layers.0.mamba_t.D - torch.Size([8]): 
The value is the same before and after calling `init_weights` of PETR  
 
2026-06-03 15:16:42,991 - mmcv - INFO - 
bbox_head.encoder.layers.0.mamba_t.in_proj.weight - torch.Size([1160, 256]): 
The value is the same before and after calling `init_weights` of PETR  
 
2026-06-03 15:16:42,991 - mmcv - INFO - 
bbox_head.encoder.layers.0.mamba_t.conv1d.weight - torch.Size([640, 1, 4]): 
The value is the same before and after calling `init_weights` of PETR  
 
2026-06-03 15:16:42,991 - mmcv - INFO - 
bbox_head.encoder.layers.0.mamba_t.conv1d.bias - torch.Size([640]): 
The value is the same before and after calling `init_weights` of PETR  
 
2026-06-03 15:16:42,991 - mmcv - INFO - 
bbox_head.encoder.layers.0.mamba_t.norm.weight - torch.Size([512]): 
The value is the same before and after calling `init_weights` of PETR  
 
2026-06-03 15:16:42,991 - mmcv - INFO - 
bbox_head.encoder.layers.0.mamba_t.out_proj.weight - torch.Size([256, 512]): 
The value is the same before and after calling `init_weights` of PETR  
 
2026-06-03 15:16:42,991 - mmcv - INFO - 
bbox_head.encoder.layers.0.norm_s.weight - torch.Size([256]): 
The value is the same before and after calling `init_weights` of PETR  
 
2026-06-03 15:16:42,992 - mmcv - INFO - 
bbox_head.encoder.layers.0.norm_s.bias - torch.Size([256]): 
The value is the same before and after calling `init_weights` of PETR  
 
2026-06-03 15:16:42,992 - mmcv - INFO - 
bbox_head.encoder.layers.0.mamba_s_fwd.dt_bias - torch.Size([8]): 
The value is the same before and after calling `init_weights` of PETR  
 
2026-06-03 15:16:42,992 - mmcv - INFO - 
bbox_head.encoder.layers.0.mamba_s_fwd.A_log - torch.Size([8]): 
The value is the same before and after calling `init_weights` of PETR  
 
2026-06-03 15:16:42,992 - mmcv - INFO - 
bbox_head.encoder.layers.0.mamba_s_fwd.D - torch.Size([8]): 
The value is the same before and after calling `init_weights` of PETR  
 
2026-06-03 15:16:42,992 - mmcv - INFO - 
bbox_head.encoder.layers.0.mamba_s_fwd.in_proj.weight - torch.Size([1160, 256]): 
The value is the same before and after calling `init_weights` of PETR  
 
2026-06-03 15:16:42,992 - mmcv - INFO - 
bbox_head.encoder.layers.0.mamba_s_fwd.conv1d.weight - torch.Size([640, 1, 4]): 
The value is the same before and after calling `init_weights` of PETR  
 
2026-06-03 15:16:42,992 - mmcv - INFO - 
bbox_head.encoder.layers.0.mamba_s_fwd.conv1d.bias - torch.Size([640]): 
The value is the same before and after calling `init_weights` of PETR  
 
2026-06-03 15:16:42,992 - mmcv - INFO - 
bbox_head.encoder.layers.0.mamba_s_fwd.norm.weight - torch.Size([512]): 
The value is the same before and after calling `init_weights` of PETR  
 
2026-06-03 15:16:42,992 - mmcv - INFO - 
bbox_head.encoder.layers.0.mamba_s_fwd.out_proj.weight - torch.Size([256, 512]): 
The value is the same before and after calling `init_weights` of PETR  
 
2026-06-03 15:16:42,992 - mmcv - INFO - 
bbox_head.encoder.layers.0.mamba_s_bwd.dt_bias - torch.Size([8]): 
The value is the same before and after calling `init_weights` of PETR  
 
2026-06-03 15:16:42,992 - mmcv - INFO - 
bbox_head.encoder.layers.0.mamba_s_bwd.A_log - torch.Size([8]): 
The value is the same before and after calling `init_weights` of PETR  
 
2026-06-03 15:16:42,992 - mmcv - INFO - 
bbox_head.encoder.layers.0.mamba_s_bwd.D - torch.Size([8]): 
The value is the same before and after calling `init_weights` of PETR  
 
2026-06-03 15:16:42,992 - mmcv - INFO - 
bbox_head.encoder.layers.0.mamba_s_bwd.in_proj.weight - torch.Size([1160, 256]): 
The value is the same before and after calling `init_weights` of PETR  
 
2026-06-03 15:16:42,992 - mmcv - INFO - 
bbox_head.encoder.layers.0.mamba_s_bwd.conv1d.weight - torch.Size([640, 1, 4]): 
The value is the same before and after calling `init_weights` of PETR  
 
2026-06-03 15:16:42,992 - mmcv - INFO - 
bbox_head.encoder.layers.0.mamba_s_bwd.conv1d.bias - torch.Size([640]): 
The value is the same before and after calling `init_weights` of PETR  
 
2026-06-03 15:16:42,992 - mmcv - INFO - 
bbox_head.encoder.layers.0.mamba_s_bwd.norm.weight - torch.Size([512]): 
The value is the same before and after calling `init_weights` of PETR  
 
2026-06-03 15:16:42,992 - mmcv - INFO - 
bbox_head.encoder.layers.0.mamba_s_bwd.out_proj.weight - torch.Size([256, 512]): 
The value is the same before and after calling `init_weights` of PETR  
 
2026-06-03 15:16:42,992 - mmcv - INFO - 
bbox_head.encoder.layers.1.norm_t.weight - torch.Size([256]): 
The value is the same before and after calling `init_weights` of PETR  
 
2026-06-03 15:16:42,992 - mmcv - INFO - 
bbox_head.encoder.layers.1.norm_t.bias - torch.Size([256]): 
The value is the same before and after calling `init_weights` of PETR  
 
2026-06-03 15:16:42,992 - mmcv - INFO - 
bbox_head.encoder.layers.1.mamba_t.dt_bias - torch.Size([8]): 
The value is the same before and after calling `init_weights` of PETR  
 
2026-06-03 15:16:42,992 - mmcv - INFO - 
bbox_head.encoder.layers.1.mamba_t.A_log - torch.Size([8]): 
The value is the same before and after calling `init_weights` of PETR  
 
2026-06-03 15:16:42,992 - mmcv - INFO - 
bbox_head.encoder.layers.1.mamba_t.D - torch.Size([8]): 
The value is the same before and after calling `init_weights` of PETR  
 
2026-06-03 15:16:42,992 - mmcv - INFO - 
bbox_head.encoder.layers.1.mamba_t.in_proj.weight - torch.Size([1160, 256]): 
The value is the same before and after calling `init_weights` of PETR  
 
2026-06-03 15:16:42,992 - mmcv - INFO - 
bbox_head.encoder.layers.1.mamba_t.conv1d.weight - torch.Size([640, 1, 4]): 
The value is the same before and after calling `init_weights` of PETR  
 
2026-06-03 15:16:42,993 - mmcv - INFO - 
bbox_head.encoder.layers.1.mamba_t.conv1d.bias - torch.Size([640]): 
The value is the same before and after calling `init_weights` of PETR  
 
2026-06-03 15:16:42,993 - mmcv - INFO - 
bbox_head.encoder.layers.1.mamba_t.norm.weight - torch.Size([512]): 
The value is the same before and after calling `init_weights` of PETR  
 
2026-06-03 15:16:42,993 - mmcv - INFO - 
bbox_head.encoder.layers.1.mamba_t.out_proj.weight - torch.Size([256, 512]): 
The value is the same before and after calling `init_weights` of PETR  
 
2026-06-03 15:16:42,993 - mmcv - INFO - 
bbox_head.encoder.layers.1.norm_s.weight - torch.Size([256]): 
The value is the same before and after calling `init_weights` of PETR  
 
2026-06-03 15:16:42,993 - mmcv - INFO - 
bbox_head.encoder.layers.1.norm_s.bias - torch.Size([256]): 
The value is the same before and after calling `init_weights` of PETR  
 
2026-06-03 15:16:42,993 - mmcv - INFO - 
bbox_head.encoder.layers.1.mamba_s_fwd.dt_bias - torch.Size([8]): 
The value is the same before and after calling `init_weights` of PETR  
 
2026-06-03 15:16:42,993 - mmcv - INFO - 
bbox_head.encoder.layers.1.mamba_s_fwd.A_log - torch.Size([8]): 
The value is the same before and after calling `init_weights` of PETR  
 
2026-06-03 15:16:42,993 - mmcv - INFO - 
bbox_head.encoder.layers.1.mamba_s_fwd.D - torch.Size([8]): 
The value is the same before and after calling `init_weights` of PETR  
 
2026-06-03 15:16:42,993 - mmcv - INFO - 
bbox_head.encoder.layers.1.mamba_s_fwd.in_proj.weight - torch.Size([1160, 256]): 
The value is the same before and after calling `init_weights` of PETR  
 
2026-06-03 15:16:42,993 - mmcv - INFO - 
bbox_head.encoder.layers.1.mamba_s_fwd.conv1d.weight - torch.Size([640, 1, 4]): 
The value is the same before and after calling `init_weights` of PETR  
 
2026-06-03 15:16:42,993 - mmcv - INFO - 
bbox_head.encoder.layers.1.mamba_s_fwd.conv1d.bias - torch.Size([640]): 
The value is the same before and after calling `init_weights` of PETR  
 
2026-06-03 15:16:42,993 - mmcv - INFO - 
bbox_head.encoder.layers.1.mamba_s_fwd.norm.weight - torch.Size([512]): 
The value is the same before and after calling `init_weights` of PETR  
 
2026-06-03 15:16:42,993 - mmcv - INFO - 
bbox_head.encoder.layers.1.mamba_s_fwd.out_proj.weight - torch.Size([256, 512]): 
The value is the same before and after calling `init_weights` of PETR  
 
2026-06-03 15:16:42,993 - mmcv - INFO - 
bbox_head.encoder.layers.1.mamba_s_bwd.dt_bias - torch.Size([8]): 
The value is the same before and after calling `init_weights` of PETR  
 
2026-06-03 15:16:42,993 - mmcv - INFO - 
bbox_head.encoder.layers.1.mamba_s_bwd.A_log - torch.Size([8]): 
The value is the same before and after calling `init_weights` of PETR  
 
2026-06-03 15:16:42,993 - mmcv - INFO - 
bbox_head.encoder.layers.1.mamba_s_bwd.D - torch.Size([8]): 
The value is the same before and after calling `init_weights` of PETR  
 
2026-06-03 15:16:42,993 - mmcv - INFO - 
bbox_head.encoder.layers.1.mamba_s_bwd.in_proj.weight - torch.Size([1160, 256]): 
The value is the same before and after calling `init_weights` of PETR  
 
2026-06-03 15:16:42,993 - mmcv - INFO - 
bbox_head.encoder.layers.1.mamba_s_bwd.conv1d.weight - torch.Size([640, 1, 4]): 
The value is the same before and after calling `init_weights` of PETR  
 
2026-06-03 15:16:42,993 - mmcv - INFO - 
bbox_head.encoder.layers.1.mamba_s_bwd.conv1d.bias - torch.Size([640]): 
The value is the same before and after calling `init_weights` of PETR  
 
2026-06-03 15:16:42,993 - mmcv - INFO - 
bbox_head.encoder.layers.1.mamba_s_bwd.norm.weight - torch.Size([512]): 
The value is the same before and after calling `init_weights` of PETR  
 
2026-06-03 15:16:42,993 - mmcv - INFO - 
bbox_head.encoder.layers.1.mamba_s_bwd.out_proj.weight - torch.Size([256, 512]): 
The value is the same before and after calling `init_weights` of PETR  
 
2026-06-03 15:16:42,993 - mmcv - INFO - 
bbox_head.encoder.layers.2.norm_t.weight - torch.Size([256]): 
The value is the same before and after calling `init_weights` of PETR  
 
2026-06-03 15:16:42,993 - mmcv - INFO - 
bbox_head.encoder.layers.2.norm_t.bias - torch.Size([256]): 
The value is the same before and after calling `init_weights` of PETR  
 
2026-06-03 15:16:42,993 - mmcv - INFO - 
bbox_head.encoder.layers.2.mamba_t.dt_bias - torch.Size([8]): 
The value is the same before and after calling `init_weights` of PETR  
 
2026-06-03 15:16:42,994 - mmcv - INFO - 
bbox_head.encoder.layers.2.mamba_t.A_log - torch.Size([8]): 
The value is the same before and after calling `init_weights` of PETR  
 
2026-06-03 15:16:42,994 - mmcv - INFO - 
bbox_head.encoder.layers.2.mamba_t.D - torch.Size([8]): 
The value is the same before and after calling `init_weights` of PETR  
 
2026-06-03 15:16:42,994 - mmcv - INFO - 
bbox_head.encoder.layers.2.mamba_t.in_proj.weight - torch.Size([1160, 256]): 
The value is the same before and after calling `init_weights` of PETR  
 
2026-06-03 15:16:42,994 - mmcv - INFO - 
bbox_head.encoder.layers.2.mamba_t.conv1d.weight - torch.Size([640, 1, 4]): 
The value is the same before and after calling `init_weights` of PETR  
 
2026-06-03 15:16:42,994 - mmcv - INFO - 
bbox_head.encoder.layers.2.mamba_t.conv1d.bias - torch.Size([640]): 
The value is the same before and after calling `init_weights` of PETR  
 
2026-06-03 15:16:42,994 - mmcv - INFO - 
bbox_head.encoder.layers.2.mamba_t.norm.weight - torch.Size([512]): 
The value is the same before and after calling `init_weights` of PETR  
 
2026-06-03 15:16:42,994 - mmcv - INFO - 
bbox_head.encoder.layers.2.mamba_t.out_proj.weight - torch.Size([256, 512]): 
The value is the same before and after calling `init_weights` of PETR  
 
2026-06-03 15:16:42,994 - mmcv - INFO - 
bbox_head.encoder.layers.2.norm_s.weight - torch.Size([256]): 
The value is the same before and after calling `init_weights` of PETR  
 
2026-06-03 15:16:42,994 - mmcv - INFO - 
bbox_head.encoder.layers.2.norm_s.bias - torch.Size([256]): 
The value is the same before and after calling `init_weights` of PETR  
 
2026-06-03 15:16:42,994 - mmcv - INFO - 
bbox_head.encoder.layers.2.mamba_s_fwd.dt_bias - torch.Size([8]): 
The value is the same before and after calling `init_weights` of PETR  
 
2026-06-03 15:16:42,994 - mmcv - INFO - 
bbox_head.encoder.layers.2.mamba_s_fwd.A_log - torch.Size([8]): 
The value is the same before and after calling `init_weights` of PETR  
 
2026-06-03 15:16:42,994 - mmcv - INFO - 
bbox_head.encoder.layers.2.mamba_s_fwd.D - torch.Size([8]): 
The value is the same before and after calling `init_weights` of PETR  
 
2026-06-03 15:16:42,994 - mmcv - INFO - 
bbox_head.encoder.layers.2.mamba_s_fwd.in_proj.weight - torch.Size([1160, 256]): 
The value is the same before and after calling `init_weights` of PETR  
 
2026-06-03 15:16:42,994 - mmcv - INFO - 
bbox_head.encoder.layers.2.mamba_s_fwd.conv1d.weight - torch.Size([640, 1, 4]): 
The value is the same before and after calling `init_weights` of PETR  
 
2026-06-03 15:16:42,994 - mmcv - INFO - 
bbox_head.encoder.layers.2.mamba_s_fwd.conv1d.bias - torch.Size([640]): 
The value is the same before and after calling `init_weights` of PETR  
 
2026-06-03 15:16:42,994 - mmcv - INFO - 
bbox_head.encoder.layers.2.mamba_s_fwd.norm.weight - torch.Size([512]): 
The value is the same before and after calling `init_weights` of PETR  
 
2026-06-03 15:16:42,994 - mmcv - INFO - 
bbox_head.encoder.layers.2.mamba_s_fwd.out_proj.weight - torch.Size([256, 512]): 
The value is the same before and after calling `init_weights` of PETR  
 
2026-06-03 15:16:42,994 - mmcv - INFO - 
bbox_head.encoder.layers.2.mamba_s_bwd.dt_bias - torch.Size([8]): 
The value is the same before and after calling `init_weights` of PETR  
 
2026-06-03 15:16:42,994 - mmcv - INFO - 
bbox_head.encoder.layers.2.mamba_s_bwd.A_log - torch.Size([8]): 
The value is the same before and after calling `init_weights` of PETR  
 
2026-06-03 15:16:42,994 - mmcv - INFO - 
bbox_head.encoder.layers.2.mamba_s_bwd.D - torch.Size([8]): 
The value is the same before and after calling `init_weights` of PETR  
 
2026-06-03 15:16:42,994 - mmcv - INFO - 
bbox_head.encoder.layers.2.mamba_s_bwd.in_proj.weight - torch.Size([1160, 256]): 
The value is the same before and after calling `init_weights` of PETR  
 
2026-06-03 15:16:42,994 - mmcv - INFO - 
bbox_head.encoder.layers.2.mamba_s_bwd.conv1d.weight - torch.Size([640, 1, 4]): 
The value is the same before and after calling `init_weights` of PETR  
 
2026-06-03 15:16:42,994 - mmcv - INFO - 
bbox_head.encoder.layers.2.mamba_s_bwd.conv1d.bias - torch.Size([640]): 
The value is the same before and after calling `init_weights` of PETR  
 
2026-06-03 15:16:42,994 - mmcv - INFO - 
bbox_head.encoder.layers.2.mamba_s_bwd.norm.weight - torch.Size([512]): 
The value is the same before and after calling `init_weights` of PETR  
 
2026-06-03 15:16:42,995 - mmcv - INFO - 
bbox_head.encoder.layers.2.mamba_s_bwd.out_proj.weight - torch.Size([256, 512]): 
The value is the same before and after calling `init_weights` of PETR  
 
2026-06-03 15:16:42,995 - mmcv - INFO - 
bbox_head.encoder.layers.3.norm_t.weight - torch.Size([256]): 
The value is the same before and after calling `init_weights` of PETR  
 
2026-06-03 15:16:42,995 - mmcv - INFO - 
bbox_head.encoder.layers.3.norm_t.bias - torch.Size([256]): 
The value is the same before and after calling `init_weights` of PETR  
 
2026-06-03 15:16:42,995 - mmcv - INFO - 
bbox_head.encoder.layers.3.mamba_t.dt_bias - torch.Size([8]): 
The value is the same before and after calling `init_weights` of PETR  
 
2026-06-03 15:16:42,995 - mmcv - INFO - 
bbox_head.encoder.layers.3.mamba_t.A_log - torch.Size([8]): 
The value is the same before and after calling `init_weights` of PETR  
 
2026-06-03 15:16:42,995 - mmcv - INFO - 
bbox_head.encoder.layers.3.mamba_t.D - torch.Size([8]): 
The value is the same before and after calling `init_weights` of PETR  
 
2026-06-03 15:16:42,995 - mmcv - INFO - 
bbox_head.encoder.layers.3.mamba_t.in_proj.weight - torch.Size([1160, 256]): 
The value is the same before and after calling `init_weights` of PETR  
 
2026-06-03 15:16:42,995 - mmcv - INFO - 
bbox_head.encoder.layers.3.mamba_t.conv1d.weight - torch.Size([640, 1, 4]): 
The value is the same before and after calling `init_weights` of PETR  
 
2026-06-03 15:16:42,995 - mmcv - INFO - 
bbox_head.encoder.layers.3.mamba_t.conv1d.bias - torch.Size([640]): 
The value is the same before and after calling `init_weights` of PETR  
 
2026-06-03 15:16:42,995 - mmcv - INFO - 
bbox_head.encoder.layers.3.mamba_t.norm.weight - torch.Size([512]): 
The value is the same before and after calling `init_weights` of PETR  
 
2026-06-03 15:16:42,995 - mmcv - INFO - 
bbox_head.encoder.layers.3.mamba_t.out_proj.weight - torch.Size([256, 512]): 
The value is the same before and after calling `init_weights` of PETR  
 
2026-06-03 15:16:42,995 - mmcv - INFO - 
bbox_head.encoder.layers.3.norm_s.weight - torch.Size([256]): 
The value is the same before and after calling `init_weights` of PETR  
 
2026-06-03 15:16:42,995 - mmcv - INFO - 
bbox_head.encoder.layers.3.norm_s.bias - torch.Size([256]): 
The value is the same before and after calling `init_weights` of PETR  
 
2026-06-03 15:16:42,995 - mmcv - INFO - 
bbox_head.encoder.layers.3.mamba_s_fwd.dt_bias - torch.Size([8]): 
The value is the same before and after calling `init_weights` of PETR  
 
2026-06-03 15:16:42,995 - mmcv - INFO - 
bbox_head.encoder.layers.3.mamba_s_fwd.A_log - torch.Size([8]): 
The value is the same before and after calling `init_weights` of PETR  
 
2026-06-03 15:16:42,995 - mmcv - INFO - 
bbox_head.encoder.layers.3.mamba_s_fwd.D - torch.Size([8]): 
The value is the same before and after calling `init_weights` of PETR  
 
2026-06-03 15:16:42,995 - mmcv - INFO - 
bbox_head.encoder.layers.3.mamba_s_fwd.in_proj.weight - torch.Size([1160, 256]): 
The value is the same before and after calling `init_weights` of PETR  
 
2026-06-03 15:16:42,995 - mmcv - INFO - 
bbox_head.encoder.layers.3.mamba_s_fwd.conv1d.weight - torch.Size([640, 1, 4]): 
The value is the same before and after calling `init_weights` of PETR  
 
2026-06-03 15:16:42,995 - mmcv - INFO - 
bbox_head.encoder.layers.3.mamba_s_fwd.conv1d.bias - torch.Size([640]): 
The value is the same before and after calling `init_weights` of PETR  
 
2026-06-03 15:16:42,995 - mmcv - INFO - 
bbox_head.encoder.layers.3.mamba_s_fwd.norm.weight - torch.Size([512]): 
The value is the same before and after calling `init_weights` of PETR  
 
2026-06-03 15:16:42,995 - mmcv - INFO - 
bbox_head.encoder.layers.3.mamba_s_fwd.out_proj.weight - torch.Size([256, 512]): 
The value is the same before and after calling `init_weights` of PETR  
 
2026-06-03 15:16:42,995 - mmcv - INFO - 
bbox_head.encoder.layers.3.mamba_s_bwd.dt_bias - torch.Size([8]): 
The value is the same before and after calling `init_weights` of PETR  
 
2026-06-03 15:16:42,995 - mmcv - INFO - 
bbox_head.encoder.layers.3.mamba_s_bwd.A_log - torch.Size([8]): 
The value is the same before and after calling `init_weights` of PETR  
 
2026-06-03 15:16:42,995 - mmcv - INFO - 
bbox_head.encoder.layers.3.mamba_s_bwd.D - torch.Size([8]): 
The value is the same before and after calling `init_weights` of PETR  
 
2026-06-03 15:16:42,996 - mmcv - INFO - 
bbox_head.encoder.layers.3.mamba_s_bwd.in_proj.weight - torch.Size([1160, 256]): 
The value is the same before and after calling `init_weights` of PETR  
 
2026-06-03 15:16:42,996 - mmcv - INFO - 
bbox_head.encoder.layers.3.mamba_s_bwd.conv1d.weight - torch.Size([640, 1, 4]): 
The value is the same before and after calling `init_weights` of PETR  
 
2026-06-03 15:16:42,996 - mmcv - INFO - 
bbox_head.encoder.layers.3.mamba_s_bwd.conv1d.bias - torch.Size([640]): 
The value is the same before and after calling `init_weights` of PETR  
 
2026-06-03 15:16:42,996 - mmcv - INFO - 
bbox_head.encoder.layers.3.mamba_s_bwd.norm.weight - torch.Size([512]): 
The value is the same before and after calling `init_weights` of PETR  
 
2026-06-03 15:16:42,996 - mmcv - INFO - 
bbox_head.encoder.layers.3.mamba_s_bwd.out_proj.weight - torch.Size([256, 512]): 
The value is the same before and after calling `init_weights` of PETR  
 
2026-06-03 15:16:42,996 - mmcv - INFO - 
bbox_head.encoder.final_norm.weight - torch.Size([256]): 
The value is the same before and after calling `init_weights` of PETR  
 
2026-06-03 15:16:42,996 - mmcv - INFO - 
bbox_head.encoder.final_norm.bias - torch.Size([256]): 
The value is the same before and after calling `init_weights` of PETR  
 
2026-06-03 15:16:42,996 - mmcv - INFO - 
bbox_head.decoder_attn.in_proj_weight - torch.Size([768, 256]): 
The value is the same before and after calling `init_weights` of PETR  
 
2026-06-03 15:16:42,996 - mmcv - INFO - 
bbox_head.decoder_attn.in_proj_bias - torch.Size([768]): 
The value is the same before and after calling `init_weights` of PETR  
 
2026-06-03 15:16:42,996 - mmcv - INFO - 
bbox_head.decoder_attn.out_proj.weight - torch.Size([256, 256]): 
The value is the same before and after calling `init_weights` of PETR  
 
2026-06-03 15:16:42,996 - mmcv - INFO - 
bbox_head.decoder_attn.out_proj.bias - torch.Size([256]): 
The value is the same before and after calling `init_weights` of PETR  
 
2026-06-03 15:16:42,996 - mmcv - INFO - 
bbox_head.query_embedding.weight - torch.Size([100, 256]): 
Initialized by user-defined `init_weights` in WiTiDARHead  
 
2026-06-03 15:16:42,996 - mmcv - INFO - 
bbox_head.decoder_norm.weight - torch.Size([256]): 
The value is the same before and after calling `init_weights` of PETR  
 
2026-06-03 15:16:42,996 - mmcv - INFO - 
bbox_head.decoder_norm.bias - torch.Size([256]): 
The value is the same before and after calling `init_weights` of PETR  
 
2026-06-03 15:16:42,996 - mmcv - INFO - 
bbox_head.draft_regressor.0.weight - torch.Size([256, 256]): 
Initialized by user-defined `init_weights` in WiTiDARHead  
 
2026-06-03 15:16:42,996 - mmcv - INFO - 
bbox_head.draft_regressor.0.bias - torch.Size([256]): 
Initialized by user-defined `init_weights` in WiTiDARHead  
 
2026-06-03 15:16:42,996 - mmcv - INFO - 
bbox_head.draft_regressor.2.weight - torch.Size([256, 256]): 
Initialized by user-defined `init_weights` in WiTiDARHead  
 
2026-06-03 15:16:42,996 - mmcv - INFO - 
bbox_head.draft_regressor.2.bias - torch.Size([256]): 
Initialized by user-defined `init_weights` in WiTiDARHead  
 
2026-06-03 15:16:42,996 - mmcv - INFO - 
bbox_head.draft_regressor.4.weight - torch.Size([42, 256]): 
Initialized by user-defined `init_weights` in WiTiDARHead  
 
2026-06-03 15:16:42,996 - mmcv - INFO - 
bbox_head.draft_regressor.4.bias - torch.Size([42]): 
Initialized by user-defined `init_weights` in WiTiDARHead  
 
2026-06-03 15:16:42,996 - mmcv - INFO - 
bbox_head.cls_head.weight - torch.Size([1, 256]): 
The value is the same before and after calling `init_weights` of PETR  
 
2026-06-03 15:16:42,996 - mmcv - INFO - 
bbox_head.cls_head.bias - torch.Size([1]): 
Initialized by user-defined `init_weights` in WiTiDARHead  
 
2026-06-03 15:16:42,996 - mmcv - INFO - 
bbox_head.flow_model.velocity_net.time_mlp.1.weight - torch.Size([128, 64]): 
The value is the same before and after calling `init_weights` of PETR  
 
2026-06-03 15:16:42,997 - mmcv - INFO - 
bbox_head.flow_model.velocity_net.time_mlp.1.bias - torch.Size([128]): 
The value is the same before and after calling `init_weights` of PETR  
 
2026-06-03 15:16:42,997 - mmcv - INFO - 
bbox_head.flow_model.velocity_net.time_mlp.3.weight - torch.Size([64, 128]): 
The value is the same before and after calling `init_weights` of PETR  
 
2026-06-03 15:16:42,997 - mmcv - INFO - 
bbox_head.flow_model.velocity_net.time_mlp.3.bias - torch.Size([64]): 
The value is the same before and after calling `init_weights` of PETR  
 
2026-06-03 15:16:42,997 - mmcv - INFO - 
bbox_head.flow_model.velocity_net.input_proj.weight - torch.Size([512, 362]): 
The value is the same before and after calling `init_weights` of PETR  
 
2026-06-03 15:16:42,997 - mmcv - INFO - 
bbox_head.flow_model.velocity_net.input_proj.bias - torch.Size([512]): 
The value is the same before and after calling `init_weights` of PETR  
 
2026-06-03 15:16:42,997 - mmcv - INFO - 
bbox_head.flow_model.velocity_net.blocks.0.net.0.weight - torch.Size([512]): 
The value is the same before and after calling `init_weights` of PETR  
 
2026-06-03 15:16:42,997 - mmcv - INFO - 
bbox_head.flow_model.velocity_net.blocks.0.net.0.bias - torch.Size([512]): 
The value is the same before and after calling `init_weights` of PETR  
 
2026-06-03 15:16:42,997 - mmcv - INFO - 
bbox_head.flow_model.velocity_net.blocks.0.net.1.weight - torch.Size([512, 512]): 
The value is the same before and after calling `init_weights` of PETR  
 
2026-06-03 15:16:42,997 - mmcv - INFO - 
bbox_head.flow_model.velocity_net.blocks.0.net.1.bias - torch.Size([512]): 
The value is the same before and after calling `init_weights` of PETR  
 
2026-06-03 15:16:42,997 - mmcv - INFO - 
bbox_head.flow_model.velocity_net.blocks.0.net.4.weight - torch.Size([512, 512]): 
The value is the same before and after calling `init_weights` of PETR  
 
2026-06-03 15:16:42,997 - mmcv - INFO - 
bbox_head.flow_model.velocity_net.blocks.0.net.4.bias - torch.Size([512]): 
The value is the same before and after calling `init_weights` of PETR  
 
2026-06-03 15:16:42,997 - mmcv - INFO - 
bbox_head.flow_model.velocity_net.blocks.1.net.0.weight - torch.Size([512]): 
The value is the same before and after calling `init_weights` of PETR  
 
2026-06-03 15:16:42,997 - mmcv - INFO - 
bbox_head.flow_model.velocity_net.blocks.1.net.0.bias - torch.Size([512]): 
The value is the same before and after calling `init_weights` of PETR  
 
2026-06-03 15:16:42,997 - mmcv - INFO - 
bbox_head.flow_model.velocity_net.blocks.1.net.1.weight - torch.Size([512, 512]): 
The value is the same before and after calling `init_weights` of PETR  
 
2026-06-03 15:16:42,997 - mmcv - INFO - 
bbox_head.flow_model.velocity_net.blocks.1.net.1.bias - torch.Size([512]): 
The value is the same before and after calling `init_weights` of PETR  
 
2026-06-03 15:16:42,997 - mmcv - INFO - 
bbox_head.flow_model.velocity_net.blocks.1.net.4.weight - torch.Size([512, 512]): 
The value is the same before and after calling `init_weights` of PETR  
 
2026-06-03 15:16:42,997 - mmcv - INFO - 
bbox_head.flow_model.velocity_net.blocks.1.net.4.bias - torch.Size([512]): 
The value is the same before and after calling `init_weights` of PETR  
 
2026-06-03 15:16:42,997 - mmcv - INFO - 
bbox_head.flow_model.velocity_net.blocks.2.net.0.weight - torch.Size([512]): 
The value is the same before and after calling `init_weights` of PETR  
 
2026-06-03 15:16:42,997 - mmcv - INFO - 
bbox_head.flow_model.velocity_net.blocks.2.net.0.bias - torch.Size([512]): 
The value is the same before and after calling `init_weights` of PETR  
 
2026-06-03 15:16:42,997 - mmcv - INFO - 
bbox_head.flow_model.velocity_net.blocks.2.net.1.weight - torch.Size([512, 512]): 
The value is the same before and after calling `init_weights` of PETR  
 
2026-06-03 15:16:42,997 - mmcv - INFO - 
bbox_head.flow_model.velocity_net.blocks.2.net.1.bias - torch.Size([512]): 
The value is the same before and after calling `init_weights` of PETR  
 
2026-06-03 15:16:42,997 - mmcv - INFO - 
bbox_head.flow_model.velocity_net.blocks.2.net.4.weight - torch.Size([512, 512]): 
The value is the same before and after calling `init_weights` of PETR  
 
2026-06-03 15:16:42,997 - mmcv - INFO - 
bbox_head.flow_model.velocity_net.blocks.2.net.4.bias - torch.Size([512]): 
The value is the same before and after calling `init_weights` of PETR  
 
2026-06-03 15:16:42,997 - mmcv - INFO - 
bbox_head.flow_model.velocity_net.output_norm.weight - torch.Size([512]): 
The value is the same before and after calling `init_weights` of PETR  
 
2026-06-03 15:16:42,998 - mmcv - INFO - 
bbox_head.flow_model.velocity_net.output_norm.bias - torch.Size([512]): 
The value is the same before and after calling `init_weights` of PETR  
 
2026-06-03 15:16:42,998 - mmcv - INFO - 
bbox_head.flow_model.velocity_net.final_linear.weight - torch.Size([42, 512]): 
The value is the same before and after calling `init_weights` of PETR  
 
2026-06-03 15:16:42,998 - mmcv - INFO - 
bbox_head.flow_model.velocity_net.final_linear.bias - torch.Size([42]): 
The value is the same before and after calling `init_weights` of PETR  
 
2026-06-03 15:16:43,184 - mmdet - INFO - Automatic scaling of learning rate (LR) has been disabled.
2026-06-03 15:16:43,203 - mmdet - INFO - Start running, host: root@cf7a4801a593, work_dir: /root/Person-in-WiFi-3D/work_dirs/wimamba_backbone_ablation_witidar_v2/M2D
2026-06-03 15:16:43,203 - mmdet - INFO - Hooks will be executed in the following order:
before_run:
(VERY_HIGH   ) StepLrUpdaterHook                  
(NORMAL      ) LatestCheckpointHook               
(LOW         ) EvalHook                           
(VERY_LOW    ) TextLoggerHook                     
 -------------------- 
before_train_epoch:
(VERY_HIGH   ) StepLrUpdaterHook                  
(NORMAL      ) NumClassCheckHook                  
(NORMAL      ) BoneLossWarmupHook                 
(LOW         ) IterTimerHook                      
(LOW         ) EvalHook                           
(VERY_LOW    ) TextLoggerHook                     
 -------------------- 
before_train_iter:
(VERY_HIGH   ) StepLrUpdaterHook                  
(LOW         ) IterTimerHook                      
(LOW         ) EvalHook                           
 -------------------- 
after_train_iter:
(ABOVE_NORMAL) OptimizerHook                      
(NORMAL      ) LatestCheckpointHook               
(LOW         ) IterTimerHook                      
(LOW         ) EvalHook                           
(VERY_LOW    ) TextLoggerHook                     
 -------------------- 
after_train_epoch:
(NORMAL      ) LatestCheckpointHook               
(LOW         ) EvalHook                           
(VERY_LOW    ) TextLoggerHook                     
 -------------------- 
before_val_epoch:
(NORMAL      ) NumClassCheckHook                  
(LOW         ) IterTimerHook                      
(VERY_LOW    ) TextLoggerHook                     
 -------------------- 
before_val_iter:
(LOW         ) IterTimerHook                      
 -------------------- 
after_val_iter:
(LOW         ) IterTimerHook                      
 -------------------- 
after_val_epoch:
(VERY_LOW    ) TextLoggerHook                     
 -------------------- 
after_run:
(VERY_LOW    ) TextLoggerHook                     
 -------------------- 
2026-06-03 15:16:43,203 - mmdet - INFO - workflow: [('train', 1)], max: 1 epochs
2026-06-03 15:16:43,203 - mmdet - INFO - Checkpoints will be saved to /root/Person-in-WiFi-3D/work_dirs/wimamba_backbone_ablation_witidar_v2/M2D by HardDiskBackend.
2026-06-03 15:16:43,205 - mmdet - INFO - [BoneLossWarmup] Epoch 1/1 | Warmup: 1e, Ramp: 1e | Bone weight -> 0.0000
>>> Successfully patched mmcv._get_stream for PyTorch 2.0 compatibility.
[WiTiDARHead] Loaded gt_bone_stats.json from /root/Person-in-WiFi-3D/gt_bone_stats.json
/usr/local/envs/opera/lib/python3.10/site-packages/mamba_ssm/ops/triton/ssd_chunk_state.py:845: UserWarning: cumsum_cuda_kernel does not have a deterministic implementation, but you set 'torch.use_deterministic_algorithms(True, warn_only=True)'. You can file an issue at https://github.com/pytorch/pytorch/issues to help us prioritize adding deterministic support for this operation. (Triggered internally at ../aten/src/ATen/Context.cpp:71.)
  torch.cumsum(ddA_cumsum, dim=-1, out=ddA_cumsum)
/usr/local/envs/opera/lib/python3.10/site-packages/mamba_ssm/ops/triton/ssd_combined.py:437: UserWarning: cumsum_cuda_kernel does not have a deterministic implementation, but you set 'torch.use_deterministic_algorithms(True, warn_only=True)'. You can file an issue at https://github.com/pytorch/pytorch/issues to help us prioritize adding deterministic support for this operation. (Triggered internally at ../aten/src/ATen/Context.cpp:71.)
  ddA_prev = ddA_cumsum_prev.flip([-1]).cumsum(dim=-1).flip([-1])
/usr/local/envs/opera/lib/python3.10/site-packages/mamba_ssm/ops/triton/ssd_chunk_state.py:845: UserWarning: cumsum_cuda_kernel does not have a deterministic implementation, but you set 'torch.use_deterministic_algorithms(True, warn_only=True)'. You can file an issue at https://github.com/pytorch/pytorch/issues to help us prioritize adding deterministic support for this operation. (Triggered internally at ../aten/src/ATen/Context.cpp:71.)
  torch.cumsum(ddA_cumsum, dim=-1, out=ddA_cumsum)
/usr/local/envs/opera/lib/python3.10/site-packages/mamba_ssm/ops/triton/ssd_combined.py:437: UserWarning: cumsum_cuda_kernel does not have a deterministic implementation, but you set 'torch.use_deterministic_algorithms(True, warn_only=True)'. You can file an issue at https://github.com/pytorch/pytorch/issues to help us prioritize adding deterministic support for this operation. (Triggered internally at ../aten/src/ATen/Context.cpp:71.)
  ddA_prev = ddA_cumsum_prev.flip([-1]).cumsum(dim=-1).flip([-1])
/usr/local/envs/opera/lib/python3.10/site-packages/mamba_ssm/ops/triton/ssd_combined.py:437: UserWarning: cumsum_cuda_kernel does not have a deterministic implementation, but you set 'torch.use_deterministic_algorithms(True, warn_only=True)'. You can file an issue at https://github.com/pytorch/pytorch/issues to help us prioritize adding deterministic support for this operation. (Triggered internally at ../aten/src/ATen/Context.cpp:71.)
  ddA_prev = ddA_cumsum_prev.flip([-1]).cumsum(dim=-1).flip([-1])
/usr/local/envs/opera/lib/python3.10/site-packages/mamba_ssm/ops/triton/ssd_chunk_state.py:845: UserWarning: cumsum_cuda_kernel does not have a deterministic implementation, but you set 'torch.use_deterministic_algorithms(True, warn_only=True)'. You can file an issue at https://github.com/pytorch/pytorch/issues to help us prioritize adding deterministic support for this operation. (Triggered internally at ../aten/src/ATen/Context.cpp:71.)
  torch.cumsum(ddA_cumsum, dim=-1, out=ddA_cumsum)
2026-06-03 15:18:26,633 - mmdet - INFO - Epoch [1][50/2811]	lr: 2.000e-06, eta: 1:35:11, time: 2.069, data_time: 0.071, memory: 2067, loss_cls: 2.2295, loss_kpt: 273.1196, loss_flow: 24.5735, loss_bone: 0.0000, loss: 299.9226, grad_norm: 750.2812
2026-06-03 15:18:52,570 - mmdet - INFO - Epoch [1][100/2811]	lr: 2.000e-06, eta: 0:58:27, time: 0.519, data_time: 0.021, memory: 2067, loss_cls: 2.1435, loss_kpt: 159.6134, loss_flow: 6.1861, loss_bone: 0.0000, loss: 167.9430, grad_norm: 528.7951
2026-06-03 15:19:16,880 - mmdet - INFO - Epoch [1][150/2811]	lr: 2.000e-06, eta: 0:45:26, time: 0.486, data_time: 0.020, memory: 2067, loss_cls: 1.9439, loss_kpt: 109.6054, loss_flow: 3.9362, loss_bone: 0.0000, loss: 115.4855, grad_norm: 402.3498
2026-06-03 15:19:40,801 - mmdet - INFO - Epoch [1][200/2811]	lr: 2.000e-06, eta: 0:38:38, time: 0.478, data_time: 0.020, memory: 2067, loss_cls: 1.4796, loss_kpt: 94.4039, loss_flow: 2.0629, loss_bone: 0.0000, loss: 97.9464, grad_norm: 351.6139
2026-06-03 15:20:04,999 - mmdet - INFO - Epoch [1][250/2811]	lr: 2.000e-06, eta: 0:34:27, time: 0.484, data_time: 0.021, memory: 2067, loss_cls: 1.0857, loss_kpt: 91.6552, loss_flow: 1.1482, loss_bone: 0.0000, loss: 93.8890, grad_norm: 328.9259
2026-06-03 15:20:29,633 - mmdet - INFO - Epoch [1][300/2811]	lr: 2.000e-06, eta: 0:31:35, time: 0.493, data_time: 0.020, memory: 2067, loss_cls: 0.9542, loss_kpt: 89.2147, loss_flow: 0.8184, loss_bone: 0.0000, loss: 90.9873, grad_norm: 398.5541
2026-06-03 15:20:51,786 - mmdet - INFO - Epoch [1][350/2811]	lr: 2.000e-06, eta: 0:29:07, time: 0.443, data_time: 0.020, memory: 2067, loss_cls: 0.9338, loss_kpt: 86.4367, loss_flow: 0.7974, loss_bone: 0.0000, loss: 88.1678, grad_norm: 509.0666
2026-06-03 15:21:14,223 - mmdet - INFO - Epoch [1][400/2811]	lr: 2.000e-06, eta: 0:27:13, time: 0.449, data_time: 0.019, memory: 2067, loss_cls: 0.9215, loss_kpt: 80.9100, loss_flow: 0.7451, loss_bone: 0.0000, loss: 82.5767, grad_norm: 743.6516
2026-06-03 15:21:37,165 - mmdet - INFO - Epoch [1][450/2811]	lr: 2.000e-06, eta: 0:25:42, time: 0.459, data_time: 0.020, memory: 2067, loss_cls: 0.9336, loss_kpt: 70.7747, loss_flow: 0.8004, loss_bone: 0.0000, loss: 72.5086, grad_norm: 1062.6279
2026-06-03 15:22:00,741 - mmdet - INFO - Epoch [1][500/2811]	lr: 2.000e-06, eta: 0:24:27, time: 0.472, data_time: 0.024, memory: 2067, loss_cls: 0.9207, loss_kpt: 59.7037, loss_flow: 0.9139, loss_bone: 0.0000, loss: 61.5384, grad_norm: 1363.2914
2026-06-03 15:22:26,018 - mmdet - INFO - Epoch [1][550/2811]	lr: 2.000e-06, eta: 0:23:29, time: 0.506, data_time: 0.022, memory: 2067, loss_cls: 0.8747, loss_kpt: 52.3619, loss_flow: 0.7576, loss_bone: 0.0000, loss: 53.9942, grad_norm: 1272.0833
2026-06-03 15:22:50,120 - mmdet - INFO - Epoch [1][600/2811]	lr: 2.000e-06, eta: 0:22:32, time: 0.482, data_time: 0.021, memory: 2067, loss_cls: 0.8536, loss_kpt: 48.1985, loss_flow: 0.6722, loss_bone: 0.0000, loss: 49.7243, grad_norm: 1010.6328
2026-06-03 15:23:14,991 - mmdet - INFO - Epoch [1][650/2811]	lr: 2.000e-06, eta: 0:21:42, time: 0.497, data_time: 0.021, memory: 2067, loss_cls: 0.8139, loss_kpt: 46.9157, loss_flow: 0.6819, loss_bone: 0.0000, loss: 48.4114, grad_norm: 1198.1144
2026-06-03 15:23:39,046 - mmdet - INFO - Epoch [1][700/2811]	lr: 2.000e-06, eta: 0:20:54, time: 0.481, data_time: 0.021, memory: 2067, loss_cls: 0.7538, loss_kpt: 41.7899, loss_flow: 0.6043, loss_bone: 0.0000, loss: 43.1480, grad_norm: 1357.3798
2026-06-03 15:24:05,847 - mmdet - INFO - Epoch [1][750/2811]	lr: 2.000e-06, eta: 0:20:16, time: 0.536, data_time: 0.021, memory: 2067, loss_cls: 0.7544, loss_kpt: 39.9473, loss_flow: 0.5656, loss_bone: 0.0000, loss: 41.2673, grad_norm: 1165.4996
2026-06-03 15:24:32,178 - mmdet - INFO - Epoch [1][800/2811]	lr: 2.000e-06, eta: 0:19:38, time: 0.527, data_time: 0.020, memory: 2067, loss_cls: 0.7388, loss_kpt: 39.4545, loss_flow: 0.5616, loss_bone: 0.0000, loss: 40.7549, grad_norm: 1066.3567
2026-06-03 15:24:58,006 - mmdet - INFO - Epoch [1][850/2811]	lr: 2.000e-06, eta: 0:19:01, time: 0.517, data_time: 0.021, memory: 2067, loss_cls: 0.7312, loss_kpt: 36.8169, loss_flow: 0.4919, loss_bone: 0.0000, loss: 38.0400, grad_norm: 1090.7330
2026-06-03 15:25:22,693 - mmdet - INFO - Epoch [1][900/2811]	lr: 2.000e-06, eta: 0:18:23, time: 0.494, data_time: 0.021, memory: 2067, loss_cls: 0.7239, loss_kpt: 35.8077, loss_flow: 0.4807, loss_bone: 0.0000, loss: 37.0122, grad_norm: 962.5657
2026-06-03 15:25:45,707 - mmdet - INFO - Epoch [1][950/2811]	lr: 2.000e-06, eta: 0:17:42, time: 0.460, data_time: 0.019, memory: 2067, loss_cls: 0.7029, loss_kpt: 34.6151, loss_flow: 0.4687, loss_bone: 0.0000, loss: 35.7866, grad_norm: 905.6607
2026-06-03 15:26:05,686 - mmdet - INFO - Exp name: wi_tidir_wifi_mamba2_dropin.py
2026-06-03 15:26:05,687 - mmdet - INFO - Epoch [1][1000/2811]	lr: 2.000e-06, eta: 0:16:58, time: 0.400, data_time: 0.018, memory: 2067, loss_cls: 0.6993, loss_kpt: 33.4480, loss_flow: 0.4406, loss_bone: 0.0000, loss: 34.5879, grad_norm: 903.2549
2026-06-03 15:26:26,005 - mmdet - INFO - Epoch [1][1050/2811]	lr: 2.000e-06, eta: 0:16:17, time: 0.406, data_time: 0.018, memory: 2067, loss_cls: 0.6908, loss_kpt: 33.4932, loss_flow: 0.4478, loss_bone: 0.0000, loss: 34.6318, grad_norm: 880.7914
2026-06-03 15:26:50,503 - mmdet - INFO - Epoch [1][1100/2811]	lr: 2.000e-06, eta: 0:15:44, time: 0.490, data_time: 0.020, memory: 2067, loss_cls: 0.6820, loss_kpt: 32.1381, loss_flow: 0.4343, loss_bone: 0.0000, loss: 33.2544, grad_norm: 759.1306
2026-06-03 15:27:11,839 - mmdet - INFO - Epoch [1][1150/2811]	lr: 2.000e-06, eta: 0:15:07, time: 0.427, data_time: 0.019, memory: 2067, loss_cls: 0.6653, loss_kpt: 32.9511, loss_flow: 0.4323, loss_bone: 0.0000, loss: 34.0486, grad_norm: 826.5827
2026-06-03 15:27:34,668 - mmdet - INFO - Epoch [1][1200/2811]	lr: 2.000e-06, eta: 0:14:34, time: 0.457, data_time: 0.020, memory: 2067, loss_cls: 0.6529, loss_kpt: 31.6105, loss_flow: 0.4130, loss_bone: 0.0000, loss: 32.6763, grad_norm: 669.6346
2026-06-03 15:28:00,093 - mmdet - INFO - Epoch [1][1250/2811]	lr: 2.000e-06, eta: 0:14:05, time: 0.509, data_time: 0.019, memory: 2067, loss_cls: 0.6380, loss_kpt: 31.6544, loss_flow: 0.4098, loss_bone: 0.0000, loss: 32.7021, grad_norm: 712.3869
2026-06-03 15:28:25,739 - mmdet - INFO - Epoch [1][1300/2811]	lr: 2.000e-06, eta: 0:13:36, time: 0.513, data_time: 0.019, memory: 2067, loss_cls: 0.6301, loss_kpt: 31.2430, loss_flow: 0.3983, loss_bone: 0.0000, loss: 32.2713, grad_norm: 691.1389
2026-06-03 15:28:48,827 - mmdet - INFO - Epoch [1][1350/2811]	lr: 2.000e-06, eta: 0:13:05, time: 0.462, data_time: 0.020, memory: 2067, loss_cls: 0.6236, loss_kpt: 31.1893, loss_flow: 0.3947, loss_bone: 0.0000, loss: 32.2076, grad_norm: 644.3754
2026-06-03 15:29:12,322 - mmdet - INFO - Epoch [1][1400/2811]	lr: 2.000e-06, eta: 0:12:34, time: 0.470, data_time: 0.019, memory: 2067, loss_cls: 0.6220, loss_kpt: 30.7543, loss_flow: 0.3785, loss_bone: 0.0000, loss: 31.7548, grad_norm: 604.4248
2026-06-03 15:29:36,757 - mmdet - INFO - Epoch [1][1450/2811]	lr: 2.000e-06, eta: 0:12:06, time: 0.489, data_time: 0.021, memory: 2067, loss_cls: 0.6142, loss_kpt: 29.9316, loss_flow: 0.3671, loss_bone: 0.0000, loss: 30.9129, grad_norm: 632.0476
2026-06-03 15:30:02,697 - mmdet - INFO - Epoch [1][1500/2811]	lr: 2.000e-06, eta: 0:11:38, time: 0.519, data_time: 0.021, memory: 2067, loss_cls: 0.6112, loss_kpt: 29.8826, loss_flow: 0.3650, loss_bone: 0.0000, loss: 30.8588, grad_norm: 728.4127
2026-06-03 15:30:28,517 - mmdet - INFO - Epoch [1][1550/2811]	lr: 2.000e-06, eta: 0:11:11, time: 0.516, data_time: 0.020, memory: 2067, loss_cls: 0.6068, loss_kpt: 29.2775, loss_flow: 0.3564, loss_bone: 0.0000, loss: 30.2407, grad_norm: 601.7429
2026-06-03 15:30:54,732 - mmdet - INFO - Epoch [1][1600/2811]	lr: 2.000e-06, eta: 0:10:44, time: 0.524, data_time: 0.021, memory: 2067, loss_cls: 0.6060, loss_kpt: 29.1810, loss_flow: 0.3520, loss_bone: 0.0000, loss: 30.1390, grad_norm: 625.8315
2026-06-03 15:31:19,318 - mmdet - INFO - Epoch [1][1650/2811]	lr: 2.000e-06, eta: 0:10:16, time: 0.492, data_time: 0.021, memory: 2067, loss_cls: 0.6016, loss_kpt: 28.2309, loss_flow: 0.3456, loss_bone: 0.0000, loss: 29.1781, grad_norm: 526.7317
2026-06-03 15:31:42,925 - mmdet - INFO - Epoch [1][1700/2811]	lr: 2.000e-06, eta: 0:09:47, time: 0.472, data_time: 0.020, memory: 2067, loss_cls: 0.6041, loss_kpt: 28.3045, loss_flow: 0.3399, loss_bone: 0.0000, loss: 29.2484, grad_norm: 550.8136
2026-06-03 15:32:06,039 - mmdet - INFO - Epoch [1][1750/2811]	lr: 2.000e-06, eta: 0:09:19, time: 0.462, data_time: 0.021, memory: 2067, loss_cls: 0.6049, loss_kpt: 28.5904, loss_flow: 0.3473, loss_bone: 0.0000, loss: 29.5425, grad_norm: 579.7820
2026-06-03 15:32:27,041 - mmdet - INFO - Epoch [1][1800/2811]	lr: 2.000e-06, eta: 0:08:50, time: 0.420, data_time: 0.018, memory: 2067, loss_cls: 0.5952, loss_kpt: 28.3054, loss_flow: 0.3331, loss_bone: 0.0000, loss: 29.2337, grad_norm: 551.4269
2026-06-03 15:32:50,306 - mmdet - INFO - Epoch [1][1850/2811]	lr: 2.000e-06, eta: 0:08:22, time: 0.465, data_time: 0.021, memory: 2067, loss_cls: 0.5982, loss_kpt: 27.6028, loss_flow: 0.3237, loss_bone: 0.0000, loss: 28.5248, grad_norm: 541.2010
2026-06-03 15:33:13,165 - mmdet - INFO - Epoch [1][1900/2811]	lr: 2.000e-06, eta: 0:07:54, time: 0.457, data_time: 0.021, memory: 2067, loss_cls: 0.5982, loss_kpt: 28.4786, loss_flow: 0.3264, loss_bone: 0.0000, loss: 29.4032, grad_norm: 569.1621
2026-06-03 15:33:36,031 - mmdet - INFO - Epoch [1][1950/2811]	lr: 2.000e-06, eta: 0:07:27, time: 0.457, data_time: 0.020, memory: 2067, loss_cls: 0.5870, loss_kpt: 28.5341, loss_flow: 0.3214, loss_bone: 0.0000, loss: 29.4425, grad_norm: 516.8010
2026-06-03 15:34:00,345 - mmdet - INFO - Exp name: wi_tidir_wifi_mamba2_dropin.py
2026-06-03 15:34:00,346 - mmdet - INFO - Epoch [1][2000/2811]	lr: 2.000e-06, eta: 0:07:00, time: 0.486, data_time: 0.021, memory: 2067, loss_cls: 0.5853, loss_kpt: 28.3174, loss_flow: 0.3194, loss_bone: 0.0000, loss: 29.2221, grad_norm: 480.0532
2026-06-03 15:34:24,339 - mmdet - INFO - Epoch [1][2050/2811]	lr: 2.000e-06, eta: 0:06:33, time: 0.480, data_time: 0.021, memory: 2067, loss_cls: 0.5876, loss_kpt: 27.8744, loss_flow: 0.3207, loss_bone: 0.0000, loss: 28.7827, grad_norm: 494.1249
2026-06-03 15:34:47,322 - mmdet - INFO - Epoch [1][2100/2811]	lr: 2.000e-06, eta: 0:06:07, time: 0.460, data_time: 0.020, memory: 2067, loss_cls: 0.5802, loss_kpt: 28.0619, loss_flow: 0.3125, loss_bone: 0.0000, loss: 28.9547, grad_norm: 494.6193
2026-06-03 15:35:10,324 - mmdet - INFO - Epoch [1][2150/2811]	lr: 2.000e-06, eta: 0:05:40, time: 0.460, data_time: 0.020, memory: 2067, loss_cls: 0.5822, loss_kpt: 27.9293, loss_flow: 0.3089, loss_bone: 0.0000, loss: 28.8205, grad_norm: 482.2285
2026-06-03 15:35:33,374 - mmdet - INFO - Epoch [1][2200/2811]	lr: 2.000e-06, eta: 0:05:13, time: 0.461, data_time: 0.021, memory: 2067, loss_cls: 0.5731, loss_kpt: 28.1232, loss_flow: 0.3119, loss_bone: 0.0000, loss: 29.0082, grad_norm: 550.4922
2026-06-03 15:35:56,304 - mmdet - INFO - Epoch [1][2250/2811]	lr: 2.000e-06, eta: 0:04:47, time: 0.459, data_time: 0.021, memory: 2067, loss_cls: 0.5732, loss_kpt: 27.4708, loss_flow: 0.2972, loss_bone: 0.0000, loss: 28.3412, grad_norm: 450.8116
2026-06-03 15:36:19,247 - mmdet - INFO - Epoch [1][2300/2811]	lr: 2.000e-06, eta: 0:04:21, time: 0.459, data_time: 0.021, memory: 2067, loss_cls: 0.5775, loss_kpt: 27.4653, loss_flow: 0.2991, loss_bone: 0.0000, loss: 28.3419, grad_norm: 416.6354
2026-06-03 15:36:42,495 - mmdet - INFO - Epoch [1][2350/2811]	lr: 2.000e-06, eta: 0:03:55, time: 0.465, data_time: 0.021, memory: 2067, loss_cls: 0.5774, loss_kpt: 27.5476, loss_flow: 0.3036, loss_bone: 0.0000, loss: 28.4286, grad_norm: 496.3189
2026-06-03 15:37:05,595 - mmdet - INFO - Epoch [1][2400/2811]	lr: 2.000e-06, eta: 0:03:29, time: 0.462, data_time: 0.021, memory: 2067, loss_cls: 0.5724, loss_kpt: 27.2509, loss_flow: 0.3016, loss_bone: 0.0000, loss: 28.1249, grad_norm: 441.4558
2026-06-03 15:37:28,709 - mmdet - INFO - Epoch [1][2450/2811]	lr: 2.000e-06, eta: 0:03:03, time: 0.462, data_time: 0.021, memory: 2067, loss_cls: 0.5667, loss_kpt: 27.4199, loss_flow: 0.2984, loss_bone: 0.0000, loss: 28.2851, grad_norm: 464.4105
2026-06-03 15:37:51,650 - mmdet - INFO - Epoch [1][2500/2811]	lr: 2.000e-06, eta: 0:02:37, time: 0.459, data_time: 0.020, memory: 2067, loss_cls: 0.5669, loss_kpt: 27.1995, loss_flow: 0.2945, loss_bone: 0.0000, loss: 28.0609, grad_norm: 432.3053
2026-06-03 15:38:15,626 - mmdet - INFO - Epoch [1][2550/2811]	lr: 2.000e-06, eta: 0:02:12, time: 0.480, data_time: 0.020, memory: 2067, loss_cls: 0.5654, loss_kpt: 27.3814, loss_flow: 0.2964, loss_bone: 0.0000, loss: 28.2431, grad_norm: 443.0515
2026-06-03 15:38:40,071 - mmdet - INFO - Epoch [1][2600/2811]	lr: 2.000e-06, eta: 0:01:46, time: 0.489, data_time: 0.020, memory: 2067, loss_cls: 0.5639, loss_kpt: 27.2058, loss_flow: 0.2905, loss_bone: 0.0000, loss: 28.0602, grad_norm: 450.7139
2026-06-03 15:39:03,728 - mmdet - INFO - Epoch [1][2650/2811]	lr: 2.000e-06, eta: 0:01:21, time: 0.473, data_time: 0.021, memory: 2067, loss_cls: 0.5585, loss_kpt: 27.6551, loss_flow: 0.2929, loss_bone: 0.0000, loss: 28.5065, grad_norm: 416.7228
2026-06-03 15:39:27,473 - mmdet - INFO - Epoch [1][2700/2811]	lr: 2.000e-06, eta: 0:00:56, time: 0.475, data_time: 0.021, memory: 2067, loss_cls: 0.5558, loss_kpt: 27.3876, loss_flow: 0.2928, loss_bone: 0.0000, loss: 28.2361, grad_norm: 404.3224
2026-06-03 15:39:50,326 - mmdet - INFO - Epoch [1][2750/2811]	lr: 2.000e-06, eta: 0:00:30, time: 0.457, data_time: 0.021, memory: 2067, loss_cls: 0.5562, loss_kpt: 27.4255, loss_flow: 0.3113, loss_bone: 0.0000, loss: 28.2930, grad_norm: 429.4994
2026-06-03 15:40:13,374 - mmdet - INFO - Epoch [1][2800/2811]	lr: 2.000e-06, eta: 0:00:05, time: 0.461, data_time: 0.021, memory: 2067, loss_cls: 0.5513, loss_kpt: 27.1390, loss_flow: 0.2909, loss_bone: 0.0000, loss: 27.9812, grad_norm: 425.8647
2026-06-03 15:40:18,543 - mmdet - INFO - Updating latest checkpoint at 1 epochs
